###############################################################################
#
# IAR ELF Linker V9.32.1.338/W64 for ARM                  13/Jan/2025  10:14:31
# Copyright 2007-2022 IAR Systems AB.
#
#    Output file  =
#        C:\Users\chris.king\Source\GlobalScaleRT1024\flexspi_nor_sdram_debug\Exe\globalScaleRT1024.out
#    Map file     =
#        C:\Users\chris.king\Source\GlobalScaleRT1024\flexspi_nor_sdram_debug\List\globalScaleRT1024.map
#    Command line =
#        -f
#        C:\Users\chris.king\Source\GlobalScaleRT1024\flexspi_nor_sdram_debug\Exe\globalScaleRT1024.out.rsp
#        (C:\Users\chris.king\Source\GlobalScaleRT1024\flexspi_nor_sdram_debug\Obj\source\printer\averyCutter.o
#        C:\Users\chris.king\Source\GlobalScaleRT1024\flexspi_nor_sdram_debug\Obj\source\weigher\averyWeigher.o
#        C:\Users\chris.king\Source\GlobalScaleRT1024\flexspi_nor_sdram_debug\Obj\board\board.o
#        C:\Users\chris.king\Source\GlobalScaleRT1024\flexspi_nor_sdram_debug\Obj\source\weigher\boxcarFilter.o
#        C:\Users\chris.king\Source\GlobalScaleRT1024\flexspi_nor_sdram_debug\Obj\source\weigher\boxcarFilterF.o
#        C:\Users\chris.king\Source\GlobalScaleRT1024\flexspi_nor_sdram_debug\Obj\source\weigher\cat3Audit.o
#        C:\Users\chris.king\Source\GlobalScaleRT1024\flexspi_nor_sdram_debug\Obj\board\clock_config.o
#        C:\Users\chris.king\Source\GlobalScaleRT1024\flexspi_nor_sdram_debug\Obj\include\commandTable.o
#        C:\Users\chris.king\Source\GlobalScaleRT1024\flexspi_nor_sdram_debug\Obj\freertos\freertos_kernel\croutine.o
#        C:\Users\chris.king\Source\GlobalScaleRT1024\flexspi_nor_sdram_debug\Obj\source\weigher\cs5530.o
#        C:\Users\chris.king\Source\GlobalScaleRT1024\flexspi_nor_sdram_debug\Obj\board\dcd.o
#        C:\Users\chris.king\Source\GlobalScaleRT1024\flexspi_nor_sdram_debug\Obj\source\system\developmentTools.o
#        C:\Users\chris.king\Source\GlobalScaleRT1024\flexspi_nor_sdram_debug\Obj\source\printer\dotWearTask.o
#        C:\Users\chris.king\Source\GlobalScaleRT1024\flexspi_nor_sdram_debug\Obj\source\printer\drawingPrimitives.o
#        C:\Users\chris.king\Source\GlobalScaleRT1024\flexspi_nor_sdram_debug\Obj\source\printer\dvr8818.o
#        C:\Users\chris.king\Source\GlobalScaleRT1024\flexspi_nor_sdram_debug\Obj\source\weigher\edgeDetection.o
#        C:\Users\chris.king\Source\GlobalScaleRT1024\flexspi_nor_sdram_debug\Obj\source\valueMax\eep93C56.o
#        C:\Users\chris.king\Source\GlobalScaleRT1024\flexspi_nor_sdram_debug\Obj\freertos\freertos_kernel\event_groups.o
#        C:\Users\chris.king\Source\GlobalScaleRT1024\flexspi_nor_sdram_debug\Obj\xip\evkmimxrt1024_flexspi_nor_config.o
#        C:\Users\chris.king\Source\GlobalScaleRT1024\flexspi_nor_sdram_debug\Obj\source\weigher\filter.o
#        C:\Users\chris.king\Source\GlobalScaleRT1024\flexspi_nor_sdram_debug\Obj\source\weigher\firFilter.o
#        C:\Users\chris.king\Source\GlobalScaleRT1024\flexspi_nor_sdram_debug\Obj\utilities\common\uart\fsl_adapter_lpuart.o
#        C:\Users\chris.king\Source\GlobalScaleRT1024\flexspi_nor_sdram_debug\Obj\drivers\fsl_adc.o
#        C:\Users\chris.king\Source\GlobalScaleRT1024\flexspi_nor_sdram_debug\Obj\drivers\fsl_adc_etc.o
#        C:\Users\chris.king\Source\GlobalScaleRT1024\flexspi_nor_sdram_debug\Obj\drivers\fsl_aipstz.o
#        C:\Users\chris.king\Source\GlobalScaleRT1024\flexspi_nor_sdram_debug\Obj\drivers\fsl_aoi.o
#        C:\Users\chris.king\Source\GlobalScaleRT1024\flexspi_nor_sdram_debug\Obj\utilities\fsl_assert.o
#        C:\Users\chris.king\Source\GlobalScaleRT1024\flexspi_nor_sdram_debug\Obj\drivers\fsl_bee.o
#        C:\Users\chris.king\Source\GlobalScaleRT1024\flexspi_nor_sdram_debug\Obj\drivers\fsl_cache.o
#        C:\Users\chris.king\Source\GlobalScaleRT1024\flexspi_nor_sdram_debug\Obj\drivers\fsl_clock.o
#        C:\Users\chris.king\Source\GlobalScaleRT1024\flexspi_nor_sdram_debug\Obj\drivers\fsl_cmp.o
#        C:\Users\chris.king\Source\GlobalScaleRT1024\flexspi_nor_sdram_debug\Obj\drivers\fsl_common.o
#        C:\Users\chris.king\Source\GlobalScaleRT1024\flexspi_nor_sdram_debug\Obj\drivers\fsl_common_arm.o
#        C:\Users\chris.king\Source\GlobalScaleRT1024\flexspi_nor_sdram_debug\Obj\components\exceptions\fsl_component_exception_handling.o
#        C:\Users\chris.king\Source\GlobalScaleRT1024\flexspi_nor_sdram_debug\Obj\components\list\fsl_component_generic_list.o
#        C:\Users\chris.king\Source\GlobalScaleRT1024\flexspi_nor_sdram_debug\Obj\utilities\common\fsl_component_serial_manager.o
#        C:\Users\chris.king\Source\GlobalScaleRT1024\flexspi_nor_sdram_debug\Obj\utilities\common\fsl_component_serial_port_uart.o
#        C:\Users\chris.king\Source\GlobalScaleRT1024\flexspi_nor_sdram_debug\Obj\drivers\fsl_dcdc.o
#        C:\Users\chris.king\Source\GlobalScaleRT1024\flexspi_nor_sdram_debug\Obj\drivers\fsl_dcp.o
#        C:\Users\chris.king\Source\GlobalScaleRT1024\flexspi_nor_sdram_debug\Obj\utilities\fsl_debug_console.o
#        C:\Users\chris.king\Source\GlobalScaleRT1024\flexspi_nor_sdram_debug\Obj\drivers\fsl_dmamux.o
#        C:\Users\chris.king\Source\GlobalScaleRT1024\flexspi_nor_sdram_debug\Obj\drivers\fsl_edma.o
#        C:\Users\chris.king\Source\GlobalScaleRT1024\flexspi_nor_sdram_debug\Obj\drivers\fsl_enc.o
#        C:\Users\chris.king\Source\GlobalScaleRT1024\flexspi_nor_sdram_debug\Obj\drivers\fsl_enet.o
#        C:\Users\chris.king\Source\GlobalScaleRT1024\flexspi_nor_sdram_debug\Obj\drivers\fsl_ewm.o
#        C:\Users\chris.king\Source\GlobalScaleRT1024\flexspi_nor_sdram_debug\Obj\drivers\fsl_flexcan.o
#        C:\Users\chris.king\Source\GlobalScaleRT1024\flexspi_nor_sdram_debug\Obj\drivers\fsl_flexio.o
#        C:\Users\chris.king\Source\GlobalScaleRT1024\flexspi_nor_sdram_debug\Obj\drivers\fsl_flexio_camera.o
#        C:\Users\chris.king\Source\GlobalScaleRT1024\flexspi_nor_sdram_debug\Obj\drivers\fsl_flexio_camera_edma.o
#        C:\Users\chris.king\Source\GlobalScaleRT1024\flexspi_nor_sdram_debug\Obj\drivers\fsl_flexio_i2c_master.o
#        C:\Users\chris.king\Source\GlobalScaleRT1024\flexspi_nor_sdram_debug\Obj\drivers\fsl_flexio_i2s.o
#        C:\Users\chris.king\Source\GlobalScaleRT1024\flexspi_nor_sdram_debug\Obj\drivers\fsl_flexio_i2s_edma.o
#        C:\Users\chris.king\Source\GlobalScaleRT1024\flexspi_nor_sdram_debug\Obj\drivers\fsl_flexio_mculcd.o
#        C:\Users\chris.king\Source\GlobalScaleRT1024\flexspi_nor_sdram_debug\Obj\drivers\fsl_flexio_mculcd_edma.o
#        C:\Users\chris.king\Source\GlobalScaleRT1024\flexspi_nor_sdram_debug\Obj\drivers\fsl_flexio_spi.o
#        C:\Users\chris.king\Source\GlobalScaleRT1024\flexspi_nor_sdram_debug\Obj\drivers\fsl_flexio_spi_edma.o
#        C:\Users\chris.king\Source\GlobalScaleRT1024\flexspi_nor_sdram_debug\Obj\drivers\fsl_flexio_uart.o
#        C:\Users\chris.king\Source\GlobalScaleRT1024\flexspi_nor_sdram_debug\Obj\drivers\fsl_flexio_uart_edma.o
#        C:\Users\chris.king\Source\GlobalScaleRT1024\flexspi_nor_sdram_debug\Obj\drivers\fsl_flexram.o
#        C:\Users\chris.king\Source\GlobalScaleRT1024\flexspi_nor_sdram_debug\Obj\drivers\fsl_flexram_allocate.o
#        C:\Users\chris.king\Source\GlobalScaleRT1024\flexspi_nor_sdram_debug\Obj\drivers\fsl_flexspi.o
#        C:\Users\chris.king\Source\GlobalScaleRT1024\flexspi_nor_sdram_debug\Obj\drivers\fsl_flexspi_edma.o
#        C:\Users\chris.king\Source\GlobalScaleRT1024\flexspi_nor_sdram_debug\Obj\xip\fsl_flexspi_nor_boot.o
#        C:\Users\chris.king\Source\GlobalScaleRT1024\flexspi_nor_sdram_debug\Obj\drivers\fsl_gpc.o
#        C:\Users\chris.king\Source\GlobalScaleRT1024\flexspi_nor_sdram_debug\Obj\drivers\fsl_gpio.o
#        C:\Users\chris.king\Source\GlobalScaleRT1024\flexspi_nor_sdram_debug\Obj\drivers\fsl_gpt.o
#        C:\Users\chris.king\Source\GlobalScaleRT1024\flexspi_nor_sdram_debug\Obj\drivers\fsl_kpp.o
#        C:\Users\chris.king\Source\GlobalScaleRT1024\flexspi_nor_sdram_debug\Obj\drivers\fsl_lpi2c.o
#        C:\Users\chris.king\Source\GlobalScaleRT1024\flexspi_nor_sdram_debug\Obj\drivers\fsl_lpi2c_edma.o
#        C:\Users\chris.king\Source\GlobalScaleRT1024\flexspi_nor_sdram_debug\Obj\drivers\fsl_lpi2c_freertos.o
#        C:\Users\chris.king\Source\GlobalScaleRT1024\flexspi_nor_sdram_debug\Obj\drivers\fsl_lpspi.o
#        C:\Users\chris.king\Source\GlobalScaleRT1024\flexspi_nor_sdram_debug\Obj\drivers\fsl_lpspi_edma.o
#        C:\Users\chris.king\Source\GlobalScaleRT1024\flexspi_nor_sdram_debug\Obj\drivers\fsl_lpspi_freertos.o
#        C:\Users\chris.king\Source\GlobalScaleRT1024\flexspi_nor_sdram_debug\Obj\drivers\fsl_lpuart.o
#        C:\Users\chris.king\Source\GlobalScaleRT1024\flexspi_nor_sdram_debug\Obj\drivers\fsl_lpuart_edma.o
#        C:\Users\chris.king\Source\GlobalScaleRT1024\flexspi_nor_sdram_debug\Obj\drivers\fsl_lpuart_freertos.o
#        C:\Users\chris.king\Source\GlobalScaleRT1024\flexspi_nor_sdram_debug\Obj\drivers\fsl_ocotp.o
#        C:\Users\chris.king\Source\GlobalScaleRT1024\flexspi_nor_sdram_debug\Obj\components\osa\fsl_os_abstraction_free_rtos.o
#        C:\Users\chris.king\Source\GlobalScaleRT1024\flexspi_nor_sdram_debug\Obj\drivers\fsl_pit.o
#        C:\Users\chris.king\Source\GlobalScaleRT1024\flexspi_nor_sdram_debug\Obj\drivers\fsl_pmu.o
#        C:\Users\chris.king\Source\GlobalScaleRT1024\flexspi_nor_sdram_debug\Obj\drivers\fsl_pwm.o
#        C:\Users\chris.king\Source\GlobalScaleRT1024\flexspi_nor_sdram_debug\Obj\drivers\fsl_qtmr.o
#        C:\Users\chris.king\Source\GlobalScaleRT1024\flexspi_nor_sdram_debug\Obj\drivers\fsl_romapi.o
#        C:\Users\chris.king\Source\GlobalScaleRT1024\flexspi_nor_sdram_debug\Obj\drivers\fsl_rtwdog.o
#        C:\Users\chris.king\Source\GlobalScaleRT1024\flexspi_nor_sdram_debug\Obj\drivers\fsl_sai.o
#        C:\Users\chris.king\Source\GlobalScaleRT1024\flexspi_nor_sdram_debug\Obj\drivers\fsl_sai_edma.o
#        C:\Users\chris.king\Source\GlobalScaleRT1024\flexspi_nor_sdram_debug\Obj\drivers\fsl_semc.o
#        C:\Users\chris.king\Source\GlobalScaleRT1024\flexspi_nor_sdram_debug\Obj\drivers\fsl_snvs_hp.o
#        C:\Users\chris.king\Source\GlobalScaleRT1024\flexspi_nor_sdram_debug\Obj\drivers\fsl_snvs_lp.o
#        C:\Users\chris.king\Source\GlobalScaleRT1024\flexspi_nor_sdram_debug\Obj\drivers\fsl_spdif.o
#        C:\Users\chris.king\Source\GlobalScaleRT1024\flexspi_nor_sdram_debug\Obj\drivers\fsl_spdif_edma.o
#        C:\Users\chris.king\Source\GlobalScaleRT1024\flexspi_nor_sdram_debug\Obj\drivers\fsl_src.o
#        C:\Users\chris.king\Source\GlobalScaleRT1024\flexspi_nor_sdram_debug\Obj\utilities\fsl_str.o
#        C:\Users\chris.king\Source\GlobalScaleRT1024\flexspi_nor_sdram_debug\Obj\drivers\fsl_tempmon.o
#        C:\Users\chris.king\Source\GlobalScaleRT1024\flexspi_nor_sdram_debug\Obj\drivers\fsl_trng.o
#        C:\Users\chris.king\Source\GlobalScaleRT1024\flexspi_nor_sdram_debug\Obj\drivers\fsl_usdhc.o
#        C:\Users\chris.king\Source\GlobalScaleRT1024\flexspi_nor_sdram_debug\Obj\drivers\fsl_wdog.o
#        C:\Users\chris.king\Source\GlobalScaleRT1024\flexspi_nor_sdram_debug\Obj\drivers\fsl_xbara.o
#        C:\Users\chris.king\Source\GlobalScaleRT1024\flexspi_nor_sdram_debug\Obj\drivers\fsl_xbarb.o
#        C:\Users\chris.king\Source\GlobalScaleRT1024\flexspi_nor_sdram_debug\Obj\source\printer\globalPrinterTask.o
#        C:\Users\chris.king\Source\GlobalScaleRT1024\flexspi_nor_sdram_debug\Obj\source\globalScale.o
#        C:\Users\chris.king\Source\GlobalScaleRT1024\flexspi_nor_sdram_debug\Obj\freertos\freertos_kernel\portable\MemMang\heap_4.o
#        C:\Users\chris.king\Source\GlobalScaleRT1024\flexspi_nor_sdram_debug\Obj\source\system\idleTask.o
#        C:\Users\chris.king\Source\GlobalScaleRT1024\flexspi_nor_sdram_debug\Obj\freertos\freertos_kernel\list.o
#        C:\Users\chris.king\Source\GlobalScaleRT1024\flexspi_nor_sdram_debug\Obj\source\system\lp5521.o
#        C:\Users\chris.king\Source\GlobalScaleRT1024\flexspi_nor_sdram_debug\Obj\board\pin_mux.o
#        C:\Users\chris.king\Source\GlobalScaleRT1024\flexspi_nor_sdram_debug\Obj\freertos\freertos_kernel\portable\IAR\ARM_CM4F\port.o
#        C:\Users\chris.king\Source\GlobalScaleRT1024\flexspi_nor_sdram_debug\Obj\freertos\freertos_kernel\portable\IAR\ARM_CM4F\portasm.o
#        C:\Users\chris.king\Source\GlobalScaleRT1024\flexspi_nor_sdram_debug\Obj\source\printer\printEngine.o
#        C:\Users\chris.king\Source\GlobalScaleRT1024\flexspi_nor_sdram_debug\Obj\source\printer\printHead.o
#        C:\Users\chris.king\Source\GlobalScaleRT1024\flexspi_nor_sdram_debug\Obj\freertos\freertos_kernel\queue.o
#        C:\Users\chris.king\Source\GlobalScaleRT1024\flexspi_nor_sdram_debug\Obj\source\system\queueManager.o
#        C:\Users\chris.king\Source\GlobalScaleRT1024\flexspi_nor_sdram_debug\Obj\source\valueMax\sca3300Accel.o
#        C:\Users\chris.king\Source\GlobalScaleRT1024\flexspi_nor_sdram_debug\Obj\source\system\sensors.o
#        C:\Users\chris.king\Source\GlobalScaleRT1024\flexspi_nor_sdram_debug\Obj\source\system\serialFlash.o
#        C:\Users\chris.king\Source\GlobalScaleRT1024\flexspi_nor_sdram_debug\Obj\startup\startup_MIMXRT1024.o
#        C:\Users\chris.king\Source\GlobalScaleRT1024\flexspi_nor_sdram_debug\Obj\freertos\freertos_kernel\stream_buffer.o
#        C:\Users\chris.king\Source\GlobalScaleRT1024\flexspi_nor_sdram_debug\Obj\MIMXRT1024\device\system_MIMXRT1024.o
#        C:\Users\chris.king\Source\GlobalScaleRT1024\flexspi_nor_sdram_debug\Obj\source\system\systemTimer.o
#        C:\Users\chris.king\Source\GlobalScaleRT1024\flexspi_nor_sdram_debug\Obj\source\printer\takeupMotor.o
#        C:\Users\chris.king\Source\GlobalScaleRT1024\flexspi_nor_sdram_debug\Obj\freertos\freertos_kernel\tasks.o
#        C:\Users\chris.king\Source\GlobalScaleRT1024\flexspi_nor_sdram_debug\Obj\source\system\threadManager.o
#        C:\Users\chris.king\Source\GlobalScaleRT1024\flexspi_nor_sdram_debug\Obj\freertos\freertos_kernel\timers.o
#        C:\Users\chris.king\Source\GlobalScaleRT1024\flexspi_nor_sdram_debug\Obj\source\printer\TPHMotor.o
#        C:\Users\chris.king\Source\GlobalScaleRT1024\flexspi_nor_sdram_debug\Obj\source\system\translator.o
#        C:\Users\chris.king\Source\GlobalScaleRT1024\flexspi_nor_sdram_debug\Obj\source\system\unitTests.o
#        C:\Users\chris.king\Source\GlobalScaleRT1024\flexspi_nor_sdram_debug\Obj\source\usb\device\source\usb_device_ch9.o
#        C:\Users\chris.king\Source\GlobalScaleRT1024\flexspi_nor_sdram_debug\Obj\source\usb\device\class\usb_device_class.o
#        C:\Users\chris.king\Source\GlobalScaleRT1024\flexspi_nor_sdram_debug\Obj\source\usb\device\source\dci\usb_device_dci.o
#        C:\Users\chris.king\Source\GlobalScaleRT1024\flexspi_nor_sdram_debug\Obj\source\usb\source\usb_device_descriptor.o
#        C:\Users\chris.king\Source\GlobalScaleRT1024\flexspi_nor_sdram_debug\Obj\source\usb\device\source\ehci\usb_device_ehci.o
#        C:\Users\chris.king\Source\GlobalScaleRT1024\flexspi_nor_sdram_debug\Obj\source\usb\phy\usb_phy.o
#        C:\Users\chris.king\Source\GlobalScaleRT1024\flexspi_nor_sdram_debug\Obj\source\usb\device\class\usbPrinter.o
#        C:\Users\chris.king\Source\GlobalScaleRT1024\flexspi_nor_sdram_debug\Obj\source\usb\source\usbTask.o
#        C:\Users\chris.king\Source\GlobalScaleRT1024\flexspi_nor_sdram_debug\Obj\source\usb\device\class\usbWeigher.o
#        C:\Users\chris.king\Source\GlobalScaleRT1024\flexspi_nor_sdram_debug\Obj\source\valueMax\valueMax.o
#        C:\Users\chris.king\Source\GlobalScaleRT1024\flexspi_nor_sdram_debug\Obj\source\weigher\varGainFilter.o
#        C:\Users\chris.king\Source\GlobalScaleRT1024\flexspi_nor_sdram_debug\Obj\source\system\vendor.o
#        C:\Users\chris.king\Source\GlobalScaleRT1024\flexspi_nor_sdram_debug\Obj\source\printer\virtualScope.o
#        C:\Users\chris.king\Source\GlobalScaleRT1024\flexspi_nor_sdram_debug\Obj\source\system\w25x10cl.o
#        --no_out_extension -o
#        C:\Users\chris.king\Source\GlobalScaleRT1024\flexspi_nor_sdram_debug\Exe\globalScaleRT1024.out
#        --redirect _Printf=_PrintfSmallNoMb --redirect _Scanf=_ScanfSmallNoMb
#        --map
#        C:\Users\chris.king\Source\GlobalScaleRT1024\flexspi_nor_sdram_debug\List\globalScaleRT1024.map
#        --config
#        C:\Users\chris.king\Source\GlobalScaleRT1024\MIMXRT1024\linker\MIMXRT1024xxxxx_flexspi_nor.icf
#        --semihosting --entry Reset_Handler --vfe --text_out locale
#        --cpu=Cortex-M7 --fpu=VFPv5_d16)
#
###############################################################################

*******************************************************************************
*** RUNTIME MODEL ATTRIBUTES
***

CppFlavor       = *
__CPP_Runtime   = 1
__Heap_Handler  = Basic
__SystemLibrary = DLib
__dlib_version  = 6


*******************************************************************************
*** HEAP SELECTION
***

The basic heap was selected because --advanced_heap
was not specified and the application did not appear to
be primarily optimized for speed.


*******************************************************************************
*** PLACEMENT SUMMARY
***

"A0":  place at address 0x6000'2000 { ro section .intvec };
"A1":  place at address 0x6000'0000 { section .boot_hdr.conf };
"A2":  place at address 0x6000'1000 { section .boot_hdr.ivt };
"A3":  place at address 0x6000'1020 { ro section .boot_hdr.boot_data };
"A4":  place at address 0x6000'1030 { ro section .boot_hdr.dcd_data };
"P1":  place in [from 0x6000'2000 to 0x6000'23ff] |
                [from 0x6000'2400 to 0x603c'ffff] { ro };
"P2":  place in [from 0x603d'0000 to 0x603f'ffef] { ro object serialFlash.o };
"P3":  place in [from 0x603d'0000 to 0x603f'ffef] { ro object averyWeigher.o };
"P4":  place in [from 0x603d'0000 to 0x603f'ffef] { ro object boxcarFilter.o };
"P5":  place in [from 0x603d'0000 to 0x603f'ffef] { ro object boxcarFilterF.o };
"P6":  place in [from 0x603d'0000 to 0x603f'ffef] { ro object cat3Audit.o };
"P7":  place in [from 0x603d'0000 to 0x603f'ffef] { ro object cs5530.o };
"P8":  place in [from 0x603d'0000 to 0x603f'ffef] { ro object edgeDetection.o };
"P9":  place in [from 0x603d'0000 to 0x603f'ffef] { ro object filter.o };
"P10": place in [from 0x603d'0000 to 0x603f'ffef] { ro object firFilter.o };
"P11": place in [from 0x603d'0000 to 0x603f'ffef] { ro object varGainFilter.o };
"P12": place in [from 0x603d'0000 to 0x603f'ffef] { ro object eep93C56.o };
"P13": place in [from 0x603d'0000 to 0x603f'ffef] { ro object sca3300.o };
define block RW { rw };
"P14": place in [from 0x2020'0000 to 0x2022'7ffe] { block RW };
define block ZI { zi };
"P15": place in [from 0x2020'0000 to 0x2022'7ffe] { block ZI };
"P17": place in [from 0x2000'0000 to 0x2000'fbff] { section DEFAULT_RAM0 };
define block NCACHE_VAR { section NonCacheable, section NonCacheable.init };
"P18": place in [from 0x2000'0000 to 0x2000'fbff] { block NCACHE_VAR };
define block CSTACK with size = 1K, alignment = 8 { };
"P19": place in [from 0x2000'fc00 to 0x2000'ffff] { block CSTACK };
"P20": place in [from 0x0 to 0x7fff] { section .textrw };
define block QACCESS_CODE { section CodeQuickAccess };
"P21": place in [from 0x0 to 0x7fff] { block QACCESS_CODE };
"A6":  place at address 0x603f'fff0 {
          section VENDOR_PAD, section VENDOR_VID, section VENDOR_PSW_MAJOR,
          section VENDOR_PSW_MINOR, section VENDOR_PSW_ENG,
          section VENDOR_WSW_MAJOR, section VENDOR_WSW_MINOR,
          section VENDOR_WSW_ENG, section VENDOR_PAD1, section VENDOR_HW_MAJOR,
          section VENDOR_HW_MINOR };
initialize by copy { rw, section .textrw, section CodeQuickAccess };
keep {
   section .boot_hdr.conf, section .boot_hdr.ivt, section .boot_hdr.boot_data,
   section .boot_hdr.dcd_data };

No sections matched the following patterns:

  ro object edgeDetection.o  in "P2-P13"
  ro object filter.o         in "P2-P13"
  ro object firFilter.o      in "P2-P13"
  ro object sca3300.o        in "P2-P13"
  ro section .checksum1      in "A5"
  section .textrw            in "P20-P21"
  section DEFAULT_RAM0       in "P17-P18"
  section VENDOR_PAD         in "A6"
  section VENDOR_VID         in "A6"


  Section                Kind         Address      Size  Object
  -------                ----         -------      ----  ------
"P20-P21":                                       0x5694
  QACCESS_CODE                            0x0    0x5694  <Block>
    QACCESS_CODE-1                        0x0    0x5694  <Init block>
      Veneer             inited           0x0       0x8  - Linker created -
      Veneer             inited           0x8       0x8  - Linker created -
      Veneer             inited          0x10       0x8  - Linker created -
      Veneer             inited          0x18       0x8  - Linker created -
      Veneer             inited          0x20       0x8  - Linker created -
      Veneer             inited          0x28       0x8  - Linker created -
      Veneer             inited          0x30       0x8  - Linker created -
      CodeQuickAccess    inited          0x38     0x1f8  dvr8818.o [12]
      Veneer             inited         0x230       0x8  - Linker created -
      Veneer             inited         0x238       0x8  - Linker created -
      Veneer             inited         0x240       0x8  - Linker created -
      Veneer             inited         0x248       0x8  - Linker created -
      Veneer             inited         0x250       0x8  - Linker created -
      Veneer             inited         0x258       0x8  - Linker created -
      Veneer             inited         0x260       0x8  - Linker created -
      Veneer             inited         0x268       0x8  - Linker created -
      Veneer             inited         0x270       0x8  - Linker created -
      Veneer             inited         0x278       0x8  - Linker created -
      Veneer             inited         0x280       0x8  - Linker created -
      Veneer             inited         0x288       0x8  - Linker created -
      Veneer             inited         0x290       0x8  - Linker created -
      Veneer             inited         0x298       0x8  - Linker created -
      Veneer             inited         0x2a0       0x8  - Linker created -
      Veneer             inited         0x2a8       0x8  - Linker created -
      Veneer             inited         0x2b0       0x8  - Linker created -
      Veneer             inited         0x2b8       0x8  - Linker created -
      Veneer             inited         0x2c0       0x8  - Linker created -
      Veneer             inited         0x2c8       0x8  - Linker created -
      Veneer             inited         0x2d0       0x8  - Linker created -
      Veneer             inited         0x2d8       0x8  - Linker created -
      Veneer             inited         0x2e0       0x8  - Linker created -
      Veneer             inited         0x2e8       0x8  - Linker created -
      Veneer             inited         0x2f0       0x8  - Linker created -
      Veneer             inited         0x2f8       0x8  - Linker created -
      Veneer             inited         0x300       0x8  - Linker created -
      Veneer             inited         0x308       0x8  - Linker created -
      Veneer             inited         0x310       0x8  - Linker created -
      Veneer             inited         0x318       0x8  - Linker created -
      Veneer             inited         0x320       0x8  - Linker created -
      Veneer             inited         0x328       0x8  - Linker created -
      Veneer             inited         0x330       0x8  - Linker created -
      Veneer             inited         0x338       0x8  - Linker created -
      Veneer             inited         0x340       0x8  - Linker created -
      Veneer             inited         0x348       0x8  - Linker created -
      Veneer             inited         0x350       0x8  - Linker created -
      Veneer             inited         0x358       0x8  - Linker created -
      Veneer             inited         0x360       0x8  - Linker created -
      Veneer             inited         0x368       0x8  - Linker created -
      Veneer             inited         0x370       0x8  - Linker created -
      Veneer             inited         0x378       0x8  - Linker created -
      Veneer             inited         0x380       0x8  - Linker created -
      Veneer             inited         0x388       0x8  - Linker created -
      Veneer             inited         0x390       0x8  - Linker created -
      Veneer             inited         0x398       0x8  - Linker created -
      Veneer             inited         0x3a0       0x8  - Linker created -
      Veneer             inited         0x3a8       0x8  - Linker created -
      Veneer             inited         0x3b0       0x8  - Linker created -
      Veneer             inited         0x3b8       0x8  - Linker created -
      Veneer             inited         0x3c0       0x8  - Linker created -
      Veneer             inited         0x3c8       0x8  - Linker created -
      Veneer             inited         0x3d0       0x8  - Linker created -
      Veneer             inited         0x3d8       0x8  - Linker created -
      Veneer             inited         0x3e0       0x8  - Linker created -
      Veneer             inited         0x3e8       0x8  - Linker created -
      Veneer             inited         0x3f0       0x8  - Linker created -
      Veneer             inited         0x3f8       0x8  - Linker created -
      Veneer             inited         0x400       0x8  - Linker created -
      Veneer             inited         0x408       0x8  - Linker created -
      Veneer             inited         0x410       0x8  - Linker created -
      Veneer             inited         0x418       0x8  - Linker created -
      Veneer             inited         0x420       0x8  - Linker created -
      Veneer             inited         0x428       0x8  - Linker created -
      CodeQuickAccess    inited         0x430    0x1b10  printEngine.o [12]
      Veneer             inited        0x1f40       0x8  - Linker created -
      Veneer             inited        0x1f48       0x8  - Linker created -
      CodeQuickAccess    inited        0x1f50     0x564  printHead.o [12]
      Veneer             inited        0x24b4       0x8  - Linker created -
      Veneer             inited        0x24bc       0x8  - Linker created -
      Veneer             inited        0x24c4       0x8  - Linker created -
      Veneer             inited        0x24cc       0x8  - Linker created -
      Veneer             inited        0x24d4       0x8  - Linker created -
      CodeQuickAccess    inited        0x24dc     0x62c  sensors.o [13]
      Veneer             inited        0x2b08       0x8  - Linker created -
      Veneer             inited        0x2b10       0x8  - Linker created -
      Veneer             inited        0x2b18       0x8  - Linker created -
      Veneer             inited        0x2b20       0x8  - Linker created -
      Veneer             inited        0x2b28       0x8  - Linker created -
      Veneer             inited        0x2b30       0x8  - Linker created -
      Veneer             inited        0x2b38       0x8  - Linker created -
      Veneer             inited        0x2b40       0x8  - Linker created -
      Veneer             inited        0x2b48       0x8  - Linker created -
      Veneer             inited        0x2b50       0x8  - Linker created -
      Veneer             inited        0x2b58       0x8  - Linker created -
      Veneer             inited        0x2b60       0x8  - Linker created -
      Veneer             inited        0x2b68       0x8  - Linker created -
      Veneer             inited        0x2b70       0x8  - Linker created -
      Veneer             inited        0x2b78       0x8  - Linker created -
      Veneer             inited        0x2b80       0x8  - Linker created -
      Veneer             inited        0x2b88       0x8  - Linker created -
      Veneer             inited        0x2b90       0x8  - Linker created -
      Veneer             inited        0x2b98       0x8  - Linker created -
      Veneer             inited        0x2ba0       0x8  - Linker created -
      Veneer             inited        0x2ba8       0x8  - Linker created -
      CodeQuickAccess    inited        0x2bb0    0x23e4  takeupMotor.o [12]
      Veneer             inited        0x4f94       0x8  - Linker created -
      Veneer             inited        0x4f9c       0x8  - Linker created -
      Veneer             inited        0x4fa4       0x8  - Linker created -
      Veneer             inited        0x4fac       0x8  - Linker created -
      Veneer             inited        0x4fb4       0x8  - Linker created -
      Veneer             inited        0x4fbc       0x8  - Linker created -
      Veneer             inited        0x4fc4       0x8  - Linker created -
      Veneer             inited        0x4fcc       0x8  - Linker created -
      Veneer             inited        0x4fd4       0x8  - Linker created -
      Veneer             inited        0x4fdc       0x8  - Linker created -
      Veneer             inited        0x4fe4       0x8  - Linker created -
      Veneer             inited        0x4fec       0x8  - Linker created -
      CodeQuickAccess    inited        0x4ff4     0x6a0  TPHMotor.o [12]
                                     - 0x5694    0x5694

"P17-P18":                                       0xf298
  NCACHE_VAR                      0x2000'0000    0xf298  <Block>
    NCACHE_VAR-1                  0x2000'0000     0x1e4  <Init block>
      NonCacheable       inited   0x2000'0000       0x4  queueManager.o [13]
      NonCacheable       inited   0x2000'0004       0x4  queueManager.o [13]
      NonCacheable       inited   0x2000'0008       0x4  queueManager.o [13]
      NonCacheable       inited   0x2000'000c       0x4  queueManager.o [13]
      NonCacheable.init  inited   0x2000'0010       0x4  printEngine.o [12]
      NonCacheable.init  inited   0x2000'0014       0x4  printEngine.o [12]
      NonCacheable.init  inited   0x2000'0018      0x28  takeupMotor.o [12]
      NonCacheable.init  inited   0x2000'0040       0x4  takeupMotor.o [12]
      NonCacheable.init  inited   0x2000'0044       0x4  takeupMotor.o [12]
      NonCacheable.init  inited   0x2000'0048       0x4  takeupMotor.o [12]
      NonCacheable.init  inited   0x2000'004c       0x4  takeupMotor.o [12]
      NonCacheable.init  inited   0x2000'0050       0x4  takeupMotor.o [12]
      NonCacheable.init  inited   0x2000'0054       0x4  takeupMotor.o [12]
      NonCacheable.init  inited   0x2000'0058       0x4  takeupMotor.o [12]
      NonCacheable.init  inited   0x2000'005c       0x4  takeupMotor.o [12]
      NonCacheable.init  inited   0x2000'0060       0x4  takeupMotor.o [12]
      NonCacheable.init  inited   0x2000'0064       0x4  takeupMotor.o [12]
      NonCacheable.init  inited   0x2000'0068       0x4  takeupMotor.o [12]
      NonCacheable.init  inited   0x2000'006c      0x4c  translator.o [13]
      NonCacheable.init  inited   0x2000'00b8      0x4c  translator.o [13]
      NonCacheable.init  inited   0x2000'0104      0x14  usb_device_descriptor.o [19]
      NonCacheable.init  inited   0x2000'0118      0x3c  usb_device_descriptor.o [19]
      NonCacheable.init  inited   0x2000'0154       0x4  usb_device_descriptor.o [19]
      NonCacheable.init  inited   0x2000'0158      0x34  usb_device_descriptor.o [19]
      NonCacheable.init  inited   0x2000'018c      0x28  usb_device_descriptor.o [19]
      NonCacheable.init  inited   0x2000'01b4       0x2  printEngine.o [12]
      NonCacheable.init  inited   0x2000'01b6       0x2  takeupMotor.o [12]
      NonCacheable.init  inited   0x2000'01b8       0x2  takeupMotor.o [12]
      NonCacheable.init  inited   0x2000'01ba       0x2  takeupMotor.o [12]
      NonCacheable.init  inited   0x2000'01bc       0x2  takeupMotor.o [12]
      NonCacheable.init  inited   0x2000'01be       0x2  takeupMotor.o [12]
      NonCacheable.init  inited   0x2000'01c0       0x2  takeupMotor.o [12]
      NonCacheable.init  inited   0x2000'01c2       0x2  takeupMotor.o [12]
      NonCacheable.init  inited   0x2000'01c4       0x2  takeupMotor.o [12]
      NonCacheable.init  inited   0x2000'01c6       0x2  takeupMotor.o [12]
      NonCacheable.init  inited   0x2000'01c8       0x2  takeupMotor.o [12]
      NonCacheable.init  inited   0x2000'01ca       0x2  takeupMotor.o [12]
      NonCacheable.init  inited   0x2000'01cc       0x2  TPHMotor.o [12]
      NonCacheable.init  inited   0x2000'01ce       0x2  TPHMotor.o [12]
      NonCacheable.init  inited   0x2000'01d0       0x2  TPHMotor.o [12]
      NonCacheable.init  inited   0x2000'01d2       0x2  TPHMotor.o [12]
      NonCacheable.init  inited   0x2000'01d4       0x2  TPHMotor.o [12]
      NonCacheable.init  inited   0x2000'01d6       0x2  TPHMotor.o [12]
      NonCacheable.init  inited   0x2000'01d8       0x2  TPHMotor.o [12]
      NonCacheable.init  inited   0x2000'01da       0x1  printEngine.o [12]
      NonCacheable.init  inited   0x2000'01db       0x1  printEngine.o [12]
      NonCacheable.init  inited   0x2000'01dc       0x1  takeupMotor.o [12]
      NonCacheable.init  inited   0x2000'01dd       0x1  takeupMotor.o [12]
      NonCacheable.init  inited   0x2000'01de       0x1  takeupMotor.o [12]
      NonCacheable.init  inited   0x2000'01df       0x1  takeupMotor.o [12]
      NonCacheable.init  inited   0x2000'01e0       0x1  takeupMotor.o [12]
      NonCacheable.init  inited   0x2000'01e1       0x1  takeupMotor.o [12]
      NonCacheable.init  inited   0x2000'01e2       0x1  TPHMotor.o [12]
      NonCacheable.init  inited   0x2000'01e3       0x1  TPHMotor.o [12]
    NonCacheable         zero     0x2000'0800     0x700  usb_device_ehci.o [17]
    NonCacheable         zero     0x2000'0f00     0x200  usb_device_ehci.o [17]
    NonCacheable         zero     0x2000'1100      0xc0  usb_device_dci.o [16]
    NonCacheable         zero     0x2000'11c0      0x30  averyCutter.o [12]
    NonCacheable         zero     0x2000'11f0     0x100  averyCutter.o [12]
    NonCacheable         zero     0x2000'12f0     0x100  averyCutter.o [12]
    NonCacheable         zero     0x2000'13f0      0x58  averyCutter.o [12]
    NonCacheable         zero     0x2000'1448      0x28  cat3Audit.o [21]
    NonCacheable         zero     0x2000'1470    0x1004  cat3Audit.o [21]
    NonCacheable         zero     0x2000'2474      0x20  fsl_debug_console.o [23]
    NonCacheable         zero     0x2000'2494      0x24  printHead.o [12]
    NonCacheable         zero     0x2000'24b8    0xc800  printHead.o [12]
    NonCacheable         zero     0x2000'ecb8      0x10  usb_device_class.o [14]
    NonCacheable         zero     0x2000'ecc8       0x8  usb_device_class.o [14]
    NonCacheable         zero     0x2000'ecd0      0x40  usbPrinter.o [14]
    NonCacheable         zero     0x2000'ed10      0x40  usbTask.o [19]
    NonCacheable         zero     0x2000'ed50      0x40  usbTask.o [19]
    NonCacheable         zero     0x2000'ed90     0x200  usbTask.o [19]
    NonCacheable         zero     0x2000'ef90      0x40  usbTask.o [19]
    NonCacheable         zero     0x2000'efd0      0x40  usbTask.o [19]
    NonCacheable         zero     0x2000'f010      0x2c  usbWeigher.o [14]
    NonCacheable         zero     0x2000'f03c     0x224  w25x10cl.o [13]
    NonCacheable         zero     0x2000'f260      0x38  w25x10cl.o [13]
                                - 0x2000'f298    0xf298

"P19":                                            0x400
  CSTACK                          0x2000'fc00     0x400  <Block>
    CSTACK               uninit   0x2000'fc00     0x400  <Block tail>
                                - 0x2001'0000     0x400

"P14-P15", part 1 of 2:                           0x2eb
  RW                              0x2020'0000     0x2eb  <Block>
    RW-1                          0x2020'0000     0x2c9  <Init block>
      .data              inited   0x2020'0000      0x3c  commandTable.o [10]
      .data              inited   0x2020'003c      0x24  commandTable.o [10]
      .data              inited   0x2020'0060      0x20  commandTable.o [10]
      .data              inited   0x2020'0080       0xc  commandTable.o [10]
      .data              inited   0x2020'008c       0xc  commandTable.o [10]
      .data              inited   0x2020'0098       0xc  commandTable.o [10]
      .data              inited   0x2020'00a4       0xc  commandTable.o [10]
      .data              inited   0x2020'00b0       0xc  commandTable.o [10]
      .data              inited   0x2020'00bc       0x8  commandTable.o [10]
      .data              inited   0x2020'00c4      0x10  commandTable.o [10]
      .data              inited   0x2020'00d4      0x14  commandTable.o [10]
      .data              inited   0x2020'00e8       0xc  commandTable.o [10]
      .data              inited   0x2020'00f4       0xc  commandTable.o [10]
      .data              inited   0x2020'0100       0xc  commandTable.o [10]
      .data              inited   0x2020'010c      0x14  commandTable.o [10]
      .data              inited   0x2020'0120       0xc  commandTable.o [10]
      .data              inited   0x2020'012c      0x24  commandTable.o [10]
      .data              inited   0x2020'0150      0x24  commandTable.o [10]
      .data              inited   0x2020'0174       0xc  commandTable.o [10]
      .data              inited   0x2020'0180       0x4  port.o [8]
      .data              inited   0x2020'0184       0x4  printEngine.o [12]
      .data              inited   0x2020'0188       0x4  system_MIMXRT1024.o [1]
      .data              inited   0x2020'018c       0x4  takeupMotor.o [12]
      .data              inited   0x2020'0190       0x4  tasks.o [7]
      .data              inited   0x2020'0194      0x24  usb_device_descriptor.o [19]
      .data              inited   0x2020'01b8       0xc  usb_device_descriptor.o [19]
      .data              inited   0x2020'01c4      0x10  usb_device_descriptor.o [19]
      .data              inited   0x2020'01d4      0x10  usb_device_descriptor.o [19]
      .data              inited   0x2020'01e4       0xc  usb_device_descriptor.o [19]
      .data              inited   0x2020'01f0      0x18  usb_device_descriptor.o [19]
      .data              inited   0x2020'0208       0x8  usb_device_descriptor.o [19]
      .data              inited   0x2020'0210       0x8  usb_device_descriptor.o [19]
      .data              inited   0x2020'0218       0x8  usb_device_descriptor.o [19]
      .data              inited   0x2020'0220       0x8  usb_device_descriptor.o [19]
      .data              inited   0x2020'0228       0xc  usb_device_descriptor.o [19]
      .data              inited   0x2020'0234       0xc  usb_device_descriptor.o [19]
      .data              inited   0x2020'0240       0xc  usb_device_descriptor.o [19]
      .data              inited   0x2020'024c      0x10  usb_device_descriptor.o [19]
      .data              inited   0x2020'025c      0x24  usbTask.o [19]
      .data              inited   0x2020'0280       0xc  usbTask.o [19]
      .data              inited   0x2020'028c      0x10  valueMax.o [20]
      .data              inited   0x2020'029c       0x4  w25x10cl.o [13]
      .data              inited   0x2020'02a0       0x4  w25x10cl.o [13]
      .data              inited   0x2020'02a4       0x4  w25x10cl.o [13]
      .data              inited   0x2020'02a8       0x2  developmentTools.o [13]
      .data              inited   0x2020'02aa       0x2  sca3300Accel.o [20]
      .data              inited   0x2020'02ac       0x2  sca3300Accel.o [20]
      .data              inited   0x2020'02ae       0x2  sca3300Accel.o [20]
      .data              inited   0x2020'02b0       0x2  sca3300Accel.o [20]
      .data              inited   0x2020'02b2       0x2  sca3300Accel.o [20]
      .data              inited   0x2020'02b4       0x2  sca3300Accel.o [20]
      .data              inited   0x2020'02b6       0x2  takeupMotor.o [12]
      .data              inited   0x2020'02b8       0x2  valueMax.o [20]
      .data              inited   0x2020'02ba       0x2  valueMax.o [20]
      .data              inited   0x2020'02bc       0x1  averyCutter.o [12]
      .data              inited   0x2020'02bd       0x1  developmentTools.o [13]
      .data              inited   0x2020'02be       0x1  developmentTools.o [13]
      .data              inited   0x2020'02bf       0x1  globalPrinterTask.o [12]
      .data              inited   0x2020'02c0       0x1  printEngine.o [12]
      .data              inited   0x2020'02c1       0x1  printEngine.o [12]
      .data              inited   0x2020'02c2       0x1  sca3300Accel.o [20]
      .data              inited   0x2020'02c3       0x1  takeupMotor.o [12]
      .data              inited   0x2020'02c4       0x1  takeupMotor.o [12]
      .data              inited   0x2020'02c5       0x1  takeupMotor.o [12]
      .data              inited   0x2020'02c6       0x1  takeupMotor.o [12]
      .data              inited   0x2020'02c7       0x1  usbTask.o [19]
      .data              inited   0x2020'02c8       0x1  usbTask.o [19]
    RW-2                          0x2020'02cc      0x1f  <Init block>
      .data              inited   0x2020'02cc       0x4  averyWeigher.o [21]
      .data              inited   0x2020'02d0       0x4  averyWeigher.o [21]
      .data              inited   0x2020'02d4       0x4  averyWeigher.o [21]
      .data              inited   0x2020'02d8       0x2  averyWeigher.o [21]
      .data              inited   0x2020'02da       0x2  averyWeigher.o [21]
      .data              inited   0x2020'02dc       0x2  averyWeigher.o [21]
      .data              inited   0x2020'02de       0x2  averyWeigher.o [21]
      .data              inited   0x2020'02e0       0x2  cs5530.o [21]
      .data              inited   0x2020'02e2       0x2  eep93C56.o [20]
      .data              inited   0x2020'02e4       0x2  eep93C56.o [20]
      .data              inited   0x2020'02e6       0x2  eep93C56.o [20]
      .data              inited   0x2020'02e8       0x1  averyWeigher.o [21]
      .data              inited   0x2020'02e9       0x1  averyWeigher.o [21]
      .data              inited   0x2020'02ea       0x1  eep93C56.o [20]
                                - 0x2020'02eb     0x2eb

"P14-P15", part 2 of 2:                        0x2'6130
  ZI                              0x2020'02f0  0x2'6130  <Block>
    .bss                 zero     0x2020'02f0      0xc0  averyWeigher.o [21]
    .bss                 zero     0x2020'03b0       0x8  averyWeigher.o [21]
    .bss                 zero     0x2020'03b8       0x8  globalPrinterTask.o [12]
    .bss                 zero     0x2020'03c0       0x4  averyCutter.o [12]
    .bss                 zero     0x2020'03c4       0x4  averyCutter.o [12]
    .bss                 zero     0x2020'03c8       0x4  averyCutter.o [12]
    .bss                 zero     0x2020'03cc       0x4  averyCutter.o [12]
    .bss                 zero     0x2020'03d0       0x4  averyCutter.o [12]
    .bss                 zero     0x2020'03d4       0x4  averyWeigher.o [21]
    .bss                 zero     0x2020'03d8       0x4  averyWeigher.o [21]
    .bss                 zero     0x2020'03dc       0x4  averyWeigher.o [21]
    .bss                 zero     0x2020'03e0       0x4  averyWeigher.o [21]
    .bss                 zero     0x2020'03e4       0x4  averyWeigher.o [21]
    .bss                 zero     0x2020'03e8      0x18  averyWeigher.o [21]
    .bss                 zero     0x2020'0400      0x18  averyWeigher.o [21]
    .bss                 zero     0x2020'0418      0x10  averyWeigher.o [21]
    .bss                 zero     0x2020'0428      0x38  averyWeigher.o [21]
    .bss                 zero     0x2020'0460       0xc  averyWeigher.o [21]
    .bss                 zero     0x2020'046c       0x4  averyWeigher.o [21]
    .bss                 zero     0x2020'0470       0x4  averyWeigher.o [21]
    .bss                 zero     0x2020'0474       0x4  averyWeigher.o [21]
    .bss                 zero     0x2020'0478       0x4  averyWeigher.o [21]
    .bss                 zero     0x2020'047c       0x4  averyWeigher.o [21]
    .bss                 zero     0x2020'0480      0x98  averyWeigher.o [21]
    .bss                 zero     0x2020'0518      0xa0  averyWeigher.o [21]
    .bss                 zero     0x2020'05b8      0xa0  averyWeigher.o [21]
    .bss                 zero     0x2020'0658      0xa0  averyWeigher.o [21]
    .bss                 zero     0x2020'06f8      0xa0  averyWeigher.o [21]
    .bss                 zero     0x2020'0798      0xa0  averyWeigher.o [21]
    .bss                 zero     0x2020'0838      0x20  averyWeigher.o [21]
    .bss                 zero     0x2020'0858       0x4  averyWeigher.o [21]
    .bss                 zero     0x2020'085c      0x2c  cat3Audit.o [21]
    .bss                 zero     0x2020'0888      0x20  cat3Audit.o [21]
    .bss                 zero     0x2020'08a8      0x24  commandTable.o [10]
    .bss                 zero     0x2020'08cc    0x13b0  commandTable.o [10]
    .bss                 zero     0x2020'1c7c       0x4  commandTable.o [10]
    .bss                 zero     0x2020'1c80       0x4  cs5530.o [21]
    .bss                 zero     0x2020'1c84       0x4  cs5530.o [21]
    .bss                 zero     0x2020'1c88      0x40  cs5530.o [21]
    .bss                 zero     0x2020'1cc8      0x38  cs5530.o [21]
    .bss                 zero     0x2020'1d00      0x18  developmentTools.o [13]
    .bss                 zero     0x2020'1d18       0x4  dotWearTask.o [12]
    .bss                 zero     0x2020'1d1c       0x4  dotWearTask.o [12]
    .bss                 zero     0x2020'1d20       0x4  dotWearTask.o [12]
    .bss                 zero     0x2020'1d24      0x1c  eep93C56.o [20]
    .bss                 zero     0x2020'1d40       0x4  fsl_clock.o [6]
    .bss                 zero     0x2020'1d44       0x4  fsl_clock.o [6]
    .bss                 zero     0x2020'1d48       0x4  fsl_component_exception_handling.o [3]
    .bss                 zero     0x2020'1d4c       0x4  fsl_debug_console.o [23]
    .bss                 zero     0x2020'1d50      0x80  fsl_edma.o [6]
    .bss                 zero     0x2020'1dd0       0x4  fsl_enet.o [6]
    .bss                 zero     0x2020'1dd4       0x4  fsl_enet.o [6]
    .bss                 zero     0x2020'1dd8       0x4  fsl_enet.o [6]
    .bss                 zero     0x2020'1ddc       0x4  fsl_enet.o [6]
    .bss                 zero     0x2020'1de0       0x4  fsl_enet.o [6]
    .bss                 zero     0x2020'1de4       0x4  fsl_enet.o [6]
    .bss                 zero     0x2020'1de8       0xc  fsl_flexcan.o [6]
    .bss                 zero     0x2020'1df4       0x4  fsl_flexcan.o [6]
    .bss                 zero     0x2020'1df8       0x8  fsl_flexio.o [6]
    .bss                 zero     0x2020'1e00       0x8  fsl_flexio.o [6]
    .bss                 zero     0x2020'1e08       0x8  fsl_flexio.o [6]
    .bss                 zero     0x2020'1e10       0x4  fsl_flexspi.o [6]
    .bss                 zero     0x2020'1e14       0x4  fsl_flexspi.o [6]
    .bss                 zero     0x2020'1e18       0x4  fsl_lpi2c.o [6]
    .bss                 zero     0x2020'1e1c      0x14  fsl_lpi2c.o [6]
    .bss                 zero     0x2020'1e30       0x4  fsl_lpi2c.o [6]
    .bss                 zero     0x2020'1e34      0x14  fsl_lpi2c.o [6]
    .bss                 zero     0x2020'1e48      0x14  fsl_lpspi.o [6]
    .bss                 zero     0x2020'1e5c       0x4  fsl_lpspi.o [6]
    .bss                 zero     0x2020'1e60       0x4  fsl_lpspi.o [6]
    .bss                 zero     0x2020'1e64       0x8  fsl_lpspi.o [6]
    .bss                 zero     0x2020'1e6c      0x28  fsl_lpspi_edma.o [6]
    .bss                 zero     0x2020'1e94      0x24  fsl_lpuart.o [6]
    .bss                 zero     0x2020'1eb8       0x4  fsl_lpuart.o [6]
    .bss                 zero     0x2020'1ebc      0x20  fsl_sai.o [6]
    .bss                 zero     0x2020'1edc       0x4  fsl_sai.o [6]
    .bss                 zero     0x2020'1ee0       0x4  fsl_sai.o [6]
    .bss                 zero     0x2020'1ee4       0x8  fsl_spdif.o [6]
    .bss                 zero     0x2020'1eec       0x4  fsl_spdif.o [6]
    .bss                 zero     0x2020'1ef0       0x4  fsl_spdif.o [6]
    .bss                 zero     0x2020'1ef4       0xc  fsl_usdhc.o [6]
    .bss                 zero     0x2020'1f00       0x4  fsl_usdhc.o [6]
    .bss                 zero     0x2020'1f04       0x4  globalPrinterTask.o [12]
    .bss                 zero     0x2020'1f08       0x4  globalPrinterTask.o [12]
    .bss                 zero     0x2020'1f0c       0x4  globalPrinterTask.o [12]
    .bss                 zero     0x2020'1f10       0x4  globalPrinterTask.o [12]
    .bss                 zero     0x2020'1f14       0x4  globalPrinterTask.o [12]
    .bss                 zero     0x2020'1f18       0x4  globalPrinterTask.o [12]
    .bss                 zero     0x2020'1f1c       0x4  globalPrinterTask.o [12]
    .bss                 zero     0x2020'1f20       0x4  globalPrinterTask.o [12]
    .bss                 zero     0x2020'1f24       0x4  globalPrinterTask.o [12]
    .bss                 zero     0x2020'1f28      0x10  globalPrinterTask.o [12]
    .bss                 zero     0x2020'1f38      0x20  globalPrinterTask.o [12]
    .bss                 zero     0x2020'1f58       0x4  globalPrinterTask.o [12]
    .bss                 zero     0x2020'1f5c       0x4  globalPrinterTask.o [12]
    .bss                 zero     0x2020'1f60  0x1'4000  heap_4.o [9]
    .bss                 zero     0x2021'5f60       0x8  heap_4.o [9]
    .bss                 zero     0x2021'5f68       0x4  heap_4.o [9]
    .bss                 zero     0x2021'5f6c       0x4  heap_4.o [9]
    .bss                 zero     0x2021'5f70       0x4  heap_4.o [9]
    .bss                 zero     0x2021'5f74       0x4  heap_4.o [9]
    .bss                 zero     0x2021'5f78       0x4  heap_4.o [9]
    .bss                 zero     0x2021'5f7c       0x4  heap_4.o [9]
    .bss                 zero     0x2021'5f80       0x4  idleTask.o [13]
    .bss                 zero     0x2021'5f84       0xc  lp5521.o [13]
    .bss                 zero     0x2021'5f90     0x200  lp5521.o [13]
    .bss                 zero     0x2021'6190     0x200  lp5521.o [13]
    .bss                 zero     0x2021'6390     0x200  lp5521.o [13]
    .bss                 zero     0x2021'6590     0x200  lp5521.o [13]
    .bss                 zero     0x2021'6790     0x200  lp5521.o [13]
    .bss                 zero     0x2021'6990     0x200  lp5521.o [13]
    .bss                 zero     0x2021'6b90       0x4  lp5521.o [13]
    .bss                 zero     0x2021'6b94       0x4  lp5521.o [13]
    .bss                 zero     0x2021'6b98       0x4  lp5521.o [13]
    .bss                 zero     0x2021'6b9c       0x4  lp5521.o [13]
    .bss                 zero     0x2021'6ba0       0x4  lp5521.o [13]
    .bss                 zero     0x2021'6ba4       0x4  lp5521.o [13]
    .bss                 zero     0x2021'6ba8       0xc  lp5521.o [13]
    .bss                 zero     0x2021'6bb4       0xc  lp5521.o [13]
    .bss                 zero     0x2021'6bc0       0x4  port.o [8]
    .bss                 zero     0x2021'6bc4      0x54  printEngine.o [12]
    .bss                 zero     0x2021'6c18       0x4  printEngine.o [12]
    .bss                 zero     0x2021'6c1c       0x4  printEngine.o [12]
    .bss                 zero     0x2021'6c20       0x4  printEngine.o [12]
    .bss                 zero     0x2021'6c24       0x4  printEngine.o [12]
    .bss                 zero     0x2021'6c28      0x28  printEngine.o [12]
    .bss                 zero     0x2021'6c50       0x4  printEngine.o [12]
    .bss                 zero     0x2021'6c54    0x2710  printEngine.o [12]
    .bss                 zero     0x2021'9364    0x2710  printEngine.o [12]
    .bss                 zero     0x2021'ba74       0x4  printEngine.o [12]
    .bss                 zero     0x2021'ba78       0x4  printEngine.o [12]
    .bss                 zero     0x2021'ba7c       0x4  printEngine.o [12]
    .bss                 zero     0x2021'ba80       0x4  printEngine.o [12]
    .bss                 zero     0x2021'ba84       0x4  printEngine.o [12]
    .bss                 zero     0x2021'ba88       0x4  printEngine.o [12]
    .bss                 zero     0x2021'ba8c       0x4  printEngine.o [12]
    .bss                 zero     0x2021'ba90      0xa0  printEngine.o [12]
    .bss                 zero     0x2021'bb30      0xa4  printEngine.o [12]
    .bss                 zero     0x2021'bbd4       0x4  printEngine.o [12]
    .bss                 zero     0x2021'bbd8       0x4  printEngine.o [12]
    .bss                 zero     0x2021'bbdc       0x4  printEngine.o [12]
    .bss                 zero     0x2021'bbe0       0x4  printEngine.o [12]
    .bss                 zero     0x2021'bbe4       0x4  printEngine.o [12]
    .bss                 zero     0x2021'bbe8       0x4  printEngine.o [12]
    .bss                 zero     0x2021'bbec       0x4  printHead.o [12]
    .bss                 zero     0x2021'bbf0      0x10  printHead.o [12]
    .bss                 zero     0x2021'bc00      0x10  printHead.o [12]
    .bss                 zero     0x2021'bc10      0x10  printHead.o [12]
    .bss                 zero     0x2021'bc20      0x10  printHead.o [12]
    .bss                 zero     0x2021'bc30       0x8  printHead.o [12]
    .bss                 zero     0x2021'bc38      0x50  printHead.o [12]
    .bss                 zero     0x2021'bc88       0x4  printHead.o [12]
    .bss                 zero     0x2021'bc8c      0x40  queue.o [7]
    .bss                 zero     0x2021'bccc       0x4  queueManager.o [13]
    .bss                 zero     0x2021'bcd0       0x4  queueManager.o [13]
    .bss                 zero     0x2021'bcd4       0x4  queueManager.o [13]
    .bss                 zero     0x2021'bcd8       0x4  queueManager.o [13]
    .bss                 zero     0x2021'bcdc       0x4  queueManager.o [13]
    .bss                 zero     0x2021'bce0       0x4  queueManager.o [13]
    .bss                 zero     0x2021'bce4       0x4  queueManager.o [13]
    .bss                 zero     0x2021'bce8       0x4  queueManager.o [13]
    .bss                 zero     0x2021'bcec       0x4  queueManager.o [13]
    .bss                 zero     0x2021'bcf0       0x4  queueManager.o [13]
    .bss                 zero     0x2021'bcf4       0x4  sensors.o [13]
    .bss                 zero     0x2021'bcf8      0x10  sensors.o [13]
    .bss                 zero     0x2021'bd08      0x24  sensors.o [13]
    .bss                 zero     0x2021'bd2c       0x4  sensors.o [13]
    .bss                 zero     0x2021'bd30       0x8  sensors.o [13]
    .bss                 zero     0x2021'bd38       0x4  serialFlash.o [13]
    .bss                 zero     0x2021'bd3c       0x4  systemTimer.o [13]
    .bss                 zero     0x2021'bd40       0x4  systemTimer.o [13]
    .bss                 zero     0x2021'bd44       0x4  systemTimer.o [13]
    .bss                 zero     0x2021'bd48      0x10  takeupMotor.o [12]
    .bss                 zero     0x2021'bd58       0x4  takeupMotor.o [12]
    .bss                 zero     0x2021'bd5c       0x4  takeupMotor.o [12]
    .bss                 zero     0x2021'bd60    0x9c40  takeupMotor.o [12]
    .bss                 zero     0x2022'59a0       0x4  takeupMotor.o [12]
    .bss                 zero     0x2022'59a4       0x4  takeupMotor.o [12]
    .bss                 zero     0x2022'59a8      0x10  takeupMotor.o [12]
    .bss                 zero     0x2022'59b8       0x4  tasks.o [7]
    .bss                 zero     0x2022'59bc      0x64  tasks.o [7]
    .bss                 zero     0x2022'5a20      0x14  tasks.o [7]
    .bss                 zero     0x2022'5a34      0x14  tasks.o [7]
    .bss                 zero     0x2022'5a48       0x4  tasks.o [7]
    .bss                 zero     0x2022'5a4c       0x4  tasks.o [7]
    .bss                 zero     0x2022'5a50      0x14  tasks.o [7]
    .bss                 zero     0x2022'5a64      0x14  tasks.o [7]
    .bss                 zero     0x2022'5a78       0x4  tasks.o [7]
    .bss                 zero     0x2022'5a7c      0x14  tasks.o [7]
    .bss                 zero     0x2022'5a90       0x4  tasks.o [7]
    .bss                 zero     0x2022'5a94       0x4  tasks.o [7]
    .bss                 zero     0x2022'5a98       0x4  tasks.o [7]
    .bss                 zero     0x2022'5a9c       0x4  tasks.o [7]
    .bss                 zero     0x2022'5aa0       0x4  tasks.o [7]
    .bss                 zero     0x2022'5aa4       0x4  tasks.o [7]
    .bss                 zero     0x2022'5aa8       0x4  tasks.o [7]
    .bss                 zero     0x2022'5aac       0x4  tasks.o [7]
    .bss                 zero     0x2022'5ab0       0x4  tasks.o [7]
    .bss                 zero     0x2022'5ab4       0x4  tasks.o [7]
    .bss                 zero     0x2022'5ab8       0x4  tasks.o [7]
    .bss                 zero     0x2022'5abc      0x1c  threadManager.o [13]
    .bss                 zero     0x2022'5ad8      0x14  timers.o [7]
    .bss                 zero     0x2022'5aec      0x14  timers.o [7]
    .bss                 zero     0x2022'5b00       0x4  timers.o [7]
    .bss                 zero     0x2022'5b04       0x4  timers.o [7]
    .bss                 zero     0x2022'5b08       0x4  timers.o [7]
    .bss                 zero     0x2022'5b0c       0x4  timers.o [7]
    .bss                 zero     0x2022'5b10       0x4  timers.o [7]
    .bss                 zero     0x2022'5b14       0x4  TPHMotor.o [12]
    .bss                 zero     0x2022'5b18      0x20  TPHMotor.o [12]
    .bss                 zero     0x2022'5b38       0x4  translator.o [13]
    .bss                 zero     0x2022'5b3c       0x4  translator.o [13]
    .bss                 zero     0x2022'5b40       0x4  translator.o [13]
    .bss                 zero     0x2022'5b44       0x4  translator.o [13]
    .bss                 zero     0x2022'5b48       0x4  translator.o [13]
    .bss                 zero     0x2022'5b4c       0x4  translator.o [13]
    .bss                 zero     0x2022'5b50       0x4  translator.o [13]
    .bss                 zero     0x2022'5b54       0x4  translator.o [13]
    .bss                 zero     0x2022'5b58       0x4  translator.o [13]
    .bss                 zero     0x2022'5b5c       0x8  translator.o [13]
    .bss                 zero     0x2022'5b64       0x4  translator.o [13]
    .bss                 zero     0x2022'5b68       0xc  translator.o [13]
    .bss                 zero     0x2022'5b74       0x4  translator.o [13]
    .bss                 zero     0x2022'5b78       0xc  translator.o [13]
    .bss                 zero     0x2022'5b84      0x3c  translator.o [13]
    .bss                 zero     0x2022'5bc0      0x8c  usb_device_ehci.o [17]
    .bss                 zero     0x2022'5c4c       0x4  usbTask.o [19]
    .bss                 zero     0x2022'5c50       0x4  usbTask.o [19]
    .bss                 zero     0x2022'5c54       0x4  usbTask.o [19]
    .bss                 zero     0x2022'5c58       0x4  usbTask.o [19]
    .bss                 zero     0x2022'5c5c       0x4  usbTask.o [19]
    .bss                 zero     0x2022'5c60       0x4  usbTask.o [19]
    .bss                 zero     0x2022'5c64      0x10  usbTask.o [19]
    .bss                 zero     0x2022'5c74      0x80  usbTask.o [19]
    .bss                 zero     0x2022'5cf4       0x4  usbTask.o [19]
    .bss                 zero     0x2022'5cf8       0x4  usbTask.o [19]
    .bss                 zero     0x2022'5cfc       0x4  usbTask.o [19]
    .bss                 zero     0x2022'5d00       0x4  usbTask.o [19]
    .bss                 zero     0x2022'5d04       0x4  valueMax.o [20]
    .bss                 zero     0x2022'5d08      0x14  valueMax.o [20]
    .bss                 zero     0x2022'5d1c     0x580  valueMax.o [20]
    .bss                 zero     0x2022'629c      0x38  valueMax.o [20]
    .bss                 zero     0x2022'62d4       0x4  valueMax.o [20]
    .bss                 zero     0x2022'62d8       0x4  valueMax.o [20]
    .bss                 zero     0x2022'62dc       0x4  w25x10cl.o [13]
    .bss                 zero     0x2022'62e0       0x4  w25x10cl.o [13]
    .tbss                zero     0x2022'62e4       0x4  errno.o [27]
    DataQuickAccess      zero     0x2022'62e8       0x8  printEngine.o [12]
    DataQuickAccess      zero     0x2022'62f0       0x8  printEngine.o [12]
    DataQuickAccess      zero     0x2022'62f8       0x8  printEngine.o [12]
    DataQuickAccess      zero     0x2022'6300       0x4  printEngine.o [12]
    DataQuickAccess      zero     0x2022'6304      0x18  printEngine.o [12]
    DataQuickAccess      zero     0x2022'631c      0x18  printEngine.o [12]
    DataQuickAccess      zero     0x2022'6334      0x10  printEngine.o [12]
    DataQuickAccess      zero     0x2022'6344      0x10  printEngine.o [12]
    .bss                 zero     0x2022'6354       0x2  averyWeigher.o [21]
    .bss                 zero     0x2022'6356       0x2  developmentTools.o [13]
    .bss                 zero     0x2022'6358       0x2  developmentTools.o [13]
    .bss                 zero     0x2022'635a       0x2  developmentTools.o [13]
    .bss                 zero     0x2022'635c       0x2  developmentTools.o [13]
    .bss                 zero     0x2022'635e       0x2  developmentTools.o [13]
    .bss                 zero     0x2022'6360       0x2  developmentTools.o [13]
    .bss                 zero     0x2022'6362       0x2  lp5521.o [13]
    .bss                 zero     0x2022'6364       0x2  printEngine.o [12]
    .bss                 zero     0x2022'6366       0x2  printEngine.o [12]
    .bss                 zero     0x2022'6368       0x2  printEngine.o [12]
    .bss                 zero     0x2022'636a       0x2  printEngine.o [12]
    .bss                 zero     0x2022'636c       0x2  printEngine.o [12]
    .bss                 zero     0x2022'636e       0x2  printEngine.o [12]
    .bss                 zero     0x2022'6370       0x2  printEngine.o [12]
    .bss                 zero     0x2022'6372       0x2  printHead.o [12]
    .bss                 zero     0x2022'6374       0x2  takeupMotor.o [12]
    .bss                 zero     0x2022'6376       0x2  takeupMotor.o [12]
    .bss                 zero     0x2022'6378       0x2  takeupMotor.o [12]
    .bss                 zero     0x2022'637a       0x2  takeupMotor.o [12]
    .bss                 zero     0x2022'637c       0x2  takeupMotor.o [12]
    .bss                 zero     0x2022'637e       0x2  takeupMotor.o [12]
    .bss                 zero     0x2022'6380       0x2  takeupMotor.o [12]
    .bss                 zero     0x2022'6382       0x2  takeupMotor.o [12]
    .bss                 zero     0x2022'6384       0x2  takeupMotor.o [12]
    .bss                 zero     0x2022'6386       0x2  takeupMotor.o [12]
    .bss                 zero     0x2022'6388       0x2  takeupMotor.o [12]
    .bss                 zero     0x2022'638a       0x2  takeupMotor.o [12]
    .bss                 zero     0x2022'638c       0x2  takeupMotor.o [12]
    .bss                 zero     0x2022'638e       0x2  takeupMotor.o [12]
    .bss                 zero     0x2022'6390       0x2  takeupMotor.o [12]
    .bss                 zero     0x2022'6392       0x2  takeupMotor.o [12]
    .bss                 zero     0x2022'6394       0x2  takeupMotor.o [12]
    .bss                 zero     0x2022'6396       0x2  takeupMotor.o [12]
    .bss                 zero     0x2022'6398       0x2  takeupMotor.o [12]
    .bss                 zero     0x2022'639a       0x2  takeupMotor.o [12]
    .bss                 zero     0x2022'639c       0x2  takeupMotor.o [12]
    .bss                 zero     0x2022'639e       0x2  takeupMotor.o [12]
    .bss                 zero     0x2022'63a0       0x2  takeupMotor.o [12]
    .bss                 zero     0x2022'63a2       0x2  takeupMotor.o [12]
    .bss                 zero     0x2022'63a4       0x2  takeupMotor.o [12]
    .bss                 zero     0x2022'63a6       0x2  TPHMotor.o [12]
    .bss                 zero     0x2022'63a8       0x2  TPHMotor.o [12]
    .bss                 zero     0x2022'63aa       0x1  averyCutter.o [12]
    .bss                 zero     0x2022'63ab       0x1  averyCutter.o [12]
    .bss                 zero     0x2022'63ac       0x1  averyCutter.o [12]
    .bss                 zero     0x2022'63ad       0x1  averyWeigher.o [21]
    .bss                 zero     0x2022'63ae       0x1  averyWeigher.o [21]
    .bss                 zero     0x2022'63af       0x1  averyWeigher.o [21]
    .bss                 zero     0x2022'63b0       0x1  averyWeigher.o [21]
    .bss                 zero     0x2022'63b1       0x1  averyWeigher.o [21]
    .bss                 zero     0x2022'63b2       0x1  averyWeigher.o [21]
    .bss                 zero     0x2022'63b3       0x1  averyWeigher.o [21]
    .bss                 zero     0x2022'63b4       0x1  averyWeigher.o [21]
    .bss                 zero     0x2022'63b5       0x1  averyWeigher.o [21]
    .bss                 zero     0x2022'63b6       0x1  averyWeigher.o [21]
    .bss                 zero     0x2022'63b7       0x1  averyWeigher.o [21]
    .bss                 zero     0x2022'63b8       0x1  averyWeigher.o [21]
    .bss                 zero     0x2022'63b9       0x1  averyWeigher.o [21]
    .bss                 zero     0x2022'63ba       0x1  averyWeigher.o [21]
    .bss                 zero     0x2022'63bb       0x1  averyWeigher.o [21]
    .bss                 zero     0x2022'63bc       0x1  averyWeigher.o [21]
    .bss                 zero     0x2022'63bd       0x1  averyWeigher.o [21]
    .bss                 zero     0x2022'63be       0x1  averyWeigher.o [21]
    .bss                 zero     0x2022'63bf       0x1  cat3Audit.o [21]
    .bss                 zero     0x2022'63c0       0x1  cat3Audit.o [21]
    .bss                 zero     0x2022'63c1       0x1  dotWearTask.o [12]
    .bss                 zero     0x2022'63c2       0x1  dvr8818.o [12]
    .bss                 zero     0x2022'63c3       0x1  eep93C56.o [20]
    .bss                 zero     0x2022'63c4       0x1  fsl_debug_console.o [23]
    .bss                 zero     0x2022'63c5       0x1  fsl_edma.o [6]
    .bss                 zero     0x2022'63c6       0x1  globalPrinterTask.o [12]
    .bss                 zero     0x2022'63c7       0x1  globalPrinterTask.o [12]
    .bss                 zero     0x2022'63c8       0x1  globalPrinterTask.o [12]
    .bss                 zero     0x2022'63c9       0x1  globalPrinterTask.o [12]
    .bss                 zero     0x2022'63ca       0x1  globalPrinterTask.o [12]
    .bss                 zero     0x2022'63cb       0x1  globalPrinterTask.o [12]
    .bss                 zero     0x2022'63cc       0x1  globalPrinterTask.o [12]
    .bss                 zero     0x2022'63cd       0x1  globalPrinterTask.o [12]
    .bss                 zero     0x2022'63ce       0x1  globalPrinterTask.o [12]
    .bss                 zero     0x2022'63cf       0x1  globalPrinterTask.o [12]
    .bss                 zero     0x2022'63d0       0x1  globalPrinterTask.o [12]
    .bss                 zero     0x2022'63d1       0x1  idleTask.o [13]
    .bss                 zero     0x2022'63d2       0x1  lp5521.o [13]
    .bss                 zero     0x2022'63d3       0x1  lp5521.o [13]
    .bss                 zero     0x2022'63d4       0x1  lp5521.o [13]
    .bss                 zero     0x2022'63d5       0x1  port.o [8]
    .bss                 zero     0x2022'63d6       0x1  printEngine.o [12]
    .bss                 zero     0x2022'63d7       0x1  printEngine.o [12]
    .bss                 zero     0x2022'63d8       0x1  printEngine.o [12]
    .bss                 zero     0x2022'63d9       0x1  printEngine.o [12]
    .bss                 zero     0x2022'63da       0x1  printEngine.o [12]
    .bss                 zero     0x2022'63db       0x1  printEngine.o [12]
    .bss                 zero     0x2022'63dc       0x1  printEngine.o [12]
    .bss                 zero     0x2022'63dd       0x1  printEngine.o [12]
    .bss                 zero     0x2022'63de       0x1  printEngine.o [12]
    .bss                 zero     0x2022'63df       0x1  printEngine.o [12]
    .bss                 zero     0x2022'63e0       0x1  printEngine.o [12]
    .bss                 zero     0x2022'63e1       0x1  printEngine.o [12]
    .bss                 zero     0x2022'63e2       0x1  printEngine.o [12]
    .bss                 zero     0x2022'63e3       0x1  printEngine.o [12]
    .bss                 zero     0x2022'63e4       0x1  printEngine.o [12]
    .bss                 zero     0x2022'63e5       0x1  printEngine.o [12]
    .bss                 zero     0x2022'63e6       0x1  printEngine.o [12]
    .bss                 zero     0x2022'63e7       0x1  printEngine.o [12]
    .bss                 zero     0x2022'63e8       0x1  printEngine.o [12]
    .bss                 zero     0x2022'63e9       0x1  printEngine.o [12]
    .bss                 zero     0x2022'63ea       0x1  printEngine.o [12]
    .bss                 zero     0x2022'63eb       0x1  printEngine.o [12]
    .bss                 zero     0x2022'63ec       0x1  printEngine.o [12]
    .bss                 zero     0x2022'63ed       0x1  printEngine.o [12]
    .bss                 zero     0x2022'63ee       0x1  printEngine.o [12]
    .bss                 zero     0x2022'63ef       0x1  printEngine.o [12]
    .bss                 zero     0x2022'63f0       0x1  printEngine.o [12]
    .bss                 zero     0x2022'63f1       0x1  printEngine.o [12]
    .bss                 zero     0x2022'63f2       0x1  printHead.o [12]
    .bss                 zero     0x2022'63f3       0x1  sensors.o [13]
    .bss                 zero     0x2022'63f4       0x1  sensors.o [13]
    .bss                 zero     0x2022'63f5       0x1  sensors.o [13]
    .bss                 zero     0x2022'63f6       0x1  sensors.o [13]
    .bss                 zero     0x2022'63f7       0x1  sensors.o [13]
    .bss                 zero     0x2022'63f8       0x1  sensors.o [13]
    .bss                 zero     0x2022'63f9       0x1  sensors.o [13]
    .bss                 zero     0x2022'63fa       0x1  sensors.o [13]
    .bss                 zero     0x2022'63fb       0x1  sensors.o [13]
    .bss                 zero     0x2022'63fc       0x1  sensors.o [13]
    .bss                 zero     0x2022'63fd       0x1  sensors.o [13]
    .bss                 zero     0x2022'63fe       0x1  sensors.o [13]
    .bss                 zero     0x2022'63ff       0x1  sensors.o [13]
    .bss                 zero     0x2022'6400       0x1  takeupMotor.o [12]
    .bss                 zero     0x2022'6401       0x1  takeupMotor.o [12]
    .bss                 zero     0x2022'6402       0x1  takeupMotor.o [12]
    .bss                 zero     0x2022'6403       0x1  takeupMotor.o [12]
    .bss                 zero     0x2022'6404       0x1  takeupMotor.o [12]
    .bss                 zero     0x2022'6405       0x1  takeupMotor.o [12]
    .bss                 zero     0x2022'6406       0x1  takeupMotor.o [12]
    .bss                 zero     0x2022'6407       0x1  takeupMotor.o [12]
    .bss                 zero     0x2022'6408       0x1  takeupMotor.o [12]
    .bss                 zero     0x2022'6409       0x1  takeupMotor.o [12]
    .bss                 zero     0x2022'640a       0x1  takeupMotor.o [12]
    .bss                 zero     0x2022'640b       0x1  takeupMotor.o [12]
    .bss                 zero     0x2022'640c       0x1  takeupMotor.o [12]
    .bss                 zero     0x2022'640d       0x1  threadManager.o [13]
    .bss                 zero     0x2022'640e       0x1  TPHMotor.o [12]
    .bss                 zero     0x2022'640f       0x1  TPHMotor.o [12]
    .bss                 zero     0x2022'6410       0x1  TPHMotor.o [12]
    .bss                 zero     0x2022'6411       0x1  TPHMotor.o [12]
    .bss                 zero     0x2022'6412       0x1  TPHMotor.o [12]
    .bss                 zero     0x2022'6413       0x1  TPHMotor.o [12]
    .bss                 zero     0x2022'6414       0x1  translator.o [13]
    .bss                 zero     0x2022'6415       0x1  translator.o [13]
    .bss                 zero     0x2022'6416       0x1  translator.o [13]
    .bss                 zero     0x2022'6417       0x1  usb_device_ehci.o [17]
    .bss                 zero     0x2022'6418       0x1  usbTask.o [19]
    .bss                 zero     0x2022'6419       0x1  usbTask.o [19]
    .bss                 zero     0x2022'641a       0x1  valueMax.o [20]
    .bss                 zero     0x2022'641b       0x1  valueMax.o [20]
                                - 0x2022'641c  0x2'6130

"A1":                                             0x200
  .boot_hdr.conf         const    0x6000'0000     0x200  evkmimxrt1024_flexspi_nor_config.o [26]
                                - 0x6000'0200     0x200

"A2":                                              0x20
  .boot_hdr.ivt          const    0x6000'1000      0x20  fsl_flexspi_nor_boot.o [26]
                                - 0x6000'1020      0x20

"A3":                                              0x10
  .boot_hdr.boot_data    const    0x6000'1020      0x10  fsl_flexspi_nor_boot.o [26]
                                - 0x6000'1030      0x10

"A4":                                             0x3e0
  .boot_hdr.dcd_data     const    0x6000'1030     0x3e0  dcd.o [2]
                                - 0x6000'1410     0x3e0

"A0":                                             0x400
  .intvec                ro code  0x6000'2000     0x400  startup_MIMXRT1024.o [22]
                                - 0x6000'2400     0x400

"P1":                                          0x2'e533
  Veneer                 ro code  0x6000'2400       0x8  - Linker created -
  Veneer                 ro code  0x6000'2408       0x8  - Linker created -
  .text                  ro code  0x6000'2410    0x3ee8  translator.o [13]
  .text                  ro code  0x6000'62f8     0x19c  fsl_debug_console.o [23]
  .text                  ro code  0x6000'6494     0x250  queueManager.o [13]
  .text                  ro code  0x6000'66e4     0xea4  queue.o [7]
  .text                  ro code  0x6000'7588     0xd28  tasks.o [7]
  .text                  ro code  0x6000'82b0     0x254  developmentTools.o [13]
  .text                  ro code  0x6000'8504      0x44  dotWearTask.o [12]
  .text                  ro code  0x6000'8548     0x102  fsl_component_serial_manager.o [24]
  .rodata                const    0x6000'864a       0x2  commandTable.o [10]
  .text                  ro code  0x6000'864c      0xa6  ABImemcpy.o [29]
  .rodata                const    0x6000'86f2       0x2  fsl_clock.o [6]
  .text                  ro code  0x6000'86f4      0x66  ABImemset.o [29]
  .rodata                const    0x6000'875a       0x2  fsl_dmamux.o [6]
  .text                  ro code  0x6000'875c     0x998  fsl_str.o [23]
  .text                  ro code  0x6000'90f4     0x24c  port.o [8]
  .text                  ro code  0x6000'9340      0x98  list.o [7]
  .text                  ro code  0x6000'93d8     0x2ac  heap_4.o [9]
  .text                  ro code  0x6000'9684     0x530  timers.o [7]
  .text                  ro code  0x6000'9bb4      0x30  fsl_component_serial_port_uart.o [24]
  .text                  ro code  0x6000'9be4     0x274  I64DivMod.o [29]
  .text                  ro code  0x6000'9e58      0x9e  modf.o [28]
  .rodata                const    0x6000'9ef6       0x2  fsl_edma.o [6]
  .text                  ro code  0x6000'9ef8     0x514  pow64.o [28]
  .text                  ro code  0x6000'a40c      0x66  DblToS64.o [28]
  .rodata                const    0x6000'a472       0x2  fsl_pit.o [6]
  .text                  ro code  0x6000'a474      0x54  S64ToDbl.o [28]
  .text                  ro code  0x6000'a4c8      0x36  strlen.o [29]
  .rodata                const    0x6000'a4fe       0x2  fsl_xbara.o [6]
  .text                  ro code  0x6000'a500      0x34  port.o [8]
  CODE                   ro code  0x6000'a534      0xb0  portasm.o [8]
  .text                  ro code  0x6000'a5e4     0x18c  fsl_adapter_lpuart.o [25]
  .text                  ro code  0x6000'a770       0x2  I64DivZer.o [29]
  .text                  ro code  0x6000'a772       0x2  startup_MIMXRT1024.o [22]
  .text                  ro code  0x6000'a774      0x24  errno.o [27]
  .text                  ro code  0x6000'a798      0x7c  frexp.o [28]
  .text                  ro code  0x6000'a814     0x2c0  iar_Exp64.o [28]
  .text                  ro code  0x6000'aad4     0xb7c  fsl_lpuart.o [6]
  .text                  ro code  0x6000'b650      0x18  fsl_assert.o [23]
  .text                  ro code  0x6000'b668       0x4  tp_nothreads.o [27]
  .text                  ro code  0x6000'b66c      0xf0  ldexp.o [28]
  Veneer                 ro code  0x6000'b75c       0x8  - Linker created -
  Veneer                 ro code  0x6000'b764       0x8  - Linker created -
  Veneer                 ro code  0x6000'b76c       0x8  - Linker created -
  Veneer                 ro code  0x6000'b774       0x8  - Linker created -
  Veneer                 ro code  0x6000'b77c       0x8  - Linker created -
  Veneer                 ro code  0x6000'b784       0x8  - Linker created -
  Veneer                 ro code  0x6000'b78c       0x8  - Linker created -
  Veneer                 ro code  0x6000'b794       0x8  - Linker created -
  Veneer                 ro code  0x6000'b79c       0x8  - Linker created -
  Veneer                 ro code  0x6000'b7a4       0x8  - Linker created -
  Veneer                 ro code  0x6000'b7ac       0x8  - Linker created -
  Veneer                 ro code  0x6000'b7b4       0x8  - Linker created -
  Veneer                 ro code  0x6000'b7bc       0x8  - Linker created -
  Veneer                 ro code  0x6000'b7c4       0x8  - Linker created -
  Veneer                 ro code  0x6000'b7cc       0x8  - Linker created -
  Veneer                 ro code  0x6000'b7d4       0x8  - Linker created -
  Veneer                 ro code  0x6000'b7dc       0x8  - Linker created -
  Veneer                 ro code  0x6000'b7e4       0x8  - Linker created -
  Veneer                 ro code  0x6000'b7ec       0x8  - Linker created -
  Veneer                 ro code  0x6000'b7f4       0x8  - Linker created -
  Veneer                 ro code  0x6000'b7fc       0x8  - Linker created -
  Veneer                 ro code  0x6000'b804       0x8  - Linker created -
  Veneer                 ro code  0x6000'b80c       0x8  - Linker created -
  Veneer                 ro code  0x6000'b814       0x8  - Linker created -
  Veneer                 ro code  0x6000'b81c       0x8  - Linker created -
  Veneer                 ro code  0x6000'b824       0x8  - Linker created -
  Veneer                 ro code  0x6000'b82c       0x8  - Linker created -
  Veneer                 ro code  0x6000'b834       0x8  - Linker created -
  Veneer                 ro code  0x6000'b83c       0x8  - Linker created -
  Veneer                 ro code  0x6000'b844       0x8  - Linker created -
  Veneer                 ro code  0x6000'b84c       0x8  - Linker created -
[...]
testForContinuous       0x6000'c975      0xee  Code  Gb  printEngine.o [12]
testForLabelOp          0x6000'c7f1     0x166  Code  Gb  printEngine.o [12]
testForLabelOp::labelFound_
                        0x2022'63ed       0x1  Data  Lc  printEngine.o [12]
testForSyncOp           0x6000'c7b9       0xc  Code  Gb  printEngine.o [12]
testGap                 0x2020'00f4       0xc  Data  Lc  commandTable.o [10]
testOp                  0x6000'cbe5      0xbc  Code  Gb  printEngine.o [12]
testPrint_              0x2022'63c1       0x1  Data  Lc  dotWearTask.o [12]
tightenStock                 0x4b0d      0xaa  Code  Gb  takeupMotor.o [12]
tightenStockIntr             0x3f2d     0x180  Code  Lc  takeupMotor.o [12]
tightenStockIntr::maxDecelTUSpeed
                        0x2022'63a4       0x2  Data  Lc  takeupMotor.o [12]
tightenStockIntr::rampStep
                        0x2022'63a2       0x2  Data  Lc  takeupMotor.o [12]
tightenStockIntr::startUp
                        0x2020'02c6       0x1  Data  Lc  takeupMotor.o [12]
tightenStockIntr::targetSpeed
                        0x2022'63a0       0x2  Data  Lc  takeupMotor.o [12]
tightenedVals           0x2021'6790     0x200  Data  Gb  lp5521.o [13]
tmr2Intr                0x2021'bd5c       0x4  Data  Gb  takeupMotor.o [12]
toggleDebugPin10uS           0x342d      0x22  Code  Gb  takeupMotor.o [12]
torqueSensorSaturated   0x2022'6400       0x1  Data  Lc  takeupMotor.o [12]
totalStepsTaken         0x2000'01c6       0x2  Data  Lc  takeupMotor.o [12]
translateFrameHdr       0x6000'2767      0x54  Code  Lc  translator.o [13]
translatePrinterMessage
                        0x6000'2619      0xa0  Code  Lc  translator.o [13]
translatePrinterMessage::msgSize
                        0x2022'5b64       0x4  Data  Lc  translator.o [13]
translatePrinterMessage::prHdr
                        0x2022'5b68       0xc  Data  Lc  translator.o [13]
translateWeigherMessage
                        0x6000'26b9      0xae  Code  Lc  translator.o [13]
translateWeigherMessage::msgSize
                        0x2022'5b74       0x4  Data  Lc  translator.o [13]
translateWeigherMessage::wrHdr
                        0x2022'5b78       0xc  Data  Lc  translator.o [13]
translatorTask          0x6000'24cd      0xe2  Code  Lc  translator.o [13]
tuControlState          0x2020'02c4       0x1  Data  Lc  takeupMotor.o [12]
tuRunningAvgArray       0x2021'bd48      0x10  Data  Lc  takeupMotor.o [12]
tuRunningAvgArrayIndex  0x2022'6401       0x1  Data  Lc  takeupMotor.o [12]
tuRunningAvgNumValidReadings
                        0x2022'6378       0x2  Data  Lc  takeupMotor.o [12]
tuRunningAvgSum         0x2021'bd58       0x4  Data  Lc  takeupMotor.o [12]
tuTimeRunningAverage    0x2022'637a       0x2  Data  Lc  takeupMotor.o [12]
tuTorqueSum             0x2022'59a4       0x4  Data  Gb  takeupMotor.o [12]
uQueueSet_              0x2022'5c60       0x4  Data  Gb  usbTask.o [19]
uart1Callback           0x6001'4385      0xce  Code  Gb  averyCutter.o [12]
uartRxBfr               0x2000'12f0     0x100  Data  Gb  averyCutter.o [12]
uartTxBfr               0x2000'11f0     0x100  Data  Gb  averyCutter.o [12]
ucHeap                  0x2020'1f60  0x1'4000  Data  Lc  heap_4.o [9]
ucMaxSysCallPriority    0x2022'63d5       0x1  Data  Lc  port.o [8]
ulMaxPRIGROUPValue      0x2021'6bc0       0x4  Data  Lc  port.o [8]
uncertainty             0x2020'03b0       0x8  Data  Lc  averyWeigher.o [21]
unfilteredShootCount    0x2000'01ca       0x2  Data  Gb  takeupMotor.o [12]
updateAuditMGR          0x603d'349b      0x5e  Code  Lc  cat3Audit.o [21]
updateDateTimeEvents    0x603d'3a5b       0xe  Code  Gb  cat3Audit.o [21]
updateHistory           0x603d'257f      0x70  Code  Lc  averyWeigher.o [21]
updateParameters        0x603d'19b3      0x30  Code  Lc  averyWeigher.o [21]
updatePrintTimings           0x218d      0x7a  Code  Gb  printHead.o [12]
updateTaskHandle        0x6001'2f8d      0x1a  Code  Gb  threadManager.o [13]
usbMgr                  0x2022'5c74      0x80  Data  Gb  usbTask.o [19]
usbMgrConfigList        0x2020'0280       0xc  Data  Gb  usbTask.o [19]
usbTask                 0x6001'4839     0x480  Code  Gb  usbTask.o [19]
usbTask::prHdr          0x2020'02c7       0x1  Data  Lc  usbTask.o [19]
usbTask::prMsgCnt       0x2022'5cfc       0x4  Data  Lc  usbTask.o [19]
usbTask::prMsgSize      0x2022'5cf4       0x4  Data  Lc  usbTask.o [19]
usbTask::wgFlag_        0x2022'6419       0x1  Data  Lc  usbTask.o [19]
usbTask::wrHdr          0x2020'02c8       0x1  Data  Lc  usbTask.o [19]
usbTask::wrMsgCnt       0x2022'5d00       0x4  Data  Lc  usbTask.o [19]
usbTask::wrMsgSize      0x2022'5cf8       0x4  Data  Lc  usbTask.o [19]
uxCriticalNesting       0x2020'0180       0x4  Data  Lc  port.o [8]
uxCurrentNumberOfTasks  0x2022'5a90       0x4  Data  Lc  tasks.o [7]
uxDeletedTasksWaitingCleanUp
                        0x2022'5a78       0x4  Data  Lc  tasks.o [7]
uxListRemove            0x6000'93b3      0x26  Code  Gb  list.o [7]
uxQueueMessagesWaiting  0x6000'723b      0x2a  Code  Gb  queue.o [7]
uxQueueMessagesWaitingFromISR
                        0x6000'7265      0x1e  Code  Gb  queue.o [7]
uxSchedulerSuspended    0x2022'5ab8       0x4  Data  Lc  tasks.o [7]
uxTaskNumber            0x2022'5aac       0x4  Data  Lc  tasks.o [7]
uxTopReadyPriority      0x2022'5a98       0x4  Data  Lc  tasks.o [7]
uxTopUsedPriority       0x2020'0190       0x4  Data  Gb  tasks.o [7]
vListInitialise         0x6000'9341      0x1e  Code  Gb  list.o [7]
vListInitialiseItem     0x6000'935f       0x6  Code  Gb  list.o [7]
vListInsert             0x6000'937d      0x36  Code  Gb  list.o [7]
vListInsertEnd          0x6000'9365      0x18  Code  Gb  list.o [7]
vPortEnableVFP          0x6000'a5c9            Code  Gb  portasm.o [8]
vPortEnterCritical      0x6000'9227      0x3a  Code  Gb  port.o [8]
vPortExitCritical       0x6000'9261      0x32  Code  Gb  port.o [8]
vPortFree               0x6000'951d      0x82  Code  Gb  heap_4.o [9]
vPortSetupTimerInterrupt
                        0x6000'a501      0x34  Code  Wk  port.o [8]
vPortStartFirstTask     0x6000'a5a9            Code  Gb  portasm.o [8]
vPortValidateInterruptPriority
                        0x6000'92bd      0x54  Code  Gb  port.o [8]
vQueueAddToRegistry     0x6000'742f      0x24  Code  Gb  queue.o [7]
vQueueWaitForMessageRestricted
                        0x6000'7459      0x4a  Code  Gb  queue.o [7]
vScopeRecordMtrEnblTime
                        0x6001'19ab       0x2  Code  Gb  virtualScope.o [12]
vScopeRecordPHStep      0x6001'19ad       0x2  Code  Gb  virtualScope.o [12]
vScopeRecordTakeUp      0x6001'19a9       0x2  Code  Gb  virtualScope.o [12]
vTaskDelay              0x6000'777b      0x50  Code  Gb  tasks.o [7]
vTaskInternalSetTimeOutState
                        0x6000'7c8d      0x12  Code  Gb  tasks.o [7]
vTaskMissedYield        0x6000'7d33       0xa  Code  Gb  tasks.o [7]
vTaskPlaceOnEventList   0x6000'7b77      0x32  Code  Gb  tasks.o [7]
vTaskPlaceOnEventListRestricted
                        0x6000'7bc5      0x3c  Code  Gb  tasks.o [7]
vTaskPriorityDisinheritAfterTimeout
                        0x6000'7fb1      0xb2  Code  Gb  tasks.o [7]
vTaskStartScheduler     0x6000'78b7      0x78  Code  Gb  tasks.o [7]
vTaskSuspend            0x6000'77cb      0xec  Code  Gb  tasks.o [7]
vTaskSuspendAll         0x6000'792f       0xc  Code  Gb  tasks.o [7]
vTaskSwitchContext      0x6000'7b07      0x70  Code  Gb  tasks.o [7]
vTimerSetTimerID        0x6000'9b63      0x2a  Code  Gb  timers.o [7]
validZero               0x603d'189d      0xb2  Code  Lc  averyWeigher.o [21]
valueMaxHandleAcclMeasurement
                        0x603d'10f9     0x328  Code  Gb  averyWeigher.o [21]
valueMaxHandleAcclMeasurement::buffer_filled
                        0x2022'63bc       0x1  Data  Lc  averyWeigher.o [21]
valueMaxHandleAcclMeasurement{4}{5}::printfThrottle
                        0x2022'6354       0x2  Data  Lc  averyWeigher.o [21]
valueMaxHandleAcclMeasurement{6}{7}{8}{9}::printfThrottle
                        0x2020'02d8       0x2  Data  Lc  averyWeigher.o [21]
valueMaxQHandle         0x2022'62d4       0x4  Data  Lc  valueMax.o [20]
valueMaxSPI3Mutex_      0x2022'62d8       0x4  Data  Lc  valueMax.o [20]
valueMaxTask            0x6001'dabd     0x166  Code  Lc  valueMax.o [20]
valueMaxTask{1}{2}{9}{10}{11}{12}{13}::printfThrottle
                        0x2020'02b8       0x2  Data  Lc  valueMax.o [20]
valueMaxTask{1}{2}{9}{16}::printfThrottle
                        0x2020'02ba       0x2  Data  Lc  valueMax.o [20]
valueMax_               0x2022'5d1c     0x580  Data  Lc  valueMax.o [20]
varGainFilterAppend     0x603d'418b      0x1e  Code  Gb  varGainFilter.o [21]
varGainFilterInit       0x603d'415d      0x2e  Code  Gb  varGainFilter.o [21]
varGainFilterSetGain    0x603d'41a9      0x2c  Code  Gb  varGainFilter.o [21]
varGainFilterSetGainMinMax
                        0x603d'41d5      0x52  Code  Gb  varGainFilter.o [21]
verifyConfiguration     0x603d'033d     0x1e6  Code  Lc  averyWeigher.o [21]
verifyPrConfiguration   0x6001'1585     0x294  Code  Lc  globalPrinterTask.o [12]
verticalOffsetIndex     0x2021'ba78       0x4  Data  Gb  printEngine.o [12]
vmEEPPageBuffer         0x2020'028c      0x10  Data  Lc  valueMax.o [20]
vmSPIConfigState        0x2022'641b       0x1  Data  Lc  valueMax.o [20]
vmSpiHandle_            0x2022'629c      0x38  Data  Lc  valueMax.o [20]
vmTaskHandle            0x2022'5d04       0x4  Data  Lc  valueMax.o [20]
wQueueSet_              0x2020'03e0       0x4  Data  Lc  averyWeigher.o [21]
waitClean_              0x6002'c748       0x4  Data  Lc  commandTable.o [10]
waitCut_                0x6002'c744       0x4  Data  Lc  commandTable.o [10]
waitForCompletion       0x6001'7fb1      0x34  Code  Lc  w25x10cl.o [13]
waitForLabelTaken       0x2020'02bf       0x1  Data  Lc  globalPrinterTask.o [12]
waitOp                       0x1999      0xa6  Code  Gb  printEngine.o [12]
waitOp::waitCount_      0x2021'bbe8       0x4  Data  Lc  printEngine.o [12]
waitUntilOp                  0x1a95     0x274  Code  Gb  printEngine.o [12]
waitUntilSizingOp       0x6000'ca69     0x178  Code  Gb  printEngine.o [12]
waitUntilSizingOp::backUp_
                        0x2022'63f0       0x1  Data  Lc  printEngine.o [12]
waitUntilSizingOp::interlock_
                        0x2022'63ee       0x1  Data  Lc  printEngine.o [12]
waitUntilSizingOp::sigCutter_
                        0x2022'63ef       0x1  Data  Lc  printEngine.o [12]
waitUntilSizingOp::waitForLabel_
                        0x2022'63f1       0x1  Data  Lc  printEngine.o [12]
wakeupMotor             0x6002'0b27      0x20  Code  Gb  dvr8818.o [12]
weigherCountsStartStop  0x603d'0fb1      0x14  Code  Gb  averyWeigher.o [21]
weigherMode_            0x2020'02e8       0x1  Data  Lc  averyWeigher.o [21]
weigherPowerUp          0x2020'02e9       0x1  Data  Gb  averyWeigher.o [21]
weigherSwM              0x603f'fff3       0x1  Data  Gb  vendor.o [13]
weigherSwe              0x603f'fff5       0x1  Data  Gb  vendor.o [13]
weigherSwm              0x603f'fff4       0x1  Data  Gb  vendor.o [13]
weight_                 0x2020'046c       0x4  Data  Lc  averyWeigher.o [21]
wfbMutex_               0x2022'62e0       0x4  Data  Lc  w25x10cl.o [13]
wgVersion_              0x2020'0418      0x10  Data  Lc  averyWeigher.o [21]
wrRcvUsbBfr             0x2000'00b8      0x4c  Data  Gb  translator.o [13]
write93C56MultiWord     0x603d'45fd      0x64  Code  Gb  eep93C56.o [20]
write93C56Word          0x603d'4661     0x148  Code  Lc  eep93C56.o [20]
writeAuditMGR           0x603d'34f9      0x32  Code  Lc  cat3Audit.o [21]
writeCS5530             0x603d'2df1      0x3c  Code  Lc  cs5530.o [21]
writeFitCalibrationAll  0x6001'e0f5      0x1c  Code  Lc  valueMax.o [20]
writeFlashByte          0x6001'7fe5      0x74  Code  Lc  w25x10cl.o [13]
writeRegister           0x6001'62c5      0x98  Code  Lc  lp5521.o [13]
writeSCA3300            0x6001'e8eb      0x9a  Code  Lc  sca3300Accel.o [20]
writeSCA3300{5}{6}::printfThrottle
                        0x2020'02b2       0x2  Data  Lc  sca3300Accel.o [20]
writeSerialAuditRcd     0x603d'3cc7      0x34  Code  Lc  cat3Audit.o [21]
writeSerialFlash        0x6001'753b     0x15a  Code  Gb  w25x10cl.o [13]
writeSerialFlashNE      0x6001'7695      0xde  Code  Gb  w25x10cl.o [13]
writeVmAssemblyNumber   0x6001'e02d      0x32  Code  Lc  valueMax.o [20]
writeVmDate             0x6001'e0c3      0x32  Code  Lc  valueMax.o [20]
writeVmSerialNumber     0x6001'e091      0x32  Code  Lc  valueMax.o [20]
writeVmVersion          0x6001'e05f      0x32  Code  Lc  valueMax.o [20]
x                       0x2021'5f90     0x200  Data  Lc  lp5521.o [13]
xActiveTimerList1       0x2022'5ad8      0x14  Data  Lc  timers.o [7]
xActiveTimerList2       0x2022'5aec      0x14  Data  Lc  timers.o [7]
xBlockAllocatedBit      0x2021'5f7c       0x4  Data  Lc  heap_4.o [9]
xDelayedTaskList1       0x2022'5a20      0x14  Data  Lc  tasks.o [7]
xDelayedTaskList2       0x2022'5a34      0x14  Data  Lc  tasks.o [7]
xFreeBytesRemaining     0x2021'5f6c       0x4  Data  Lc  heap_4.o [9]
xHeapStructSize         0x6002'c790       0x4  Data  Lc  heap_4.o [9]
xIdleTaskHandle         0x2022'5ab4       0x4  Data  Lc  tasks.o [7]
xMinimumEverFreeBytesRemaining
                        0x2021'5f70       0x4  Data  Lc  heap_4.o [9]
xMutex_                 0x2021'bd40       0x4  Data  Lc  systemTimer.o [13]
xNextTaskUnblockTime    0x2022'5ab0       0x4  Data  Lc  tasks.o [7]
xNumOfOverflows         0x2022'5aa8       0x4  Data  Lc  tasks.o [7]
xNumberOfSuccessfulAllocations
                        0x2021'5f74       0x4  Data  Lc  heap_4.o [9]
xNumberOfSuccessfulFrees
                        0x2021'5f78       0x4  Data  Lc  heap_4.o [9]
xPendedTicks            0x2022'5aa0       0x4  Data  Lc  tasks.o [7]
xPendingReadyList       0x2022'5a50      0x14  Data  Lc  tasks.o [7]
xPortGetFreeHeapSize    0x6000'959f       0x6  Code  Gb  heap_4.o [9]
xPortStartScheduler     0x6000'914d      0xda  Code  Gb  port.o [8]
xQueueAddToSet          0x6000'74af      0x2a  Code  Gb  queue.o [7]
xQueueCreateMutex       0x6000'684f      0x1a  Code  Gb  queue.o [7]
xQueueCreateSet         0x6000'74a3       0xc  Code  Gb  queue.o [7]
xQueueGenericCreate     0x6000'677b      0x90  Code  Gb  queue.o [7]
xQueueGenericReset      0x6000'66e5      0x96  Code  Gb  queue.o [7]
xQueueGenericSend       0x6000'68f5     0x1d4  Code  Gb  queue.o [7]
xQueueGenericSendFromISR
                        0x6000'6ac9     0x12c  Code  Gb  queue.o [7]
xQueueGiveFromISR       0x6000'6bf5      0xf8  Code  Gb  queue.o [7]
xQueueGiveMutexRecursive
                        0x6000'6869      0x46  Code  Gb  queue.o [7]
xQueueIsQueueFullFromISR
                        0x6000'7405      0x2a  Code  Gb  queue.o [7]
xQueuePeek              0x6000'6ffd     0x168  Code  Gb  queue.o [7]
xQueueReceive           0x6000'6ced     0x168  Code  Gb  queue.o [7]
xQueueReceiveFromISR    0x6000'7169      0xd2  Code  Gb  queue.o [7]
xQueueRegistry          0x2021'bc8c      0x40  Data  Gb  queue.o [7]
xQueueSelectFromSet     0x6000'74d9      0x12  Code  Gb  queue.o [7]
xQueueSemaphoreTake     0x6000'6e55     0x1a8  Code  Gb  queue.o [7]
xQueueTakeMutexRecursive
                        0x6000'68af      0x46  Code  Gb  queue.o [7]
xSchedulerRunning       0x2022'5a9c       0x4  Data  Lc  tasks.o [7]
xStart                  0x2021'5f60       0x8  Data  Lc  heap_4.o [9]
xSuspendedTaskList      0x2022'5a7c      0x14  Data  Lc  tasks.o [7]
xTaskCheckForTimeOut    0x6000'7ca5      0x8e  Code  Gb  tasks.o [7]
xTaskCreate             0x6000'7589      0x6c  Code  Gb  tasks.o [7]
xTaskGenericNotifyFromISR
                        0x6000'8085     0x16c  Code  Gb  tasks.o [7]
xTaskGetCurrentTaskHandle
                        0x6000'7e31       0x8  Code  Gb  tasks.o [7]
xTaskGetSchedulerState  0x6000'7e41      0x20  Code  Gb  tasks.o [7]
xTaskGetTickCount       0x6000'7a1f       0x8  Code  Gb  tasks.o [7]
xTaskIncrementTick      0x6000'7a27      0xe0  Code  Gb  tasks.o [7]
xTaskPriorityDisinherit
                        0x6000'7ef7      0xa6  Code  Gb  tasks.o [7]
xTaskPriorityInherit    0x6000'7e61      0x96  Code  Gb  tasks.o [7]
xTaskRemoveFromEventList
                        0x6000'7c01      0x84  Code  Gb  tasks.o [7]
xTaskResumeAll          0x6000'793b      0xe4  Code  Gb  tasks.o [7]
xTasksWaitingTermination
                        0x2022'5a64      0x14  Data  Lc  tasks.o [7]
xTickCount              0x2022'5a94       0x4  Data  Lc  tasks.o [7]
xTimerCreate            0x6000'96d1      0x36  Code  Gb  timers.o [7]
xTimerCreateTimerTask   0x6000'9685      0x4c  Code  Gb  timers.o [7]
xTimerGenericCommand    0x6000'975f      0x68  Code  Gb  timers.o [7]
xTimerQueue             0x2022'5b08       0x4  Data  Lc  timers.o [7]
xTimerTaskHandle        0x2022'5b0c       0x4  Data  Lc  timers.o [7]
xYieldPending           0x2022'5aa4       0x4  Data  Lc  tasks.o [7]
y                       0x2021'6190     0x200  Data  Lc  lp5521.o [13]
z                       0x2021'6390     0x200  Data  Lc  lp5521.o [13]
zeroCenter              0x2020'047c       0x4  Data  Gb  averyWeigher.o [21]


[1] = C:\Users\chris.king\Source\GlobalScaleRT1024\flexspi_nor_sdram_debug\Obj\MIMXRT1024\device
[2] = C:\Users\chris.king\Source\GlobalScaleRT1024\flexspi_nor_sdram_debug\Obj\board
[3] = C:\Users\chris.king\Source\GlobalScaleRT1024\flexspi_nor_sdram_debug\Obj\components\exceptions
[4] = C:\Users\chris.king\Source\GlobalScaleRT1024\flexspi_nor_sdram_debug\Obj\components\list
[5] = C:\Users\chris.king\Source\GlobalScaleRT1024\flexspi_nor_sdram_debug\Obj\components\osa
[6] = C:\Users\chris.king\Source\GlobalScaleRT1024\flexspi_nor_sdram_debug\Obj\drivers
[7] = C:\Users\chris.king\Source\GlobalScaleRT1024\flexspi_nor_sdram_debug\Obj\freertos\freertos_kernel
[8] = C:\Users\chris.king\Source\GlobalScaleRT1024\flexspi_nor_sdram_debug\Obj\freertos\freertos_kernel\portable\IAR\ARM_CM4F
[9] = C:\Users\chris.king\Source\GlobalScaleRT1024\flexspi_nor_sdram_debug\Obj\freertos\freertos_kernel\portable\MemMang
[10] = C:\Users\chris.king\Source\GlobalScaleRT1024\flexspi_nor_sdram_debug\Obj\include
[11] = C:\Users\chris.king\Source\GlobalScaleRT1024\flexspi_nor_sdram_debug\Obj\source
[12] = C:\Users\chris.king\Source\GlobalScaleRT1024\flexspi_nor_sdram_debug\Obj\source\printer
[13] = C:\Users\chris.king\Source\GlobalScaleRT1024\flexspi_nor_sdram_debug\Obj\source\system
[14] = C:\Users\chris.king\Source\GlobalScaleRT1024\flexspi_nor_sdram_debug\Obj\source\usb\device\class
[15] = C:\Users\chris.king\Source\GlobalScaleRT1024\flexspi_nor_sdram_debug\Obj\source\usb\device\source
[16] = C:\Users\chris.king\Source\GlobalScaleRT1024\flexspi_nor_sdram_debug\Obj\source\usb\device\source\dci
[17] = C:\Users\chris.king\Source\GlobalScaleRT1024\flexspi_nor_sdram_debug\Obj\source\usb\device\source\ehci
[18] = C:\Users\chris.king\Source\GlobalScaleRT1024\flexspi_nor_sdram_debug\Obj\source\usb\phy
[19] = C:\Users\chris.king\Source\GlobalScaleRT1024\flexspi_nor_sdram_debug\Obj\source\usb\source
[20] = C:\Users\chris.king\Source\GlobalScaleRT1024\flexspi_nor_sdram_debug\Obj\source\valueMax
[21] = C:\Users\chris.king\Source\GlobalScaleRT1024\flexspi_nor_sdram_debug\Obj\source\weigher
[22] = C:\Users\chris.king\Source\GlobalScaleRT1024\flexspi_nor_sdram_debug\Obj\startup
[23] = C:\Users\chris.king\Source\GlobalScaleRT1024\flexspi_nor_sdram_debug\Obj\utilities
[24] = C:\Users\chris.king\Source\GlobalScaleRT1024\flexspi_nor_sdram_debug\Obj\utilities\common
[25] = C:\Users\chris.king\Source\GlobalScaleRT1024\flexspi_nor_sdram_debug\Obj\utilities\common\uart
[26] = C:\Users\chris.king\Source\GlobalScaleRT1024\flexspi_nor_sdram_debug\Obj\xip
[27] = dl7M_tln.a
[28] = m7M_tlv.a
[29] = rt7M_tl.a
[30] = shb_l.a

  145'282 bytes of readonly  code memory
   22'164 bytes of readwrite code memory
   73'171 bytes of readonly  data memory
  219'820 bytes of readwrite data memory

Errors: none
Warnings: none
