###############################################################################
#
# IAR ELF Linker V9.32.1.338/W64 for ARM                  06/Nov/2024  08:15:40
# Copyright 2007-2022 IAR Systems AB.
#
#    Output file  =
#        C:\Users\chris.king\Source\GlobalScaleRT1024\Release\Exe\globalScaleRT1024.out_nochecksum
#    Map file     =
#        C:\Users\chris.king\Source\GlobalScaleRT1024\Release\List\globalScaleRT1024.map
#    Command line =
#        -f
#        C:\Users\chris.king\Source\GlobalScaleRT1024\Release\Exe\globalScaleRT1024.out_nochecksum.rsp
#        (C:\Users\chris.king\Source\GlobalScaleRT1024\Release\Obj\source\printer\averyCutter.o
#        C:\Users\chris.king\Source\GlobalScaleRT1024\Release\Obj\source\weigher\averyWeigher.o
#        C:\Users\chris.king\Source\GlobalScaleRT1024\Release\Obj\board\board.o
#        C:\Users\chris.king\Source\GlobalScaleRT1024\Release\Obj\source\weigher\boxcarFilter.o
#        C:\Users\chris.king\Source\GlobalScaleRT1024\Release\Obj\source\weigher\boxcarFilterF.o
#        C:\Users\chris.king\Source\GlobalScaleRT1024\Release\Obj\source\weigher\cat3Audit.o
#        C:\Users\chris.king\Source\GlobalScaleRT1024\Release\Obj\board\clock_config.o
#        C:\Users\chris.king\Source\GlobalScaleRT1024\Release\Obj\include\commandTable.o
#        C:\Users\chris.king\Source\GlobalScaleRT1024\Release\Obj\freertos\freertos_kernel\croutine.o
#        C:\Users\chris.king\Source\GlobalScaleRT1024\Release\Obj\source\weigher\cs5530.o
#        C:\Users\chris.king\Source\GlobalScaleRT1024\Release\Obj\board\dcd.o
#        C:\Users\chris.king\Source\GlobalScaleRT1024\Release\Obj\source\system\developmentTools.o
#        C:\Users\chris.king\Source\GlobalScaleRT1024\Release\Obj\source\printer\dotWearTask.o
#        C:\Users\chris.king\Source\GlobalScaleRT1024\Release\Obj\source\printer\drawingPrimitives.o
#        C:\Users\chris.king\Source\GlobalScaleRT1024\Release\Obj\source\printer\dvr8818.o
#        C:\Users\chris.king\Source\GlobalScaleRT1024\Release\Obj\source\weigher\edgeDetection.o
#        C:\Users\chris.king\Source\GlobalScaleRT1024\Release\Obj\source\valueMax\eep93C56.o
#        C:\Users\chris.king\Source\GlobalScaleRT1024\Release\Obj\freertos\freertos_kernel\event_groups.o
#        C:\Users\chris.king\Source\GlobalScaleRT1024\Release\Obj\xip\evkmimxrt1024_flexspi_nor_config.o
#        C:\Users\chris.king\Source\GlobalScaleRT1024\Release\Obj\source\weigher\filter.o
#        C:\Users\chris.king\Source\GlobalScaleRT1024\Release\Obj\source\weigher\firFilter.o
#        C:\Users\chris.king\Source\GlobalScaleRT1024\Release\Obj\utilities\common\uart\fsl_adapter_lpuart.o
#        C:\Users\chris.king\Source\GlobalScaleRT1024\Release\Obj\drivers\fsl_adc.o
#        C:\Users\chris.king\Source\GlobalScaleRT1024\Release\Obj\drivers\fsl_adc_etc.o
#        C:\Users\chris.king\Source\GlobalScaleRT1024\Release\Obj\drivers\fsl_aipstz.o
#        C:\Users\chris.king\Source\GlobalScaleRT1024\Release\Obj\drivers\fsl_aoi.o
#        C:\Users\chris.king\Source\GlobalScaleRT1024\Release\Obj\utilities\fsl_assert.o
#        C:\Users\chris.king\Source\GlobalScaleRT1024\Release\Obj\drivers\fsl_bee.o
#        C:\Users\chris.king\Source\GlobalScaleRT1024\Release\Obj\drivers\fsl_cache.o
#        C:\Users\chris.king\Source\GlobalScaleRT1024\Release\Obj\drivers\fsl_clock.o
#        C:\Users\chris.king\Source\GlobalScaleRT1024\Release\Obj\drivers\fsl_cmp.o
#        C:\Users\chris.king\Source\GlobalScaleRT1024\Release\Obj\drivers\fsl_common.o
#        C:\Users\chris.king\Source\GlobalScaleRT1024\Release\Obj\drivers\fsl_common_arm.o
#        C:\Users\chris.king\Source\GlobalScaleRT1024\Release\Obj\components\exceptions\fsl_component_exception_handling.o
#        C:\Users\chris.king\Source\GlobalScaleRT1024\Release\Obj\components\list\fsl_component_generic_list.o
#        C:\Users\chris.king\Source\GlobalScaleRT1024\Release\Obj\utilities\common\fsl_component_serial_manager.o
#        C:\Users\chris.king\Source\GlobalScaleRT1024\Release\Obj\utilities\common\fsl_component_serial_port_uart.o
#        C:\Users\chris.king\Source\GlobalScaleRT1024\Release\Obj\drivers\fsl_dcdc.o
#        C:\Users\chris.king\Source\GlobalScaleRT1024\Release\Obj\drivers\fsl_dcp.o
#        C:\Users\chris.king\Source\GlobalScaleRT1024\Release\Obj\utilities\fsl_debug_console.o
#        C:\Users\chris.king\Source\GlobalScaleRT1024\Release\Obj\drivers\fsl_dmamux.o
#        C:\Users\chris.king\Source\GlobalScaleRT1024\Release\Obj\drivers\fsl_edma.o
#        C:\Users\chris.king\Source\GlobalScaleRT1024\Release\Obj\drivers\fsl_enc.o
#        C:\Users\chris.king\Source\GlobalScaleRT1024\Release\Obj\drivers\fsl_enet.o
#        C:\Users\chris.king\Source\GlobalScaleRT1024\Release\Obj\drivers\fsl_ewm.o
#        C:\Users\chris.king\Source\GlobalScaleRT1024\Release\Obj\drivers\fsl_flexcan.o
#        C:\Users\chris.king\Source\GlobalScaleRT1024\Release\Obj\drivers\fsl_flexio.o
#        C:\Users\chris.king\Source\GlobalScaleRT1024\Release\Obj\drivers\fsl_flexio_camera.o
#        C:\Users\chris.king\Source\GlobalScaleRT1024\Release\Obj\drivers\fsl_flexio_camera_edma.o
#        C:\Users\chris.king\Source\GlobalScaleRT1024\Release\Obj\drivers\fsl_flexio_i2c_master.o
#        C:\Users\chris.king\Source\GlobalScaleRT1024\Release\Obj\drivers\fsl_flexio_i2s.o
#        C:\Users\chris.king\Source\GlobalScaleRT1024\Release\Obj\drivers\fsl_flexio_i2s_edma.o
#        C:\Users\chris.king\Source\GlobalScaleRT1024\Release\Obj\drivers\fsl_flexio_mculcd.o
#        C:\Users\chris.king\Source\GlobalScaleRT1024\Release\Obj\drivers\fsl_flexio_mculcd_edma.o
#        C:\Users\chris.king\Source\GlobalScaleRT1024\Release\Obj\drivers\fsl_flexio_spi.o
#        C:\Users\chris.king\Source\GlobalScaleRT1024\Release\Obj\drivers\fsl_flexio_spi_edma.o
#        C:\Users\chris.king\Source\GlobalScaleRT1024\Release\Obj\drivers\fsl_flexio_uart.o
#        C:\Users\chris.king\Source\GlobalScaleRT1024\Release\Obj\drivers\fsl_flexio_uart_edma.o
#        C:\Users\chris.king\Source\GlobalScaleRT1024\Release\Obj\drivers\fsl_flexram.o
#        C:\Users\chris.king\Source\GlobalScaleRT1024\Release\Obj\drivers\fsl_flexram_allocate.o
#        C:\Users\chris.king\Source\GlobalScaleRT1024\Release\Obj\drivers\fsl_flexspi.o
#        C:\Users\chris.king\Source\GlobalScaleRT1024\Release\Obj\drivers\fsl_flexspi_edma.o
#        C:\Users\chris.king\Source\GlobalScaleRT1024\Release\Obj\xip\fsl_flexspi_nor_boot.o
#        C:\Users\chris.king\Source\GlobalScaleRT1024\Release\Obj\drivers\fsl_gpc.o
#        C:\Users\chris.king\Source\GlobalScaleRT1024\Release\Obj\drivers\fsl_gpio.o
#        C:\Users\chris.king\Source\GlobalScaleRT1024\Release\Obj\drivers\fsl_gpt.o
#        C:\Users\chris.king\Source\GlobalScaleRT1024\Release\Obj\drivers\fsl_kpp.o
#        C:\Users\chris.king\Source\GlobalScaleRT1024\Release\Obj\drivers\fsl_lpi2c.o
#        C:\Users\chris.king\Source\GlobalScaleRT1024\Release\Obj\drivers\fsl_lpi2c_edma.o
#        C:\Users\chris.king\Source\GlobalScaleRT1024\Release\Obj\drivers\fsl_lpi2c_freertos.o
#        C:\Users\chris.king\Source\GlobalScaleRT1024\Release\Obj\drivers\fsl_lpspi.o
#        C:\Users\chris.king\Source\GlobalScaleRT1024\Release\Obj\drivers\fsl_lpspi_edma.o
#        C:\Users\chris.king\Source\GlobalScaleRT1024\Release\Obj\drivers\fsl_lpspi_freertos.o
#        C:\Users\chris.king\Source\GlobalScaleRT1024\Release\Obj\drivers\fsl_lpuart.o
#        C:\Users\chris.king\Source\GlobalScaleRT1024\Release\Obj\drivers\fsl_lpuart_edma.o
#        C:\Users\chris.king\Source\GlobalScaleRT1024\Release\Obj\drivers\fsl_lpuart_freertos.o
#        C:\Users\chris.king\Source\GlobalScaleRT1024\Release\Obj\drivers\fsl_ocotp.o
#        C:\Users\chris.king\Source\GlobalScaleRT1024\Release\Obj\components\osa\fsl_os_abstraction_free_rtos.o
#        C:\Users\chris.king\Source\GlobalScaleRT1024\Release\Obj\drivers\fsl_pit.o
#        C:\Users\chris.king\Source\GlobalScaleRT1024\Release\Obj\drivers\fsl_pmu.o
#        C:\Users\chris.king\Source\GlobalScaleRT1024\Release\Obj\drivers\fsl_pwm.o
#        C:\Users\chris.king\Source\GlobalScaleRT1024\Release\Obj\drivers\fsl_qtmr.o
#        C:\Users\chris.king\Source\GlobalScaleRT1024\Release\Obj\drivers\fsl_romapi.o
#        C:\Users\chris.king\Source\GlobalScaleRT1024\Release\Obj\drivers\fsl_rtwdog.o
#        C:\Users\chris.king\Source\GlobalScaleRT1024\Release\Obj\drivers\fsl_sai.o
#        C:\Users\chris.king\Source\GlobalScaleRT1024\Release\Obj\drivers\fsl_sai_edma.o
#        C:\Users\chris.king\Source\GlobalScaleRT1024\Release\Obj\drivers\fsl_semc.o
#        C:\Users\chris.king\Source\GlobalScaleRT1024\Release\Obj\drivers\fsl_snvs_hp.o
#        C:\Users\chris.king\Source\GlobalScaleRT1024\Release\Obj\drivers\fsl_snvs_lp.o
#        C:\Users\chris.king\Source\GlobalScaleRT1024\Release\Obj\drivers\fsl_spdif.o
#        C:\Users\chris.king\Source\GlobalScaleRT1024\Release\Obj\drivers\fsl_spdif_edma.o
#        C:\Users\chris.king\Source\GlobalScaleRT1024\Release\Obj\drivers\fsl_src.o
#        C:\Users\chris.king\Source\GlobalScaleRT1024\Release\Obj\utilities\fsl_str.o
#        C:\Users\chris.king\Source\GlobalScaleRT1024\Release\Obj\drivers\fsl_tempmon.o
#        C:\Users\chris.king\Source\GlobalScaleRT1024\Release\Obj\drivers\fsl_trng.o
#        C:\Users\chris.king\Source\GlobalScaleRT1024\Release\Obj\drivers\fsl_usdhc.o
#        C:\Users\chris.king\Source\GlobalScaleRT1024\Release\Obj\drivers\fsl_wdog.o
#        C:\Users\chris.king\Source\GlobalScaleRT1024\Release\Obj\drivers\fsl_xbara.o
#        C:\Users\chris.king\Source\GlobalScaleRT1024\Release\Obj\drivers\fsl_xbarb.o
#        C:\Users\chris.king\Source\GlobalScaleRT1024\Release\Obj\source\printer\globalPrinterTask.o
#        C:\Users\chris.king\Source\GlobalScaleRT1024\Release\Obj\source\globalScale.o
#        C:\Users\chris.king\Source\GlobalScaleRT1024\Release\Obj\freertos\freertos_kernel\portable\MemMang\heap_4.o
#        C:\Users\chris.king\Source\GlobalScaleRT1024\Release\Obj\source\system\idleTask.o
#        C:\Users\chris.king\Source\GlobalScaleRT1024\Release\Obj\freertos\freertos_kernel\list.o
#        C:\Users\chris.king\Source\GlobalScaleRT1024\Release\Obj\source\system\lp5521.o
#        C:\Users\chris.king\Source\GlobalScaleRT1024\Release\Obj\board\pin_mux.o
#        C:\Users\chris.king\Source\GlobalScaleRT1024\Release\Obj\freertos\freertos_kernel\portable\IAR\ARM_CM4F\port.o
#        C:\Users\chris.king\Source\GlobalScaleRT1024\Release\Obj\freertos\freertos_kernel\portable\IAR\ARM_CM4F\portasm.o
#        C:\Users\chris.king\Source\GlobalScaleRT1024\Release\Obj\source\printer\printEngine.o
#        C:\Users\chris.king\Source\GlobalScaleRT1024\Release\Obj\source\printer\printHead.o
#        C:\Users\chris.king\Source\GlobalScaleRT1024\Release\Obj\freertos\freertos_kernel\queue.o
#        C:\Users\chris.king\Source\GlobalScaleRT1024\Release\Obj\source\system\queueManager.o
#        C:\Users\chris.king\Source\GlobalScaleRT1024\Release\Obj\source\valueMax\sca3300Accel.o
#        C:\Users\chris.king\Source\GlobalScaleRT1024\Release\Obj\source\system\sensors.o
#        C:\Users\chris.king\Source\GlobalScaleRT1024\Release\Obj\source\system\serialFlash.o
#        C:\Users\chris.king\Source\GlobalScaleRT1024\Release\Obj\startup\startup_MIMXRT1024.o
#        C:\Users\chris.king\Source\GlobalScaleRT1024\Release\Obj\freertos\freertos_kernel\stream_buffer.o
#        C:\Users\chris.king\Source\GlobalScaleRT1024\Release\Obj\MIMXRT1024\device\system_MIMXRT1024.o
#        C:\Users\chris.king\Source\GlobalScaleRT1024\Release\Obj\source\system\systemTimer.o
#        C:\Users\chris.king\Source\GlobalScaleRT1024\Release\Obj\source\printer\takeupMotor.o
#        C:\Users\chris.king\Source\GlobalScaleRT1024\Release\Obj\freertos\freertos_kernel\tasks.o
#        C:\Users\chris.king\Source\GlobalScaleRT1024\Release\Obj\source\system\threadManager.o
#        C:\Users\chris.king\Source\GlobalScaleRT1024\Release\Obj\freertos\freertos_kernel\timers.o
#        C:\Users\chris.king\Source\GlobalScaleRT1024\Release\Obj\source\printer\TPHMotor.o
#        C:\Users\chris.king\Source\GlobalScaleRT1024\Release\Obj\source\system\translator.o
#        C:\Users\chris.king\Source\GlobalScaleRT1024\Release\Obj\source\system\unitTests.o
#        C:\Users\chris.king\Source\GlobalScaleRT1024\Release\Obj\source\usb\device\source\usb_device_ch9.o
#        C:\Users\chris.king\Source\GlobalScaleRT1024\Release\Obj\source\usb\device\class\usb_device_class.o
#        C:\Users\chris.king\Source\GlobalScaleRT1024\Release\Obj\source\usb\device\source\dci\usb_device_dci.o
#        C:\Users\chris.king\Source\GlobalScaleRT1024\Release\Obj\source\usb\source\usb_device_descriptor.o
#        C:\Users\chris.king\Source\GlobalScaleRT1024\Release\Obj\source\usb\device\source\ehci\usb_device_ehci.o
#        C:\Users\chris.king\Source\GlobalScaleRT1024\Release\Obj\source\usb\phy\usb_phy.o
#        C:\Users\chris.king\Source\GlobalScaleRT1024\Release\Obj\source\usb\device\class\usbPrinter.o
#        C:\Users\chris.king\Source\GlobalScaleRT1024\Release\Obj\source\usb\source\usbTask.o
#        C:\Users\chris.king\Source\GlobalScaleRT1024\Release\Obj\source\usb\device\class\usbWeigher.o
#        C:\Users\chris.king\Source\GlobalScaleRT1024\Release\Obj\source\valueMax\valueMax.o
#        C:\Users\chris.king\Source\GlobalScaleRT1024\Release\Obj\source\weigher\varGainFilter.o
#        C:\Users\chris.king\Source\GlobalScaleRT1024\Release\Obj\source\system\vendor.o
#        C:\Users\chris.king\Source\GlobalScaleRT1024\Release\Obj\source\printer\virtualScope.o
#        C:\Users\chris.king\Source\GlobalScaleRT1024\Release\Obj\source\system\w25x10cl.o
#        --no_out_extension -o
#        C:\Users\chris.king\Source\GlobalScaleRT1024\Release\Exe\globalScaleRT1024.out_nochecksum
#        --redirect _Printf=_PrintfSmallNoMb --redirect _Scanf=_ScanfSmallNoMb
#        --keep __checksum --map
#        C:\Users\chris.king\Source\GlobalScaleRT1024\Release\List\globalScaleRT1024.map
#        --config
#        C:\Users\chris.king\Source\GlobalScaleRT1024\MIMXRT1024\linker\MIMXRT1024xxxxx_flexspi_nor-Release.icf
#        --semihosting --entry Reset_Handler --place_holder
#        __checksum,4,.checksum,1 --define_symbol __checksum_begin=0x60040000
#        --define_symbol __checksum_end=0x603ffffb --vfe --text_out locale
#        --cpu=Cortex-M7 --fpu=VFPv5_d16)
#
###############################################################################

*******************************************************************************
*** RUNTIME MODEL ATTRIBUTES
***

CppFlavor       = *
__CPP_Runtime   = 1
__Heap_Handler  = Basic
__SystemLibrary = DLib
__dlib_version  = 6


*******************************************************************************
*** HEAP SELECTION
***

The basic heap was selected because --advanced_heap
was not specified and the application did not appear to
be primarily optimized for speed.


*******************************************************************************
*** PLACEMENT SUMMARY
***

"A0":  place at address 0x6004'0000 { ro section .intvec };
"P1":  place in [from 0x6004'0000 to 0x6004'03ff] |
                [from 0x6004'0400 to 0x603c'ffff] { ro };
"P2":  place in [from 0x603d'0000 to 0x603f'ffef] { ro object serialFlash.o };
"P3":  place in [from 0x603d'0000 to 0x603f'ffef] { ro object averyWeigher.o };
"P4":  place in [from 0x603d'0000 to 0x603f'ffef] { ro object boxcarFilter.o };
"P5":  place in [from 0x603d'0000 to 0x603f'ffef] { ro object boxcarFilterF.o };
"P6":  place in [from 0x603d'0000 to 0x603f'ffef] { ro object cat3Audit.o };
"P7":  place in [from 0x603d'0000 to 0x603f'ffef] { ro object cs5530.o };
"P8":  place in [from 0x603d'0000 to 0x603f'ffef] { ro object edgeDetection.o };
"P9":  place in [from 0x603d'0000 to 0x603f'ffef] { ro object filter.o };
"P10": place in [from 0x603d'0000 to 0x603f'ffef] { ro object firFilter.o };
"P11": place in [from 0x603d'0000 to 0x603f'ffef] { ro object varGainFilter.o };
"P12": place in [from 0x603d'0000 to 0x603f'ffef] { ro object eep93C56.o };
"P13": place in [from 0x603d'0000 to 0x603f'ffef] { ro object sca3300.o };
define block RW { rw };
"P14": place in [from 0x2020'0000 to 0x2022'7ffe] { block RW };
define block ZI { zi };
"P15": place in [from 0x2020'0000 to 0x2022'7ffe] { block ZI };
"P17": place in [from 0x2000'0000 to 0x2000'fbff] { section DEFAULT_RAM0 };
define block NCACHE_VAR { section NonCacheable, section NonCacheable.init };
"P18": place in [from 0x2000'0000 to 0x2000'fbff] { block NCACHE_VAR };
define block CSTACK with size = 1K, alignment = 8 { };
"P19": place in [from 0x2000'fc00 to 0x2000'ffff] { block CSTACK };
"P20": place in [from 0x0 to 0x7fff] { section .textrw };
define block QACCESS_CODE { section CodeQuickAccess };
"P21": place in [from 0x0 to 0x7fff] { block QACCESS_CODE };
"A2":  place at address 0x603f'fff0 {
          section VENDOR_PAD, section VENDOR_VID, section VENDOR_PSW_MAJOR,
          section VENDOR_PSW_MINOR, section VENDOR_PSW_ENG,
          section VENDOR_WSW_MAJOR, section VENDOR_WSW_MINOR,
          section VENDOR_WSW_ENG, section VENDOR_PAD1, section VENDOR_HW_MAJOR,
          section VENDOR_HW_MINOR };
"P22": place in [from 0x603f'fffc to 0x603f'ffff] { ro section .checksum };
initialize by copy { rw, section .textrw, section CodeQuickAccess };

No sections matched the following patterns:

  ro object edgeDetection.o  in "P2-P13"
  ro object filter.o         in "P2-P13"
  ro object firFilter.o      in "P2-P13"
  ro object sca3300.o        in "P2-P13"
  ro section .checksum1      in "A1"
  section .textrw            in "P20-P21"
  section DEFAULT_RAM0       in "P17-P18"
  section VENDOR_PAD         in "A2"
  section VENDOR_VID         in "A2"


  Section                Kind         Address      Size  Object
  -------                ----         -------      ----  ------
"P20-P21":                                       0x57d0
  QACCESS_CODE                            0x0    0x57d0  <Block>
    QACCESS_CODE-1                        0x0    0x57d0  <Init block>
      Veneer             inited           0x0       0x8  - Linker created -
      Veneer             inited           0x8       0x8  - Linker created -
      Veneer             inited          0x10       0x8  - Linker created -
      Veneer             inited          0x18       0x8  - Linker created -
      Veneer             inited          0x20       0x8  - Linker created -
      CodeQuickAccess    inited          0x28     0x1e4  dvr8818.o [12]
      Veneer             inited         0x20c       0x8  - Linker created -
      Veneer             inited         0x214       0x8  - Linker created -
      Veneer             inited         0x21c       0x8  - Linker created -
      Veneer             inited         0x224       0x8  - Linker created -
      Veneer             inited         0x22c       0x8  - Linker created -
      Veneer             inited         0x234       0x8  - Linker created -
      Veneer             inited         0x23c       0x8  - Linker created -
      Veneer             inited         0x244       0x8  - Linker created -
      Veneer             inited         0x24c       0x8  - Linker created -
      Veneer             inited         0x254       0x8  - Linker created -
      Veneer             inited         0x25c       0x8  - Linker created -
      Veneer             inited         0x264       0x8  - Linker created -
      Veneer             inited         0x26c       0x8  - Linker created -
      Veneer             inited         0x274       0x8  - Linker created -
      Veneer             inited         0x27c       0x8  - Linker created -
      Veneer             inited         0x284       0x8  - Linker created -
      Veneer             inited         0x28c       0x8  - Linker created -
      Veneer             inited         0x294       0x8  - Linker created -
      Veneer             inited         0x29c       0x8  - Linker created -
      Veneer             inited         0x2a4       0x8  - Linker created -
      Veneer             inited         0x2ac       0x8  - Linker created -
      Veneer             inited         0x2b4       0x8  - Linker created -
      Veneer             inited         0x2bc       0x8  - Linker created -
      Veneer             inited         0x2c4       0x8  - Linker created -
      Veneer             inited         0x2cc       0x8  - Linker created -
      Veneer             inited         0x2d4       0x8  - Linker created -
      Veneer             inited         0x2dc       0x8  - Linker created -
      Veneer             inited         0x2e4       0x8  - Linker created -
      Veneer             inited         0x2ec       0x8  - Linker created -
      Veneer             inited         0x2f4       0x8  - Linker created -
      Veneer             inited         0x2fc       0x8  - Linker created -
      Veneer             inited         0x304       0x8  - Linker created -
      Veneer             inited         0x30c       0x8  - Linker created -
      Veneer             inited         0x314       0x8  - Linker created -
      Veneer             inited         0x31c       0x8  - Linker created -
      Veneer             inited         0x324       0x8  - Linker created -
      Veneer             inited         0x32c       0x8  - Linker created -
      Veneer             inited         0x334       0x8  - Linker created -
      Veneer             inited         0x33c       0x8  - Linker created -
      Veneer             inited         0x344       0x8  - Linker created -
      Veneer             inited         0x34c       0x8  - Linker created -
      Veneer             inited         0x354       0x8  - Linker created -
      Veneer             inited         0x35c       0x8  - Linker created -
      Veneer             inited         0x364       0x8  - Linker created -
      Veneer             inited         0x36c       0x8  - Linker created -
      Veneer             inited         0x374       0x8  - Linker created -
      Veneer             inited         0x37c       0x8  - Linker created -
      Veneer             inited         0x384       0x8  - Linker created -
      Veneer             inited         0x38c       0x8  - Linker created -
      Veneer             inited         0x394       0x8  - Linker created -
      Veneer             inited         0x39c       0x8  - Linker created -
      Veneer             inited         0x3a4       0x8  - Linker created -
      Veneer             inited         0x3ac       0x8  - Linker created -
      Veneer             inited         0x3b4       0x8  - Linker created -
      Veneer             inited         0x3bc       0x8  - Linker created -
      Veneer             inited         0x3c4       0x8  - Linker created -
      Veneer             inited         0x3cc       0x8  - Linker created -
      CodeQuickAccess    inited         0x3d4    0x1f90  printEngine.o [12]
      Veneer             inited        0x2364       0x8  - Linker created -
      Veneer             inited        0x236c       0x8  - Linker created -
      CodeQuickAccess    inited        0x2374     0x564  printHead.o [12]
      Veneer             inited        0x28d8       0x8  - Linker created -
      Veneer             inited        0x28e0       0x8  - Linker created -
      Veneer             inited        0x28e8       0x8  - Linker created -
      CodeQuickAccess    inited        0x28f0     0x5ec  sensors.o [13]
      Veneer             inited        0x2edc       0x8  - Linker created -
      Veneer             inited        0x2ee4       0x8  - Linker created -
      Veneer             inited        0x2eec       0x8  - Linker created -
      Veneer             inited        0x2ef4       0x8  - Linker created -
      Veneer             inited        0x2efc       0x8  - Linker created -
      Veneer             inited        0x2f04       0x8  - Linker created -
      Veneer             inited        0x2f0c       0x8  - Linker created -
      Veneer             inited        0x2f14       0x8  - Linker created -
      Veneer             inited        0x2f1c       0x8  - Linker created -
      Veneer             inited        0x2f24       0x8  - Linker created -
      Veneer             inited        0x2f2c       0x8  - Linker created -
      Veneer             inited        0x2f34       0x8  - Linker created -
      Veneer             inited        0x2f3c       0x8  - Linker created -
      Veneer             inited        0x2f44       0x8  - Linker created -
      Veneer             inited        0x2f4c       0x8  - Linker created -
      Veneer             inited        0x2f54       0x8  - Linker created -
      Veneer             inited        0x2f5c       0x8  - Linker created -
      Veneer             inited        0x2f64       0x8  - Linker created -
      Veneer             inited        0x2f6c       0x8  - Linker created -
      Veneer             inited        0x2f74       0x8  - Linker created -
      CodeQuickAccess    inited        0x2f7c    0x2148  takeupMotor.o [12]
      Veneer             inited        0x50c4       0x8  - Linker created -
      Veneer             inited        0x50cc       0x8  - Linker created -
      Veneer             inited        0x50d4       0x8  - Linker created -
      Veneer             inited        0x50dc       0x8  - Linker created -
      Veneer             inited        0x50e4       0x8  - Linker created -
      Veneer             inited        0x50ec       0x8  - Linker created -
      Veneer             inited        0x50f4       0x8  - Linker created -
      Veneer             inited        0x50fc       0x8  - Linker created -
      Veneer             inited        0x5104       0x8  - Linker created -
      Veneer             inited        0x510c       0x8  - Linker created -
      Veneer             inited        0x5114       0x8  - Linker created -
      Veneer             inited        0x511c       0x8  - Linker created -
      CodeQuickAccess    inited        0x5124     0x6ac  TPHMotor.o [12]
                                     - 0x57d0    0x57d0

"P17-P18":                                       0xf298
  NCACHE_VAR                      0x2000'0000    0xf298  <Block>
    NCACHE_VAR-1                  0x2000'0000     0x1e0  <Init block>
      NonCacheable       inited   0x2000'0000       0x4  queueManager.o [13]
      NonCacheable       inited   0x2000'0004       0x4  queueManager.o [13]
      NonCacheable       inited   0x2000'0008       0x4  queueManager.o [13]
      NonCacheable       inited   0x2000'000c       0x4  queueManager.o [13]
      NonCacheable.init  inited   0x2000'0010       0x4  printEngine.o [12]
      NonCacheable.init  inited   0x2000'0014       0x4  printEngine.o [12]
      NonCacheable.init  inited   0x2000'0018      0x28  takeupMotor.o [12]
      NonCacheable.init  inited   0x2000'0040       0x4  takeupMotor.o [12]
      NonCacheable.init  inited   0x2000'0044       0x4  takeupMotor.o [12]
      NonCacheable.init  inited   0x2000'0048       0x4  takeupMotor.o [12]
      NonCacheable.init  inited   0x2000'004c       0x4  takeupMotor.o [12]
      NonCacheable.init  inited   0x2000'0050       0x4  takeupMotor.o [12]
      NonCacheable.init  inited   0x2000'0054       0x4  takeupMotor.o [12]
      NonCacheable.init  inited   0x2000'0058       0x4  takeupMotor.o [12]
      NonCacheable.init  inited   0x2000'005c       0x4  takeupMotor.o [12]
      NonCacheable.init  inited   0x2000'0060       0x4  takeupMotor.o [12]
      NonCacheable.init  inited   0x2000'0064       0x4  takeupMotor.o [12]
      NonCacheable.init  inited   0x2000'0068       0x4  takeupMotor.o [12]
      NonCacheable.init  inited   0x2000'006c      0x4c  translator.o [13]
      NonCacheable.init  inited   0x2000'00b8      0x4c  translator.o [13]
      NonCacheable.init  inited   0x2000'0104      0x14  usb_device_descriptor.o [19]
      NonCacheable.init  inited   0x2000'0118      0x3c  usb_device_descriptor.o [19]
      NonCacheable.init  inited   0x2000'0154       0x4  usb_device_descriptor.o [19]
      NonCacheable.init  inited   0x2000'0158      0x34  usb_device_descriptor.o [19]
      NonCacheable.init  inited   0x2000'018c      0x28  usb_device_descriptor.o [19]
      NonCacheable.init  inited   0x2000'01b4       0x2  printEngine.o [12]
      NonCacheable.init  inited   0x2000'01b6       0x2  takeupMotor.o [12]
      NonCacheable.init  inited   0x2000'01b8       0x2  takeupMotor.o [12]
      NonCacheable.init  inited   0x2000'01ba       0x2  takeupMotor.o [12]
      NonCacheable.init  inited   0x2000'01bc       0x2  takeupMotor.o [12]
      NonCacheable.init  inited   0x2000'01be       0x2  takeupMotor.o [12]
      NonCacheable.init  inited   0x2000'01c0       0x2  takeupMotor.o [12]
      NonCacheable.init  inited   0x2000'01c2       0x2  takeupMotor.o [12]
      NonCacheable.init  inited   0x2000'01c4       0x2  takeupMotor.o [12]
      NonCacheable.init  inited   0x2000'01c6       0x2  takeupMotor.o [12]
      NonCacheable.init  inited   0x2000'01c8       0x2  takeupMotor.o [12]
      NonCacheable.init  inited   0x2000'01ca       0x2  TPHMotor.o [12]
      NonCacheable.init  inited   0x2000'01cc       0x2  TPHMotor.o [12]
      NonCacheable.init  inited   0x2000'01ce       0x2  TPHMotor.o [12]
      NonCacheable.init  inited   0x2000'01d0       0x2  TPHMotor.o [12]
      NonCacheable.init  inited   0x2000'01d2       0x2  TPHMotor.o [12]
      NonCacheable.init  inited   0x2000'01d4       0x2  TPHMotor.o [12]
      NonCacheable.init  inited   0x2000'01d6       0x2  TPHMotor.o [12]
      NonCacheable.init  inited   0x2000'01d8       0x1  printEngine.o [12]
      NonCacheable.init  inited   0x2000'01d9       0x1  printEngine.o [12]
      NonCacheable.init  inited   0x2000'01da       0x1  takeupMotor.o [12]
      NonCacheable.init  inited   0x2000'01db       0x1  takeupMotor.o [12]
      NonCacheable.init  inited   0x2000'01dc       0x1  takeupMotor.o [12]
      NonCacheable.init  inited   0x2000'01dd       0x1  takeupMotor.o [12]
      NonCacheable.init  inited   0x2000'01de       0x1  TPHMotor.o [12]
      NonCacheable.init  inited   0x2000'01df       0x1  TPHMotor.o [12]
    NonCacheable         zero     0x2000'0800     0x700  usb_device_ehci.o [17]
    NonCacheable         zero     0x2000'0f00     0x200  usb_device_ehci.o [17]
    NonCacheable         zero     0x2000'1100      0xc0  usb_device_dci.o [16]
    NonCacheable         zero     0x2000'11c0      0x30  averyCutter.o [12]
    NonCacheable         zero     0x2000'11f0     0x100  averyCutter.o [12]
    NonCacheable         zero     0x2000'12f0     0x100  averyCutter.o [12]
    NonCacheable         zero     0x2000'13f0      0x58  averyCutter.o [12]
    NonCacheable         zero     0x2000'1448      0x28  cat3Audit.o [21]
    NonCacheable         zero     0x2000'1470    0x1004  cat3Audit.o [21]
    NonCacheable         zero     0x2000'2474      0x20  fsl_debug_console.o [23]
    NonCacheable         zero     0x2000'2494      0x24  printHead.o [12]
    NonCacheable         zero     0x2000'24b8    0xc800  printHead.o [12]
    NonCacheable         zero     0x2000'ecb8      0x10  usb_device_class.o [14]
    NonCacheable         zero     0x2000'ecc8       0x8  usb_device_class.o [14]
    NonCacheable         zero     0x2000'ecd0      0x40  usbPrinter.o [14]
    NonCacheable         zero     0x2000'ed10      0x40  usbTask.o [19]
    NonCacheable         zero     0x2000'ed50      0x40  usbTask.o [19]
    NonCacheable         zero     0x2000'ed90     0x200  usbTask.o [19]
    NonCacheable         zero     0x2000'ef90      0x40  usbTask.o [19]
    NonCacheable         zero     0x2000'efd0      0x40  usbTask.o [19]
    NonCacheable         zero     0x2000'f010      0x2c  usbWeigher.o [14]
    NonCacheable         zero     0x2000'f03c     0x224  w25x10cl.o [13]
    NonCacheable         zero     0x2000'f260      0x38  w25x10cl.o [13]
                                - 0x2000'f298    0xf298

"P19":                                            0x400
  CSTACK                          0x2000'fc00     0x400  <Block>
    CSTACK               uninit   0x2000'fc00     0x400  <Block tail>
                                - 0x2001'0000     0x400

"P14-P15", part 1 of 2:                           0x2e7
  RW                              0x2020'0000     0x2e7  <Block>
    RW-1                          0x2020'0000     0x2c6  <Init block>
      .data              inited   0x2020'0000      0x3c  commandTable.o [10]
      .data              inited   0x2020'003c      0x24  commandTable.o [10]
      .data              inited   0x2020'0060      0x20  commandTable.o [10]
      .data              inited   0x2020'0080       0xc  commandTable.o [10]
      .data              inited   0x2020'008c       0xc  commandTable.o [10]
      .data              inited   0x2020'0098       0xc  commandTable.o [10]
      .data              inited   0x2020'00a4       0xc  commandTable.o [10]
      .data              inited   0x2020'00b0       0xc  commandTable.o [10]
      .data              inited   0x2020'00bc       0x8  commandTable.o [10]
      .data              inited   0x2020'00c4      0x10  commandTable.o [10]
      .data              inited   0x2020'00d4      0x14  commandTable.o [10]
      .data              inited   0x2020'00e8       0xc  commandTable.o [10]
      .data              inited   0x2020'00f4       0xc  commandTable.o [10]
      .data              inited   0x2020'0100       0xc  commandTable.o [10]
      .data              inited   0x2020'010c      0x14  commandTable.o [10]
      .data              inited   0x2020'0120       0xc  commandTable.o [10]
      .data              inited   0x2020'012c      0x24  commandTable.o [10]
      .data              inited   0x2020'0150      0x24  commandTable.o [10]
      .data              inited   0x2020'0174       0xc  commandTable.o [10]
      .data              inited   0x2020'0180       0x4  port.o [8]
      .data              inited   0x2020'0184       0x4  printEngine.o [12]
      .data              inited   0x2020'0188       0x4  system_MIMXRT1024.o [1]
      .data              inited   0x2020'018c       0x4  takeupMotor.o [12]
      .data              inited   0x2020'0190       0x4  tasks.o [7]
      .data              inited   0x2020'0194      0x24  usb_device_descriptor.o [19]
      .data              inited   0x2020'01b8       0xc  usb_device_descriptor.o [19]
      .data              inited   0x2020'01c4      0x10  usb_device_descriptor.o [19]
      .data              inited   0x2020'01d4      0x10  usb_device_descriptor.o [19]
      .data              inited   0x2020'01e4       0xc  usb_device_descriptor.o [19]
      .data              inited   0x2020'01f0      0x18  usb_device_descriptor.o [19]
      .data              inited   0x2020'0208       0x8  usb_device_descriptor.o [19]
      .data              inited   0x2020'0210       0x8  usb_device_descriptor.o [19]
      .data              inited   0x2020'0218       0x8  usb_device_descriptor.o [19]
      .data              inited   0x2020'0220       0x8  usb_device_descriptor.o [19]
      .data              inited   0x2020'0228       0xc  usb_device_descriptor.o [19]
      .data              inited   0x2020'0234       0xc  usb_device_descriptor.o [19]
      .data              inited   0x2020'0240       0xc  usb_device_descriptor.o [19]
      .data              inited   0x2020'024c      0x10  usb_device_descriptor.o [19]
      .data              inited   0x2020'025c      0x24  usbTask.o [19]
      .data              inited   0x2020'0280       0xc  usbTask.o [19]
      .data              inited   0x2020'028c      0x10  valueMax.o [20]
      .data              inited   0x2020'029c       0x4  w25x10cl.o [13]
      .data              inited   0x2020'02a0       0x4  w25x10cl.o [13]
      .data              inited   0x2020'02a4       0x4  w25x10cl.o [13]
      .data              inited   0x2020'02a8       0x2  sca3300Accel.o [20]
      .data              inited   0x2020'02aa       0x2  sca3300Accel.o [20]
      .data              inited   0x2020'02ac       0x2  sca3300Accel.o [20]
      .data              inited   0x2020'02ae       0x2  sca3300Accel.o [20]
      .data              inited   0x2020'02b0       0x2  sca3300Accel.o [20]
      .data              inited   0x2020'02b2       0x2  sca3300Accel.o [20]
      .data              inited   0x2020'02b4       0x2  takeupMotor.o [12]
      .data              inited   0x2020'02b6       0x2  valueMax.o [20]
      .data              inited   0x2020'02b8       0x2  valueMax.o [20]
      .data              inited   0x2020'02ba       0x1  developmentTools.o [13]
      .data              inited   0x2020'02bb       0x1  developmentTools.o [13]
      .data              inited   0x2020'02bc       0x1  globalPrinterTask.o [12]
      .data              inited   0x2020'02bd       0x1  printEngine.o [12]
      .data              inited   0x2020'02be       0x1  printEngine.o [12]
      .data              inited   0x2020'02bf       0x1  sca3300Accel.o [20]
      .data              inited   0x2020'02c0       0x1  takeupMotor.o [12]
      .data              inited   0x2020'02c1       0x1  takeupMotor.o [12]
      .data              inited   0x2020'02c2       0x1  takeupMotor.o [12]
      .data              inited   0x2020'02c3       0x1  takeupMotor.o [12]
      .data              inited   0x2020'02c4       0x1  usbTask.o [19]
      .data              inited   0x2020'02c5       0x1  usbTask.o [19]
    RW-2                          0x2020'02c8      0x1f  <Init block>
      .data              inited   0x2020'02c8       0x4  averyWeigher.o [21]
      .data              inited   0x2020'02cc       0x4  averyWeigher.o [21]
      .data              inited   0x2020'02d0       0x4  averyWeigher.o [21]
      .data              inited   0x2020'02d4       0x2  averyWeigher.o [21]
      .data              inited   0x2020'02d6       0x2  averyWeigher.o [21]
      .data              inited   0x2020'02d8       0x2  averyWeigher.o [21]
      .data              inited   0x2020'02da       0x2  averyWeigher.o [21]
      .data              inited   0x2020'02dc       0x2  cs5530.o [21]
      .data              inited   0x2020'02de       0x2  eep93C56.o [20]
      .data              inited   0x2020'02e0       0x2  eep93C56.o [20]
      .data              inited   0x2020'02e2       0x2  eep93C56.o [20]
      .data              inited   0x2020'02e4       0x1  averyWeigher.o [21]
      .data              inited   0x2020'02e5       0x1  averyWeigher.o [21]
      .data              inited   0x2020'02e6       0x1  eep93C56.o [20]
                                - 0x2020'02e7     0x2e7

"P14-P15", part 2 of 2:                        0x2'612c
  ZI                              0x2020'02e8  0x2'612c  <Block>
    .bss                 zero     0x2020'02e8      0xc0  averyWeigher.o [21]
    .bss                 zero     0x2020'03a8       0x8  averyWeigher.o [21]
    .bss                 zero     0x2020'03b0       0x8  globalPrinterTask.o [12]
    .bss                 zero     0x2020'03b8       0x4  averyCutter.o [12]
    .bss                 zero     0x2020'03bc       0x4  averyCutter.o [12]
    .bss                 zero     0x2020'03c0       0x4  averyCutter.o [12]
    .bss                 zero     0x2020'03c4       0x4  averyCutter.o [12]
    .bss                 zero     0x2020'03c8       0x4  averyCutter.o [12]
    .bss                 zero     0x2020'03cc       0x4  averyWeigher.o [21]
    .bss                 zero     0x2020'03d0       0x4  averyWeigher.o [21]
    .bss                 zero     0x2020'03d4       0x4  averyWeigher.o [21]
    .bss                 zero     0x2020'03d8       0x4  averyWeigher.o [21]
    .bss                 zero     0x2020'03dc       0x4  averyWeigher.o [21]
    .bss                 zero     0x2020'03e0      0x18  averyWeigher.o [21]
    .bss                 zero     0x2020'03f8      0x18  averyWeigher.o [21]
    .bss                 zero     0x2020'0410      0x10  averyWeigher.o [21]
    .bss                 zero     0x2020'0420      0x38  averyWeigher.o [21]
    .bss                 zero     0x2020'0458       0xc  averyWeigher.o [21]
    .bss                 zero     0x2020'0464       0x4  averyWeigher.o [21]
    .bss                 zero     0x2020'0468       0x4  averyWeigher.o [21]
    .bss                 zero     0x2020'046c       0x4  averyWeigher.o [21]
    .bss                 zero     0x2020'0470       0x4  averyWeigher.o [21]
    .bss                 zero     0x2020'0474       0x4  averyWeigher.o [21]
    .bss                 zero     0x2020'0478      0x98  averyWeigher.o [21]
    .bss                 zero     0x2020'0510      0xa0  averyWeigher.o [21]
    .bss                 zero     0x2020'05b0      0xa0  averyWeigher.o [21]
    .bss                 zero     0x2020'0650      0xa0  averyWeigher.o [21]
    .bss                 zero     0x2020'06f0      0xa0  averyWeigher.o [21]
    .bss                 zero     0x2020'0790      0xa0  averyWeigher.o [21]
    .bss                 zero     0x2020'0830      0x20  averyWeigher.o [21]
    .bss                 zero     0x2020'0850       0x4  averyWeigher.o [21]
    .bss                 zero     0x2020'0854      0x2c  cat3Audit.o [21]
    .bss                 zero     0x2020'0880      0x20  cat3Audit.o [21]
    .bss                 zero     0x2020'08a0      0x24  commandTable.o [10]
    .bss                 zero     0x2020'08c4    0x13b0  commandTable.o [10]
    .bss                 zero     0x2020'1c74       0x4  commandTable.o [10]
    .bss                 zero     0x2020'1c78       0x4  cs5530.o [21]
    .bss                 zero     0x2020'1c7c       0x4  cs5530.o [21]
    .bss                 zero     0x2020'1c80      0x40  cs5530.o [21]
    .bss                 zero     0x2020'1cc0      0x38  cs5530.o [21]
    .bss                 zero     0x2020'1cf8      0x18  developmentTools.o [13]
    .bss                 zero     0x2020'1d10       0x4  dotWearTask.o [12]
    .bss                 zero     0x2020'1d14       0x4  dotWearTask.o [12]
    .bss                 zero     0x2020'1d18       0x4  dotWearTask.o [12]
    .bss                 zero     0x2020'1d1c      0x1c  eep93C56.o [20]
    .bss                 zero     0x2020'1d38       0x4  fsl_clock.o [6]
    .bss                 zero     0x2020'1d3c       0x4  fsl_clock.o [6]
    .bss                 zero     0x2020'1d40       0x4  fsl_component_exception_handling.o [3]
    .bss                 zero     0x2020'1d44       0x4  fsl_debug_console.o [23]
    .bss                 zero     0x2020'1d48      0x80  fsl_edma.o [6]
    .bss                 zero     0x2020'1dc8       0x4  fsl_enet.o [6]
    .bss                 zero     0x2020'1dcc       0x4  fsl_enet.o [6]
    .bss                 zero     0x2020'1dd0       0x4  fsl_enet.o [6]
    .bss                 zero     0x2020'1dd4       0x4  fsl_enet.o [6]
    .bss                 zero     0x2020'1dd8       0x4  fsl_enet.o [6]
    .bss                 zero     0x2020'1ddc       0x4  fsl_enet.o [6]
    .bss                 zero     0x2020'1de0       0xc  fsl_flexcan.o [6]
    .bss                 zero     0x2020'1dec       0x4  fsl_flexcan.o [6]
    .bss                 zero     0x2020'1df0       0x8  fsl_flexio.o [6]
    .bss                 zero     0x2020'1df8       0x8  fsl_flexio.o [6]
    .bss                 zero     0x2020'1e00       0x8  fsl_flexio.o [6]
    .bss                 zero     0x2020'1e08       0x4  fsl_flexspi.o [6]
    .bss                 zero     0x2020'1e0c       0x4  fsl_flexspi.o [6]
    .bss                 zero     0x2020'1e10       0x4  fsl_lpi2c.o [6]
    .bss                 zero     0x2020'1e14      0x14  fsl_lpi2c.o [6]
    .bss                 zero     0x2020'1e28       0x4  fsl_lpi2c.o [6]
    .bss                 zero     0x2020'1e2c      0x14  fsl_lpi2c.o [6]
    .bss                 zero     0x2020'1e40      0x14  fsl_lpspi.o [6]
    .bss                 zero     0x2020'1e54       0x4  fsl_lpspi.o [6]
    .bss                 zero     0x2020'1e58       0x4  fsl_lpspi.o [6]
    .bss                 zero     0x2020'1e5c       0x8  fsl_lpspi.o [6]
    .bss                 zero     0x2020'1e64      0x28  fsl_lpspi_edma.o [6]
    .bss                 zero     0x2020'1e8c      0x24  fsl_lpuart.o [6]
    .bss                 zero     0x2020'1eb0       0x4  fsl_lpuart.o [6]
    .bss                 zero     0x2020'1eb4      0x20  fsl_sai.o [6]
    .bss                 zero     0x2020'1ed4       0x4  fsl_sai.o [6]
    .bss                 zero     0x2020'1ed8       0x4  fsl_sai.o [6]
    .bss                 zero     0x2020'1edc       0x8  fsl_spdif.o [6]
    .bss                 zero     0x2020'1ee4       0x4  fsl_spdif.o [6]
    .bss                 zero     0x2020'1ee8       0x4  fsl_spdif.o [6]
    .bss                 zero     0x2020'1eec       0xc  fsl_usdhc.o [6]
    .bss                 zero     0x2020'1ef8       0x4  fsl_usdhc.o [6]
    .bss                 zero     0x2020'1efc       0x4  globalPrinterTask.o [12]
    .bss                 zero     0x2020'1f00       0x4  globalPrinterTask.o [12]
    .bss                 zero     0x2020'1f04       0x4  globalPrinterTask.o [12]
    .bss                 zero     0x2020'1f08       0x4  globalPrinterTask.o [12]
    .bss                 zero     0x2020'1f0c       0x4  globalPrinterTask.o [12]
    .bss                 zero     0x2020'1f10       0x4  globalPrinterTask.o [12]
    .bss                 zero     0x2020'1f14       0x4  globalPrinterTask.o [12]
    .bss                 zero     0x2020'1f18       0x4  globalPrinterTask.o [12]
    .bss                 zero     0x2020'1f1c       0x4  globalPrinterTask.o [12]
    .bss                 zero     0x2020'1f20      0x10  globalPrinterTask.o [12]
    .bss                 zero     0x2020'1f30      0x20  globalPrinterTask.o [12]
    .bss                 zero     0x2020'1f50       0x4  globalPrinterTask.o [12]
    .bss                 zero     0x2020'1f54       0x4  globalPrinterTask.o [12]
    .bss                 zero     0x2020'1f58  0x1'4000  heap_4.o [9]
    .bss                 zero     0x2021'5f58       0x8  heap_4.o [9]
    .bss                 zero     0x2021'5f60       0x4  heap_4.o [9]
    .bss                 zero     0x2021'5f64       0x4  heap_4.o [9]
    .bss                 zero     0x2021'5f68       0x4  heap_4.o [9]
    .bss                 zero     0x2021'5f6c       0x4  heap_4.o [9]
    .bss                 zero     0x2021'5f70       0x4  heap_4.o [9]
    .bss                 zero     0x2021'5f74       0x4  heap_4.o [9]
    .bss                 zero     0x2021'5f78       0x4  idleTask.o [13]
    .bss                 zero     0x2021'5f7c       0xc  lp5521.o [13]
    .bss                 zero     0x2021'5f88     0x200  lp5521.o [13]
    .bss                 zero     0x2021'6188     0x200  lp5521.o [13]
    .bss                 zero     0x2021'6388     0x200  lp5521.o [13]
    .bss                 zero     0x2021'6588     0x200  lp5521.o [13]
    .bss                 zero     0x2021'6788     0x200  lp5521.o [13]
    .bss                 zero     0x2021'6988     0x200  lp5521.o [13]
    .bss                 zero     0x2021'6b88       0x4  lp5521.o [13]
    .bss                 zero     0x2021'6b8c       0x4  lp5521.o [13]
    .bss                 zero     0x2021'6b90       0x4  lp5521.o [13]
    .bss                 zero     0x2021'6b94       0x4  lp5521.o [13]
    .bss                 zero     0x2021'6b98       0x4  lp5521.o [13]
    .bss                 zero     0x2021'6b9c       0x4  lp5521.o [13]
    .bss                 zero     0x2021'6ba0       0xc  lp5521.o [13]
    .bss                 zero     0x2021'6bac       0xc  lp5521.o [13]
    .bss                 zero     0x2021'6bb8       0x4  port.o [8]
    .bss                 zero     0x2021'6bbc      0x54  printEngine.o [12]
    .bss                 zero     0x2021'6c10       0x4  printEngine.o [12]
    .bss                 zero     0x2021'6c14       0x4  printEngine.o [12]
    .bss                 zero     0x2021'6c18       0x4  printEngine.o [12]
    .bss                 zero     0x2021'6c1c       0x4  printEngine.o [12]
    .bss                 zero     0x2021'6c20      0x28  printEngine.o [12]
    .bss                 zero     0x2021'6c48       0x4  printEngine.o [12]
    .bss                 zero     0x2021'6c4c    0x2710  printEngine.o [12]
    .bss                 zero     0x2021'935c    0x2710  printEngine.o [12]
    .bss                 zero     0x2021'ba6c       0x4  printEngine.o [12]
    .bss                 zero     0x2021'ba70       0x4  printEngine.o [12]
    .bss                 zero     0x2021'ba74       0x4  printEngine.o [12]
    .bss                 zero     0x2021'ba78       0x4  printEngine.o [12]
    .bss                 zero     0x2021'ba7c       0x4  printEngine.o [12]
    .bss                 zero     0x2021'ba80       0x4  printEngine.o [12]
    .bss                 zero     0x2021'ba84      0xa0  printEngine.o [12]
    .bss                 zero     0x2021'bb24      0xa4  printEngine.o [12]
    .bss                 zero     0x2021'bbc8       0x4  printEngine.o [12]
    .bss                 zero     0x2021'bbcc       0x4  printEngine.o [12]
    .bss                 zero     0x2021'bbd0       0x4  printEngine.o [12]
    .bss                 zero     0x2021'bbd4       0x4  printEngine.o [12]
    .bss                 zero     0x2021'bbd8       0x4  printEngine.o [12]
    .bss                 zero     0x2021'bbdc       0x4  printEngine.o [12]
    .bss                 zero     0x2021'bbe0       0x4  printEngine.o [12]
    .bss                 zero     0x2021'bbe4       0x4  printHead.o [12]
    .bss                 zero     0x2021'bbe8      0x10  printHead.o [12]
    .bss                 zero     0x2021'bbf8      0x10  printHead.o [12]
    .bss                 zero     0x2021'bc08      0x10  printHead.o [12]
    .bss                 zero     0x2021'bc18      0x10  printHead.o [12]
    .bss                 zero     0x2021'bc28       0x8  printHead.o [12]
    .bss                 zero     0x2021'bc30      0x50  printHead.o [12]
    .bss                 zero     0x2021'bc80       0x4  printHead.o [12]
    .bss                 zero     0x2021'bc84      0x40  queue.o [7]
    .bss                 zero     0x2021'bcc4       0x4  queueManager.o [13]
    .bss                 zero     0x2021'bcc8       0x4  queueManager.o [13]
    .bss                 zero     0x2021'bccc       0x4  queueManager.o [13]
    .bss                 zero     0x2021'bcd0       0x4  queueManager.o [13]
    .bss                 zero     0x2021'bcd4       0x4  queueManager.o [13]
    .bss                 zero     0x2021'bcd8       0x4  queueManager.o [13]
    .bss                 zero     0x2021'bcdc       0x4  queueManager.o [13]
    .bss                 zero     0x2021'bce0       0x4  queueManager.o [13]
    .bss                 zero     0x2021'bce4       0x4  queueManager.o [13]
    .bss                 zero     0x2021'bce8       0x4  queueManager.o [13]
    .bss                 zero     0x2021'bcec       0x4  sensors.o [13]
    .bss                 zero     0x2021'bcf0      0x10  sensors.o [13]
    .bss                 zero     0x2021'bd00      0x24  sensors.o [13]
    .bss                 zero     0x2021'bd24       0x4  sensors.o [13]
    .bss                 zero     0x2021'bd28       0x8  sensors.o [13]
    .bss                 zero     0x2021'bd30       0x4  serialFlash.o [13]
    .bss                 zero     0x2021'bd34       0x4  systemTimer.o [13]
    .bss                 zero     0x2021'bd38       0x4  systemTimer.o [13]
    .bss                 zero     0x2021'bd3c       0x4  systemTimer.o [13]
    .bss                 zero     0x2021'bd40      0x10  takeupMotor.o [12]
    .bss                 zero     0x2021'bd50       0x4  takeupMotor.o [12]
    .bss                 zero     0x2021'bd54       0x4  takeupMotor.o [12]
    .bss                 zero     0x2021'bd58    0x9c40  takeupMotor.o [12]
    .bss                 zero     0x2022'5998       0x4  takeupMotor.o [12]
    .bss                 zero     0x2022'599c       0x4  takeupMotor.o [12]
    .bss                 zero     0x2022'59a0      0x10  takeupMotor.o [12]
    .bss                 zero     0x2022'59b0       0x4  tasks.o [7]
    .bss                 zero     0x2022'59b4      0x64  tasks.o [7]
    .bss                 zero     0x2022'5a18      0x14  tasks.o [7]
    .bss                 zero     0x2022'5a2c      0x14  tasks.o [7]
    .bss                 zero     0x2022'5a40       0x4  tasks.o [7]
    .bss                 zero     0x2022'5a44       0x4  tasks.o [7]
    .bss                 zero     0x2022'5a48      0x14  tasks.o [7]
    .bss                 zero     0x2022'5a5c      0x14  tasks.o [7]
    .bss                 zero     0x2022'5a70       0x4  tasks.o [7]
    .bss                 zero     0x2022'5a74      0x14  tasks.o [7]
    .bss                 zero     0x2022'5a88       0x4  tasks.o [7]
    .bss                 zero     0x2022'5a8c       0x4  tasks.o [7]
    .bss                 zero     0x2022'5a90       0x4  tasks.o [7]
    .bss                 zero     0x2022'5a94       0x4  tasks.o [7]
    .bss                 zero     0x2022'5a98       0x4  tasks.o [7]
    .bss                 zero     0x2022'5a9c       0x4  tasks.o [7]
    .bss                 zero     0x2022'5aa0       0x4  tasks.o [7]
    .bss                 zero     0x2022'5aa4       0x4  tasks.o [7]
    .bss                 zero     0x2022'5aa8       0x4  tasks.o [7]
    .bss                 zero     0x2022'5aac       0x4  tasks.o [7]
    .bss                 zero     0x2022'5ab0       0x4  tasks.o [7]
    .bss                 zero     0x2022'5ab4      0x1c  threadManager.o [13]
    .bss                 zero     0x2022'5ad0      0x14  timers.o [7]
    .bss                 zero     0x2022'5ae4      0x14  timers.o [7]
    .bss                 zero     0x2022'5af8       0x4  timers.o [7]
    .bss                 zero     0x2022'5afc       0x4  timers.o [7]
    .bss                 zero     0x2022'5b00       0x4  timers.o [7]
    .bss                 zero     0x2022'5b04       0x4  timers.o [7]
    .bss                 zero     0x2022'5b08       0x4  timers.o [7]
    .bss                 zero     0x2022'5b0c       0x4  TPHMotor.o [12]
    .bss                 zero     0x2022'5b10      0x20  TPHMotor.o [12]
    .bss                 zero     0x2022'5b30       0x4  translator.o [13]
    .bss                 zero     0x2022'5b34       0x4  translator.o [13]
    .bss                 zero     0x2022'5b38       0x4  translator.o [13]
    .bss                 zero     0x2022'5b3c       0x4  translator.o [13]
    .bss                 zero     0x2022'5b40       0x4  translator.o [13]
    .bss                 zero     0x2022'5b44       0x4  translator.o [13]
    .bss                 zero     0x2022'5b48       0x4  translator.o [13]
    .bss                 zero     0x2022'5b4c       0x4  translator.o [13]
    .bss                 zero     0x2022'5b50       0x4  translator.o [13]
    .bss                 zero     0x2022'5b54       0x8  translator.o [13]
    .bss                 zero     0x2022'5b5c       0x4  translator.o [13]
    .bss                 zero     0x2022'5b60       0xc  translator.o [13]
    .bss                 zero     0x2022'5b6c       0x4  translator.o [13]
    .bss                 zero     0x2022'5b70       0xc  translator.o [13]
    .bss                 zero     0x2022'5b7c      0x3c  translator.o [13]
    .bss                 zero     0x2022'5bb8      0x8c  usb_device_ehci.o [17]
    .bss                 zero     0x2022'5c44       0x4  usbTask.o [19]
    .bss                 zero     0x2022'5c48       0x4  usbTask.o [19]
    .bss                 zero     0x2022'5c4c       0x4  usbTask.o [19]
    .bss                 zero     0x2022'5c50       0x4  usbTask.o [19]
    .bss                 zero     0x2022'5c54       0x4  usbTask.o [19]
    .bss                 zero     0x2022'5c58       0x4  usbTask.o [19]
    .bss                 zero     0x2022'5c5c      0x10  usbTask.o [19]
    .bss                 zero     0x2022'5c6c      0x80  usbTask.o [19]
    .bss                 zero     0x2022'5cec       0x4  usbTask.o [19]
    .bss                 zero     0x2022'5cf0       0x4  usbTask.o [19]
    .bss                 zero     0x2022'5cf4       0x4  usbTask.o [19]
    .bss                 zero     0x2022'5cf8       0x4  usbTask.o [19]
    .bss                 zero     0x2022'5cfc       0x4  valueMax.o [20]
    .bss                 zero     0x2022'5d00      0x14  valueMax.o [20]
    .bss                 zero     0x2022'5d14     0x580  valueMax.o [20]
    .bss                 zero     0x2022'6294      0x38  valueMax.o [20]
    .bss                 zero     0x2022'62cc       0x4  valueMax.o [20]
    .bss                 zero     0x2022'62d0       0x4  valueMax.o [20]
    .bss                 zero     0x2022'62d4       0x4  w25x10cl.o [13]
    .bss                 zero     0x2022'62d8       0x4  w25x10cl.o [13]
    .tbss                zero     0x2022'62dc       0x4  errno.o [27]
    DataQuickAccess      zero     0x2022'62e0       0x8  printEngine.o [12]
    DataQuickAccess      zero     0x2022'62e8       0x8  printEngine.o [12]
    DataQuickAccess      zero     0x2022'62f0       0x8  printEngine.o [12]
    DataQuickAccess      zero     0x2022'62f8       0x4  printEngine.o [12]
    DataQuickAccess      zero     0x2022'62fc      0x18  printEngine.o [12]
    DataQuickAccess      zero     0x2022'6314      0x18  printEngine.o [12]
    DataQuickAccess      zero     0x2022'632c      0x10  printEngine.o [12]
    DataQuickAccess      zero     0x2022'633c      0x10  printEngine.o [12]
    .bss                 zero     0x2022'634c       0x2  averyWeigher.o [21]
    .bss                 zero     0x2022'634e       0x2  developmentTools.o [13]
    .bss                 zero     0x2022'6350       0x2  developmentTools.o [13]
    .bss                 zero     0x2022'6352       0x2  developmentTools.o [13]
    .bss                 zero     0x2022'6354       0x2  developmentTools.o [13]
    .bss                 zero     0x2022'6356       0x2  developmentTools.o [13]
    .bss                 zero     0x2022'6358       0x2  developmentTools.o [13]
    .bss                 zero     0x2022'635a       0x2  lp5521.o [13]
    .bss                 zero     0x2022'635c       0x2  printEngine.o [12]
    .bss                 zero     0x2022'635e       0x2  printEngine.o [12]
    .bss                 zero     0x2022'6360       0x2  printEngine.o [12]
    .bss                 zero     0x2022'6362       0x2  printEngine.o [12]
    .bss                 zero     0x2022'6364       0x2  printEngine.o [12]
    .bss                 zero     0x2022'6366       0x2  printEngine.o [12]
    .bss                 zero     0x2022'6368       0x2  printEngine.o [12]
    .bss                 zero     0x2022'636a       0x2  printHead.o [12]
    .bss                 zero     0x2022'636c       0x2  takeupMotor.o [12]
    .bss                 zero     0x2022'636e       0x2  takeupMotor.o [12]
    .bss                 zero     0x2022'6370       0x2  takeupMotor.o [12]
    .bss                 zero     0x2022'6372       0x2  takeupMotor.o [12]
    .bss                 zero     0x2022'6374       0x2  takeupMotor.o [12]
    .bss                 zero     0x2022'6376       0x2  takeupMotor.o [12]
    .bss                 zero     0x2022'6378       0x2  takeupMotor.o [12]
    .bss                 zero     0x2022'637a       0x2  takeupMotor.o [12]
    .bss                 zero     0x2022'637c       0x2  takeupMotor.o [12]
    .bss                 zero     0x2022'637e       0x2  takeupMotor.o [12]
    .bss                 zero     0x2022'6380       0x2  takeupMotor.o [12]
    .bss                 zero     0x2022'6382       0x2  takeupMotor.o [12]
    .bss                 zero     0x2022'6384       0x2  takeupMotor.o [12]
    .bss                 zero     0x2022'6386       0x2  takeupMotor.o [12]
    .bss                 zero     0x2022'6388       0x2  takeupMotor.o [12]
    .bss                 zero     0x2022'638a       0x2  takeupMotor.o [12]
    .bss                 zero     0x2022'638c       0x2  takeupMotor.o [12]
    .bss                 zero     0x2022'638e       0x2  takeupMotor.o [12]
    .bss                 zero     0x2022'6390       0x2  takeupMotor.o [12]
    .bss                 zero     0x2022'6392       0x2  takeupMotor.o [12]
    .bss                 zero     0x2022'6394       0x2  takeupMotor.o [12]
    .bss                 zero     0x2022'6396       0x2  takeupMotor.o [12]
    .bss                 zero     0x2022'6398       0x2  takeupMotor.o [12]
    .bss                 zero     0x2022'639a       0x2  takeupMotor.o [12]
    .bss                 zero     0x2022'639c       0x2  takeupMotor.o [12]
    .bss                 zero     0x2022'639e       0x2  TPHMotor.o [12]
    .bss                 zero     0x2022'63a0       0x2  TPHMotor.o [12]
    .bss                 zero     0x2022'63a2       0x1  averyCutter.o [12]
    .bss                 zero     0x2022'63a3       0x1  averyCutter.o [12]
    .bss                 zero     0x2022'63a4       0x1  averyCutter.o [12]
    .bss                 zero     0x2022'63a5       0x1  averyWeigher.o [21]
    .bss                 zero     0x2022'63a6       0x1  averyWeigher.o [21]
    .bss                 zero     0x2022'63a7       0x1  averyWeigher.o [21]
    .bss                 zero     0x2022'63a8       0x1  averyWeigher.o [21]
    .bss                 zero     0x2022'63a9       0x1  averyWeigher.o [21]
    .bss                 zero     0x2022'63aa       0x1  averyWeigher.o [21]
    .bss                 zero     0x2022'63ab       0x1  averyWeigher.o [21]
    .bss                 zero     0x2022'63ac       0x1  averyWeigher.o [21]
    .bss                 zero     0x2022'63ad       0x1  averyWeigher.o [21]
    .bss                 zero     0x2022'63ae       0x1  averyWeigher.o [21]
    .bss                 zero     0x2022'63af       0x1  averyWeigher.o [21]
    .bss                 zero     0x2022'63b0       0x1  averyWeigher.o [21]
    .bss                 zero     0x2022'63b1       0x1  averyWeigher.o [21]
    .bss                 zero     0x2022'63b2       0x1  averyWeigher.o [21]
    .bss                 zero     0x2022'63b3       0x1  averyWeigher.o [21]
    .bss                 zero     0x2022'63b4       0x1  averyWeigher.o [21]
    .bss                 zero     0x2022'63b5       0x1  averyWeigher.o [21]
    .bss                 zero     0x2022'63b6       0x1  averyWeigher.o [21]
    .bss                 zero     0x2022'63b7       0x1  cat3Audit.o [21]
    .bss                 zero     0x2022'63b8       0x1  cat3Audit.o [21]
    .bss                 zero     0x2022'63b9       0x1  dotWearTask.o [12]
    .bss                 zero     0x2022'63ba       0x1  dvr8818.o [12]
    .bss                 zero     0x2022'63bb       0x1  eep93C56.o [20]
    .bss                 zero     0x2022'63bc       0x1  fsl_debug_console.o [23]
    .bss                 zero     0x2022'63bd       0x1  fsl_edma.o [6]
    .bss                 zero     0x2022'63be       0x1  globalPrinterTask.o [12]
    .bss                 zero     0x2022'63bf       0x1  globalPrinterTask.o [12]
    .bss                 zero     0x2022'63c0       0x1  globalPrinterTask.o [12]
    .bss                 zero     0x2022'63c1       0x1  globalPrinterTask.o [12]
    .bss                 zero     0x2022'63c2       0x1  globalPrinterTask.o [12]
    .bss                 zero     0x2022'63c3       0x1  globalPrinterTask.o [12]
    .bss                 zero     0x2022'63c4       0x1  globalPrinterTask.o [12]
    .bss                 zero     0x2022'63c5       0x1  globalPrinterTask.o [12]
    .bss                 zero     0x2022'63c6       0x1  globalPrinterTask.o [12]
    .bss                 zero     0x2022'63c7       0x1  globalPrinterTask.o [12]
    .bss                 zero     0x2022'63c8       0x1  globalPrinterTask.o [12]
    .bss                 zero     0x2022'63c9       0x1  idleTask.o [13]
    .bss                 zero     0x2022'63ca       0x1  lp5521.o [13]
    .bss                 zero     0x2022'63cb       0x1  lp5521.o [13]
    .bss                 zero     0x2022'63cc       0x1  port.o [8]
    .bss                 zero     0x2022'63cd       0x1  printEngine.o [12]
    .bss                 zero     0x2022'63ce       0x1  printEngine.o [12]
    .bss                 zero     0x2022'63cf       0x1  printEngine.o [12]
    .bss                 zero     0x2022'63d0       0x1  printEngine.o [12]
    .bss                 zero     0x2022'63d1       0x1  printEngine.o [12]
    .bss                 zero     0x2022'63d2       0x1  printEngine.o [12]
    .bss                 zero     0x2022'63d3       0x1  printEngine.o [12]
    .bss                 zero     0x2022'63d4       0x1  printEngine.o [12]
    .bss                 zero     0x2022'63d5       0x1  printEngine.o [12]
    .bss                 zero     0x2022'63d6       0x1  printEngine.o [12]
    .bss                 zero     0x2022'63d7       0x1  printEngine.o [12]
    .bss                 zero     0x2022'63d8       0x1  printEngine.o [12]
    .bss                 zero     0x2022'63d9       0x1  printEngine.o [12]
    .bss                 zero     0x2022'63da       0x1  printEngine.o [12]
    .bss                 zero     0x2022'63db       0x1  printEngine.o [12]
    .bss                 zero     0x2022'63dc       0x1  printEngine.o [12]
    .bss                 zero     0x2022'63dd       0x1  printEngine.o [12]
    .bss                 zero     0x2022'63de       0x1  printEngine.o [12]
    .bss                 zero     0x2022'63df       0x1  printEngine.o [12]
    .bss                 zero     0x2022'63e0       0x1  printEngine.o [12]
    .bss                 zero     0x2022'63e1       0x1  printEngine.o [12]
    .bss                 zero     0x2022'63e2       0x1  printEngine.o [12]
    .bss                 zero     0x2022'63e3       0x1  printEngine.o [12]
    .bss                 zero     0x2022'63e4       0x1  printEngine.o [12]
    .bss                 zero     0x2022'63e5       0x1  printEngine.o [12]
    .bss                 zero     0x2022'63e6       0x1  printEngine.o [12]
    .bss                 zero     0x2022'63e7       0x1  printEngine.o [12]
    .bss                 zero     0x2022'63e8       0x1  printHead.o [12]
    .bss                 zero     0x2022'63e9       0x1  sensors.o [13]
    .bss                 zero     0x2022'63ea       0x1  sensors.o [13]
    .bss                 zero     0x2022'63eb       0x1  sensors.o [13]
    .bss                 zero     0x2022'63ec       0x1  sensors.o [13]
    .bss                 zero     0x2022'63ed       0x1  sensors.o [13]
    .bss                 zero     0x2022'63ee       0x1  sensors.o [13]
    .bss                 zero     0x2022'63ef       0x1  sensors.o [13]
    .bss                 zero     0x2022'63f0       0x1  sensors.o [13]
    .bss                 zero     0x2022'63f1       0x1  sensors.o [13]
    .bss                 zero     0x2022'63f2       0x1  sensors.o [13]
    .bss                 zero     0x2022'63f3       0x1  sensors.o [13]
    .bss                 zero     0x2022'63f4       0x1  sensors.o [13]
    .bss                 zero     0x2022'63f5       0x1  sensors.o [13]
    .bss                 zero     0x2022'63f6       0x1  takeupMotor.o [12]
    .bss                 zero     0x2022'63f7       0x1  takeupMotor.o [12]
    .bss                 zero     0x2022'63f8       0x1  takeupMotor.o [12]
    .bss                 zero     0x2022'63f9       0x1  takeupMotor.o [12]
    .bss                 zero     0x2022'63fa       0x1  takeupMotor.o [12]
    .bss                 zero     0x2022'63fb       0x1  takeupMotor.o [12]
    .bss                 zero     0x2022'63fc       0x1  takeupMotor.o [12]
    .bss                 zero     0x2022'63fd       0x1  takeupMotor.o [12]
    .bss                 zero     0x2022'63fe       0x1  takeupMotor.o [12]
    .bss                 zero     0x2022'63ff       0x1  takeupMotor.o [12]
    .bss                 zero     0x2022'6400       0x1  takeupMotor.o [12]
    .bss                 zero     0x2022'6401       0x1  takeupMotor.o [12]
    .bss                 zero     0x2022'6402       0x1  takeupMotor.o [12]
    .bss                 zero     0x2022'6403       0x1  threadManager.o [13]
    .bss                 zero     0x2022'6404       0x1  TPHMotor.o [12]
    .bss                 zero     0x2022'6405       0x1  TPHMotor.o [12]
    .bss                 zero     0x2022'6406       0x1  TPHMotor.o [12]
    .bss                 zero     0x2022'6407       0x1  TPHMotor.o [12]
    .bss                 zero     0x2022'6408       0x1  TPHMotor.o [12]
    .bss                 zero     0x2022'6409       0x1  TPHMotor.o [12]
    .bss                 zero     0x2022'640a       0x1  translator.o [13]
    .bss                 zero     0x2022'640b       0x1  translator.o [13]
    .bss                 zero     0x2022'640c       0x1  translator.o [13]
    .bss                 zero     0x2022'640d       0x1  usb_device_ehci.o [17]
    .bss                 zero     0x2022'640e       0x1  usbTask.o [19]
    .bss                 zero     0x2022'640f       0x1  usbTask.o [19]
    .bss                 zero     0x2022'6410       0x1  valueMax.o [20]
    .bss                 zero     0x2022'6411       0x1  valueMax.o [20]
                                - 0x2022'6414  0x2'612c

"A0":                                             0x400
  .intvec                ro code  0x6004'0000     0x400  startup_MIMXRT1024.o [22]
                                - 0x6004'0400     0x400

"P1":                                          0x3'055b
  Veneer                 ro code  0x6004'0400       0x8  - Linker created -
  Veneer                 ro code  0x6004'0408       0x8  - Linker created -
  Veneer                 ro code  0x6004'0410       0x8  - Linker created -
  Veneer                 ro code  0x6004'0418       0x8  - Linker created -
  Veneer                 ro code  0x6004'0420       0x8  - Linker created -
  Veneer                 ro code  0x6004'0428       0x8  - Linker created -
  Veneer                 ro code  0x6004'0430       0x8  - Linker created -
  Veneer                 ro code  0x6004'0438       0x8  - Linker created -
  Veneer                 ro code  0x6004'0440       0x8  - Linker created -
  Veneer                 ro code  0x6004'0448       0x8  - Linker created -
  Veneer                 ro code  0x6004'0450       0x8  - Linker created -
  Veneer                 ro code  0x6004'0458       0x8  - Linker created -
  Veneer                 ro code  0x6004'0460       0x8  - Linker created -
  Veneer                 ro code  0x6004'0468       0x8  - Linker created -
  Veneer                 ro code  0x6004'0470       0x8  - Linker created -
  Veneer                 ro code  0x6004'0478       0x8  - Linker created -
  Veneer                 ro code  0x6004'0480       0x8  - Linker created -
  Veneer                 ro code  0x6004'0488       0x8  - Linker created -
  Veneer                 ro code  0x6004'0490       0x8  - Linker created -
  Veneer                 ro code  0x6004'0498       0x8  - Linker created -
  Veneer                 ro code  0x6004'04a0       0x8  - Linker created -
  Veneer                 ro code  0x6004'04a8       0x8  - Linker created -
  Veneer                 ro code  0x6004'04b0       0x8  - Linker created -
  Veneer                 ro code  0x6004'04b8       0x8  - Linker created -
  Veneer                 ro code  0x6004'04c0       0x8  - Linker created -
  Veneer                 ro code  0x6004'04c8       0x8  - Linker created -
  Veneer                 ro code  0x6004'04d0       0x8  - Linker created -
  Veneer                 ro code  0x6004'04d8       0x8  - Linker created -
  Veneer                 ro code  0x6004'04e0       0x8  - Linker created -
  Veneer                 ro code  0x6004'04e8       0x8  - Linker created -
  Veneer                 ro code  0x6004'04f0       0x8  - Linker created -
  Veneer                 ro code  0x6004'04f8       0x8  - Linker created -
  Veneer                 ro code  0x6004'0500       0x8  - Linker created -
  Veneer                 ro code  0x6004'0508       0x8  - Linker created -
  Veneer                 ro code  0x6004'0510       0x8  - Linker created -
  Veneer                 ro code  0x6004'0518       0x8  - Linker created -
  Veneer                 ro code  0x6004'0520       0x8  - Linker created -
  Veneer                 ro code  0x6004'0528       0x8  - Linker created -
  Veneer                 ro code  0x6004'0530       0x8  - Linker created -
  Veneer                 ro code  0x6004'0538       0x8  - Linker created -
  Veneer                 ro code  0x6004'0540       0x8  - Linker created -
  Veneer                 ro code  0x6004'0548       0x8  - Linker created -
  Veneer                 ro code  0x6004'0550       0x8  - Linker created -
  Veneer                 ro code  0x6004'0558       0x8  - Linker created -
  Veneer                 ro code  0x6004'0560       0x8  - Linker created -
  Veneer                 ro code  0x6004'0568       0x8  - Linker created -
  Veneer                 ro code  0x6004'0570       0x8  - Linker created -
  Veneer                 ro code  0x6004'0578       0x8  - Linker created -
  .text                  ro code  0x6004'0580    0x46d4  printEngine.o [12]
  .text                  ro code  0x6004'4c54      0x18  fsl_assert.o [23]
  .text                  ro code  0x6004'4c6c     0x1e0  fsl_gpio.o [6]
  .text                  ro code  0x6004'4e4c    0x1170  fsl_lpspi.o [6]
  .text                  ro code  0x6004'5fbc      0xbc  fsl_dmamux.o [6]
  .text                  ro code  0x6004'6078     0xa58  fsl_edma.o [6]
  .text                  ro code  0x6004'6ad0     0x774  fsl_clock.o [6]
  .text                  ro code  0x6004'7244      0x66  ABImemset.o [29]
  .rodata                const    0x6004'72aa       0x2  commandTable.o [10]
  .text                  ro code  0x6004'72ac     0x774  fsl_lpspi_edma.o [6]
  .text                  ro code  0x6004'7a20     0x19c  fsl_debug_console.o [23]
  .text                  ro code  0x6004'7bbc     0xcb0  queue.o [7]
  .text                  ro code  0x6004'886c       0xc  virtualScope.o [12]
  .text                  ro code  0x6004'8878     0x66e  commandTable.o [10]
  .rodata                const    0x6004'8ee6       0x2  fsl_clock.o [6]
  Veneer                 ro code  0x6004'8ee8       0x8  - Linker created -
  .text                  ro code  0x6004'8ef0     0xc28  sensors.o [13]
  Veneer                 ro code  0x6004'9b18       0x8  - Linker created -
  Veneer                 ro code  0x6004'9b20       0x8  - Linker created -
  .text                  ro code  0x6004'9b28     0x552  threadManager.o [13]
  .rodata                const    0x6004'a07a       0x2  fsl_dmamux.o [6]
  .text                  ro code  0x6004'a07c     0x2f4  printHead.o [12]
  .text                  ro code  0x6004'a370       0x8  abs.o [27]
  .text                  ro code  0x6004'a378    0x10b0  averyCutter.o [12]
  .text                  ro code  0x6004'b428    0x3e3c  translator.o [13]
  .text                  ro code  0x6004'f264     0x274  I64DivMod.o [29]
  .text                  ro code  0x6004'f4d8     0x102  fsl_component_serial_manager.o [24]
  .rodata                const    0x6004'f5da       0x2  fsl_edma.o [6]
  .text                  ro code  0x6004'f5dc      0xa6  ABImemcpy.o [29]
  .rodata                const    0x6004'f682       0x2  fsl_pit.o [6]
  .text                  ro code  0x6004'f684     0x998  fsl_str.o [23]
  .text                  ro code  0x6005'001c     0x224  port.o [8]
  .text                  ro code  0x6005'0240     0xcd8  tasks.o [7]
  .text                  ro code  0x6005'0f18      0x98  list.o [7]
  .text                  ro code  0x6005'0fb0     0x298  heap_4.o [9]
  .text                  ro code  0x6005'1248     0x2c0  fsl_adc.o [6]
  Veneer                 ro code  0x6005'1508       0x8  - Linker created -
  .text                  ro code  0x6005'1510     0xd7c  lp5521.o [13]
  .text                  ro code  0x6005'228c     0x3ee  fsl_qtmr.o [6]
  .rodata                const    0x6005'267a       0x2  fsl_xbara.o [6]
  .text                  ro code  0x6005'267c     0x3b4  fsl_adc_etc.o [6]
  .text                  ro code  0x6005'2a30      0xe8  fsl_xbara.o [6]
  .text                  ro code  0x6005'2b18     0x124  fsl_pit.o [6]
  .text                  ro code  0x6005'2c3c     0x250  queueManager.o [13]
  .text                  ro code  0x6005'2e8c      0xfc  vendor.o [13]
  .text                  ro code  0x6005'2f88     0x10c  systemTimer.o [13]
  .text                  ro code  0x6005'3094     0xe64  w25x10cl.o [13]
  Veneer                 ro code  0x6005'3ef8       0x8  - Linker created -
  .text                  ro code  0x6005'3f00     0xa5c  usbTask.o [19]
  Veneer                 ro code  0x6005'495c       0x8  - Linker created -
  Veneer                 ro code  0x6005'4964       0x8  - Linker created -
  Veneer                 ro code  0x6005'496c       0x8  - Linker created -
  Veneer                 ro code  0x6005'4974       0x8  - Linker created -
  Veneer                 ro code  0x6005'497c       0x8  - Linker created -
  Veneer                 ro code  0x6005'4984       0x8  - Linker created -
  Veneer                 ro code  0x6005'498c       0x8  - Linker created -
  Veneer                 ro code  0x6005'4994       0x8  - Linker created -
  Veneer                 ro code  0x6005'499c       0x8  - Linker created -
  Veneer                 ro code  0x6005'49a4       0x8  - Linker created -
  Veneer                 ro code  0x6005'49ac       0x8  - Linker created -
  Veneer                 ro code  0x6005'49b4       0x8  - Linker created -
  Veneer                 ro code  0x6005'49bc       0x8  - Linker created -
  .text                  ro code  0x6005'49c4    0x15ec  globalPrinterTask.o [12]
  .text                  ro code  0x6005'5fb0      0x68  idleTask.o [13]
  .text                  ro code  0x6005'6018     0xb7c  fsl_lpuart.o [6]
  .text                  ro code  0x6005'6b94     0x152  iar_Stoulx.o [27]
  .text                  ro code  0x6005'6ce6       0x2  startup_MIMXRT1024.o [22]
  .text                  ro code  0x6005'6ce8     0x370  board.o [2]
  .text                  ro code  0x6005'7058      0x44  dotWearTask.o [12]
  .text                  ro code  0x6005'709c       0x2  I64DivZer.o [29]
  .text                  ro code  0x6005'709e      0x30  fsl_component_serial_port_uart.o [24]
  .rodata                const    0x6005'70ce       0x1  commandTable.o [10]
  .rodata                const    0x6005'70cf       0x1  usbTask.o [19]
  .text                  ro code  0x6005'70d0      0x9e  modf.o [28]
  .text                  ro code  0x6005'7170     0x514  pow64.o [28]
  .text                  ro code  0x6005'7684      0x66  DblToS64.o [28]
  .text                  ro code  0x6005'76ec      0x54  S64ToDbl.o [28]
  .text                  ro code  0x6005'7740      0x36  strlen.o [29]
  .text                  ro code  0x6005'7778      0x34  port.o [8]
  CODE                   ro code  0x6005'77ac      0xb0  portasm.o [8]
  .text                  ro code  0x6005'785c     0x50c  timers.o [7]
  .text                  ro code  0x6005'7d68     0x6b0  fsl_lpi2c.o [6]
  .text                  ro code  0x6005'8418     0x3c4  usb_device_class.o [14]
  .text                  ro code  0x6005'87dc      0x64  fsl_common_arm.o [6]
  .text                  ro code  0x6005'8840     0x6aa  usb_device_dci.o [16]
  .text                  ro code  0x6005'8eec     0x63c  usbPrinter.o [14]
  .text                  ro code  0x6005'9528     0x56c  usbWeigher.o [14]
[...]
tanl                    0x6006'021d     0x28c  Code  Gb  tan64.o [28]
tempDelayCounter        0x2022'63d0       0x1  Data  Gb  printEngine.o [12]
tensionCount            0x2022'6378       0x2  Data  Lc  takeupMotor.o [12]
tensionModifier         0x2022'639e       0x2  Data  Lc  TPHMotor.o [12]
tensionSensorSaturate   0x2000'01ba       0x2  Data  Lc  takeupMotor.o [12]
testCondition                0x13b1      0x44  Code  Gb  printEngine.o [12]
testEdge                0x2020'0100       0xc  Data  Lc  commandTable.o [10]
testForContinuous       0x6004'189d      0xee  Code  Gb  printEngine.o [12]
testForLabelOp          0x6004'172f     0x16e  Code  Gb  printEngine.o [12]
testForLabelOp::labelFound_
                        0x2022'63e3       0x1  Data  Lc  printEngine.o [12]
testForSyncOp           0x6004'1723       0xc  Code  Gb  printEngine.o [12]
testGap                 0x2020'00f4       0xc  Data  Lc  commandTable.o [10]
testOp                  0x6004'1b09      0xb4  Code  Gb  printEngine.o [12]
testPrint_              0x2022'63b9       0x1  Data  Lc  dotWearTask.o [12]
tightenStock                 0x4c9f      0xaa  Code  Gb  takeupMotor.o [12]
tightenStockIntr             0x4181     0x180  Code  Lc  takeupMotor.o [12]
tightenStockIntr::maxDecelTUSpeed
                        0x2022'639c       0x2  Data  Lc  takeupMotor.o [12]
tightenStockIntr::rampStep
                        0x2022'639a       0x2  Data  Lc  takeupMotor.o [12]
tightenStockIntr::startUp
                        0x2020'02c3       0x1  Data  Lc  takeupMotor.o [12]
tightenStockIntr::targetSpeed
                        0x2022'6398       0x2  Data  Lc  takeupMotor.o [12]
tightenedVals           0x2021'6788     0x200  Data  Gb  lp5521.o [13]
tmr2Intr                0x2021'bd54       0x4  Data  Gb  takeupMotor.o [12]
toggleDebugPin10uS           0x3869      0x22  Code  Gb  takeupMotor.o [12]
torqueSensorSaturated   0x2022'63f6       0x1  Data  Lc  takeupMotor.o [12]
totalStepsTaken         0x2000'01c6       0x2  Data  Lc  takeupMotor.o [12]
translateFrameHdr       0x6004'b715      0x54  Code  Lc  translator.o [13]
translatePrinterMessage
                        0x6004'b5c7      0xa0  Code  Lc  translator.o [13]
translatePrinterMessage::msgSize
                        0x2022'5b5c       0x4  Data  Lc  translator.o [13]
translatePrinterMessage::prHdr
                        0x2022'5b60       0xc  Data  Lc  translator.o [13]
translateWeigherMessage
                        0x6004'b667      0xae  Code  Lc  translator.o [13]
translateWeigherMessage::msgSize
                        0x2022'5b6c       0x4  Data  Lc  translator.o [13]
translateWeigherMessage::wrHdr
                        0x2022'5b70       0xc  Data  Lc  translator.o [13]
translatorTask          0x6004'b4e5      0xe2  Code  Lc  translator.o [13]
tuControlState          0x2020'02c1       0x1  Data  Lc  takeupMotor.o [12]
tuRunningAvgArray       0x2021'bd40      0x10  Data  Lc  takeupMotor.o [12]
tuRunningAvgArrayIndex  0x2022'63f7       0x1  Data  Lc  takeupMotor.o [12]
tuRunningAvgNumValidReadings
                        0x2022'6370       0x2  Data  Lc  takeupMotor.o [12]
tuRunningAvgSum         0x2021'bd50       0x4  Data  Lc  takeupMotor.o [12]
tuTimeRunningAverage    0x2022'6372       0x2  Data  Lc  takeupMotor.o [12]
tuTorqueSum             0x2022'599c       0x4  Data  Gb  takeupMotor.o [12]
uQueueSet_              0x2022'5c58       0x4  Data  Gb  usbTask.o [19]
uart1Callback           0x6004'b221      0xce  Code  Gb  averyCutter.o [12]
uartRxBfr               0x2000'12f0     0x100  Data  Gb  averyCutter.o [12]
uartTxBfr               0x2000'11f0     0x100  Data  Gb  averyCutter.o [12]
ucHeap                  0x2020'1f58  0x1'4000  Data  Lc  heap_4.o [9]
ucMaxSysCallPriority    0x2022'63cc       0x1  Data  Lc  port.o [8]
ulMaxPRIGROUPValue      0x2021'6bb8       0x4  Data  Lc  port.o [8]
uncertainty             0x2020'03a8       0x8  Data  Lc  averyWeigher.o [21]
updateAuditMGR          0x603d'3313      0x5e  Code  Lc  cat3Audit.o [21]
updateDateTimeEvents    0x603d'38d3       0xe  Code  Gb  cat3Audit.o [21]
updateHistory           0x603d'257f      0x70  Code  Lc  averyWeigher.o [21]
updateParameters        0x603d'19b3      0x30  Code  Lc  averyWeigher.o [21]
updatePrintTimings           0x25b1      0x7a  Code  Gb  printHead.o [12]
updateTaskHandle        0x6004'9e99      0x1a  Code  Gb  threadManager.o [13]
usbMgr                  0x2022'5c6c      0x80  Data  Gb  usbTask.o [19]
usbMgrConfigList        0x2020'0280       0xc  Data  Gb  usbTask.o [19]
usbTask                 0x6005'40a9     0x3d2  Code  Gb  usbTask.o [19]
usbTask::prHdr          0x2020'02c4       0x1  Data  Lc  usbTask.o [19]
usbTask::prMsgCnt       0x2022'5cf4       0x4  Data  Lc  usbTask.o [19]
usbTask::prMsgSize      0x2022'5cec       0x4  Data  Lc  usbTask.o [19]
usbTask::wgFlag_        0x2022'640f       0x1  Data  Lc  usbTask.o [19]
usbTask::wrHdr          0x2020'02c5       0x1  Data  Lc  usbTask.o [19]
usbTask::wrMsgCnt       0x2022'5cf8       0x4  Data  Lc  usbTask.o [19]
usbTask::wrMsgSize      0x2022'5cf0       0x4  Data  Lc  usbTask.o [19]
uxCriticalNesting       0x2020'0180       0x4  Data  Lc  port.o [8]
uxCurrentNumberOfTasks  0x2022'5a88       0x4  Data  Lc  tasks.o [7]
uxDeletedTasksWaitingCleanUp
                        0x2022'5a70       0x4  Data  Lc  tasks.o [7]
uxListRemove            0x6005'0f8b      0x26  Code  Gb  list.o [7]
uxQueueMessagesWaiting  0x6004'853b      0x26  Code  Gb  queue.o [7]
uxQueueMessagesWaitingFromISR
                        0x6004'8561      0x18  Code  Gb  queue.o [7]
uxSchedulerSuspended    0x2022'5ab0       0x4  Data  Lc  tasks.o [7]
uxTaskNumber            0x2022'5aa4       0x4  Data  Lc  tasks.o [7]
uxTopReadyPriority      0x2022'5a90       0x4  Data  Lc  tasks.o [7]
uxTopUsedPriority       0x2020'0190       0x4  Data  Gb  tasks.o [7]
vListInitialise         0x6005'0f19      0x1e  Code  Gb  list.o [7]
vListInitialiseItem     0x6005'0f37       0x6  Code  Gb  list.o [7]
vListInsert             0x6005'0f55      0x36  Code  Gb  list.o [7]
vListInsertEnd          0x6005'0f3d      0x18  Code  Gb  list.o [7]
vPortEnableVFP          0x6005'7841            Code  Gb  portasm.o [8]
vPortEnterCritical      0x6005'013d      0x34  Code  Gb  port.o [8]
vPortExitCritical       0x6005'0171      0x2c  Code  Gb  port.o [8]
vPortFree               0x6005'10e9      0x7a  Code  Gb  heap_4.o [9]
vPortSetupTimerInterrupt
                        0x6005'7779      0x34  Code  Wk  port.o [8]
vPortStartFirstTask     0x6005'7821            Code  Gb  portasm.o [8]
vPortValidateInterruptPriority
                        0x6005'01c5      0x4a  Code  Gb  port.o [8]
vQueueAddToRegistry     0x6004'871f      0x24  Code  Gb  queue.o [7]
vQueueWaitForMessageRestricted
                        0x6004'8749      0x4a  Code  Gb  queue.o [7]
vScopeRecordMtrEnblTime
                        0x6004'8873       0x2  Code  Gb  virtualScope.o [12]
vScopeRecordPHStep      0x6004'8875       0x2  Code  Gb  virtualScope.o [12]
vScopeRecordTakeUp      0x6004'8871       0x2  Code  Gb  virtualScope.o [12]
vTaskDelay              0x6005'042f      0x4c  Code  Gb  tasks.o [7]
vTaskInternalSetTimeOutState
                        0x6005'0915      0x12  Code  Gb  tasks.o [7]
vTaskMissedYield        0x6005'09b7       0xa  Code  Gb  tasks.o [7]
vTaskPlaceOnEventList   0x6005'0811      0x2e  Code  Gb  tasks.o [7]
vTaskPlaceOnEventListRestricted
                        0x6005'0851      0x38  Code  Gb  tasks.o [7]
vTaskPriorityDisinheritAfterTimeout
                        0x6005'0c25      0xaa  Code  Gb  tasks.o [7]
vTaskStartScheduler     0x6005'0563      0x74  Code  Gb  tasks.o [7]
vTaskSuspend            0x6005'047b      0xe8  Code  Gb  tasks.o [7]
vTaskSuspendAll         0x6005'05d7       0xc  Code  Gb  tasks.o [7]
vTaskSwitchContext      0x6005'07a7      0x6a  Code  Gb  tasks.o [7]
vTimerSetTimerID        0x6005'7d1b      0x26  Code  Gb  timers.o [7]
validZero               0x603d'189d      0xb2  Code  Lc  averyWeigher.o [21]
valueMaxHandleAcclMeasurement
                        0x603d'10f9     0x328  Code  Gb  averyWeigher.o [21]
valueMaxHandleAcclMeasurement::buffer_filled
                        0x2022'63b4       0x1  Data  Lc  averyWeigher.o [21]
valueMaxHandleAcclMeasurement{4}{5}::printfThrottle
                        0x2022'634c       0x2  Data  Lc  averyWeigher.o [21]
valueMaxHandleAcclMeasurement{6}{7}{8}{9}::printfThrottle
                        0x2020'02d4       0x2  Data  Lc  averyWeigher.o [21]
valueMaxQHandle         0x2022'62cc       0x4  Data  Lc  valueMax.o [20]
valueMaxSPI3Mutex_      0x2022'62d0       0x4  Data  Lc  valueMax.o [20]
valueMaxTask            0x6005'dac5     0x166  Code  Lc  valueMax.o [20]
valueMaxTask{1}{2}{9}{10}{11}{12}{13}::printfThrottle
                        0x2020'02b6       0x2  Data  Lc  valueMax.o [20]
valueMaxTask{1}{2}{9}{16}::printfThrottle
                        0x2020'02b8       0x2  Data  Lc  valueMax.o [20]
valueMax_               0x2022'5d14     0x580  Data  Lc  valueMax.o [20]
varGainFilterAppend     0x603d'4003      0x1e  Code  Gb  varGainFilter.o [21]
varGainFilterInit       0x603d'3fd5      0x2e  Code  Gb  varGainFilter.o [21]
varGainFilterSetGain    0x603d'4021      0x2c  Code  Gb  varGainFilter.o [21]
varGainFilterSetGainMinMax
                        0x603d'404d      0x52  Code  Gb  varGainFilter.o [21]
verifyConfiguration     0x603d'033d     0x1e6  Code  Lc  averyWeigher.o [21]
verifyPrConfiguration   0x6005'5cb9     0x16e  Code  Lc  globalPrinterTask.o [12]
verticalOffsetIndex     0x2021'ba70       0x4  Data  Gb  printEngine.o [12]
vmEEPPageBuffer         0x2020'028c      0x10  Data  Lc  valueMax.o [20]
vmSPIConfigState        0x2022'6411       0x1  Data  Lc  valueMax.o [20]
vmSpiHandle_            0x2022'6294      0x38  Data  Lc  valueMax.o [20]
vmTaskHandle            0x2022'5cfc       0x4  Data  Lc  valueMax.o [20]
wQueueSet_              0x2020'03d8       0x4  Data  Lc  averyWeigher.o [21]
waitClean_              0x6006'c6fc       0x4  Data  Lc  commandTable.o [10]
waitCut_                0x6006'c6f8       0x4  Data  Lc  commandTable.o [10]
waitForCompletion       0x6005'3de5      0x34  Code  Lc  w25x10cl.o [13]
waitForLabelTaken       0x2020'02bc       0x1  Data  Lc  globalPrinterTask.o [12]
waitOp                       0x1e5d      0xa6  Code  Gb  printEngine.o [12]
waitOp::waitCount_      0x2021'bbe0       0x4  Data  Lc  printEngine.o [12]
waitUntilOp                  0x1f31     0x1dc  Code  Gb  printEngine.o [12]
waitUntilSizingOp       0x6004'1991     0x174  Code  Gb  printEngine.o [12]
waitUntilSizingOp::backUp_
                        0x2022'63e6       0x1  Data  Lc  printEngine.o [12]
waitUntilSizingOp::interlock_
                        0x2022'63e4       0x1  Data  Lc  printEngine.o [12]
waitUntilSizingOp::sigCutter_
                        0x2022'63e5       0x1  Data  Lc  printEngine.o [12]
waitUntilSizingOp::waitForLabel_
                        0x2022'63e7       0x1  Data  Lc  printEngine.o [12]
wakeupMotor             0x6006'0f7f      0x20  Code  Gb  dvr8818.o [12]
weigherCountsStartStop  0x603d'0fb1      0x14  Code  Gb  averyWeigher.o [21]
weigherMode_            0x2020'02e4       0x1  Data  Lc  averyWeigher.o [21]
weigherPowerUp          0x2020'02e5       0x1  Data  Gb  averyWeigher.o [21]
weigherSwM              0x603f'fff3       0x1  Data  Gb  vendor.o [13]
weigherSwe              0x603f'fff5       0x1  Data  Gb  vendor.o [13]
weigherSwm              0x603f'fff4       0x1  Data  Gb  vendor.o [13]
weight_                 0x2020'0464       0x4  Data  Lc  averyWeigher.o [21]
wfbMutex_               0x2022'62d8       0x4  Data  Lc  w25x10cl.o [13]
wgVersion_              0x2020'0410      0x10  Data  Lc  averyWeigher.o [21]
wrRcvUsbBfr             0x2000'00b8      0x4c  Data  Gb  translator.o [13]
write93C56MultiWord     0x603d'4475      0x64  Code  Gb  eep93C56.o [20]
write93C56Word          0x603d'44d9     0x148  Code  Lc  eep93C56.o [20]
writeAuditMGR           0x603d'3371      0x32  Code  Lc  cat3Audit.o [21]
writeCS5530             0x603d'2df1      0x3c  Code  Lc  cs5530.o [21]
writeFitCalibrationAll  0x6005'e0fd      0x1c  Code  Lc  valueMax.o [20]
writeFlashByte          0x6005'3e19      0x74  Code  Lc  w25x10cl.o [13]
writeRegister           0x6005'20f5      0x98  Code  Lc  lp5521.o [13]
writeSCA3300            0x6005'e8f3      0x9a  Code  Lc  sca3300Accel.o [20]
writeSCA3300{5}{6}::printfThrottle
                        0x2020'02b0       0x2  Data  Lc  sca3300Accel.o [20]
writeSerialAuditRcd     0x603d'3b3f      0x34  Code  Lc  cat3Audit.o [21]
writeSerialFlash        0x6005'336f     0x15a  Code  Gb  w25x10cl.o [13]
writeSerialFlashNE      0x6005'34c9      0xde  Code  Gb  w25x10cl.o [13]
writeVmAssemblyNumber   0x6005'e035      0x32  Code  Lc  valueMax.o [20]
writeVmDate             0x6005'e0cb      0x32  Code  Lc  valueMax.o [20]
writeVmSerialNumber     0x6005'e099      0x32  Code  Lc  valueMax.o [20]
writeVmVersion          0x6005'e067      0x32  Code  Lc  valueMax.o [20]
x                       0x2021'5f88     0x200  Data  Lc  lp5521.o [13]
xActiveTimerList1       0x2022'5ad0      0x14  Data  Lc  timers.o [7]
xActiveTimerList2       0x2022'5ae4      0x14  Data  Lc  timers.o [7]
xBlockAllocatedBit      0x2021'5f74       0x4  Data  Lc  heap_4.o [9]
xDelayedTaskList1       0x2022'5a18      0x14  Data  Lc  tasks.o [7]
xDelayedTaskList2       0x2022'5a2c      0x14  Data  Lc  tasks.o [7]
xFreeBytesRemaining     0x2021'5f64       0x4  Data  Lc  heap_4.o [9]
xHeapStructSize         0x6006'c744       0x4  Data  Lc  heap_4.o [9]
xIdleTaskHandle         0x2022'5aac       0x4  Data  Lc  tasks.o [7]
xMinimumEverFreeBytesRemaining
                        0x2021'5f68       0x4  Data  Lc  heap_4.o [9]
xMutex_                 0x2021'bd38       0x4  Data  Lc  systemTimer.o [13]
xNextTaskUnblockTime    0x2022'5aa8       0x4  Data  Lc  tasks.o [7]
xNumOfOverflows         0x2022'5aa0       0x4  Data  Lc  tasks.o [7]
xNumberOfSuccessfulAllocations
                        0x2021'5f6c       0x4  Data  Lc  heap_4.o [9]
xNumberOfSuccessfulFrees
                        0x2021'5f70       0x4  Data  Lc  heap_4.o [9]
xPendedTicks            0x2022'5a98       0x4  Data  Lc  tasks.o [7]
xPendingReadyList       0x2022'5a48      0x14  Data  Lc  tasks.o [7]
xPortGetFreeHeapSize    0x6005'1163       0x6  Code  Gb  heap_4.o [9]
xPortStartScheduler     0x6005'006f      0xce  Code  Gb  port.o [8]
xQueueAddToSet          0x6004'879f      0x2a  Code  Gb  queue.o [7]
xQueueCreateMutex       0x6004'7d17      0x1a  Code  Gb  queue.o [7]
xQueueCreateSet         0x6004'8793       0xc  Code  Gb  queue.o [7]
xQueueGenericCreate     0x6004'7c4f      0x84  Code  Gb  queue.o [7]
xQueueGenericReset      0x6004'7bbd      0x92  Code  Gb  queue.o [7]
xQueueGenericSend       0x6004'7db5     0x1c4  Code  Gb  queue.o [7]
xQueueGenericSendFromISR
                        0x6004'7f79     0x11c  Code  Gb  queue.o [7]
xQueueGiveFromISR       0x6004'8095      0xe8  Code  Gb  queue.o [7]
xQueueGiveMutexRecursive
                        0x6004'7d31      0x42  Code  Gb  queue.o [7]
xQueueIsQueueFullFromISR
                        0x6004'86fb      0x24  Code  Gb  queue.o [7]
xQueueReceive           0x6004'817d     0x15c  Code  Gb  queue.o [7]
xQueueReceiveFromISR    0x6004'8475      0xc6  Code  Gb  queue.o [7]
xQueueRegistry          0x2021'bc84      0x40  Data  Gb  queue.o [7]
xQueueSelectFromSet     0x6004'87c9      0x12  Code  Gb  queue.o [7]
xQueueSemaphoreTake     0x6004'82d9     0x198  Code  Gb  queue.o [7]
xQueueTakeMutexRecursive
                        0x6004'7d73      0x42  Code  Gb  queue.o [7]
xSchedulerRunning       0x2022'5a94       0x4  Data  Lc  tasks.o [7]
xStart                  0x2021'5f58       0x8  Data  Lc  heap_4.o [9]
xSuspendedTaskList      0x2022'5a74      0x14  Data  Lc  tasks.o [7]
xTaskCheckForTimeOut    0x6005'0931      0x86  Code  Gb  tasks.o [7]
xTaskCreate             0x6005'0241      0x6c  Code  Gb  tasks.o [7]
xTaskGenericNotifyFromISR
                        0x6005'0cfd     0x15e  Code  Gb  tasks.o [7]
xTaskGetCurrentTaskHandle
                        0x6005'0ab7       0x8  Code  Gb  tasks.o [7]
xTaskGetSchedulerState  0x6005'0abf      0x20  Code  Gb  tasks.o [7]
xTaskGetTickCount       0x6005'06c3       0x8  Code  Gb  tasks.o [7]
xTaskIncrementTick      0x6005'06cb      0xdc  Code  Gb  tasks.o [7]
xTaskPriorityDisinherit
                        0x6005'0b7b      0x9e  Code  Gb  tasks.o [7]
xTaskPriorityInherit    0x6005'0ae5      0x96  Code  Gb  tasks.o [7]
xTaskRemoveFromEventList
                        0x6005'0891      0x80  Code  Gb  tasks.o [7]
xTaskResumeAll          0x6005'05e3      0xe0  Code  Gb  tasks.o [7]
xTasksWaitingTermination
                        0x2022'5a5c      0x14  Data  Lc  tasks.o [7]
xTickCount              0x2022'5a8c       0x4  Data  Lc  tasks.o [7]
xTimerCreate            0x6005'78a5      0x36  Code  Gb  timers.o [7]
xTimerCreateTimerTask   0x6005'785d      0x48  Code  Gb  timers.o [7]
xTimerGenericCommand    0x6005'792f      0x64  Code  Gb  timers.o [7]
xTimerQueue             0x2022'5b00       0x4  Data  Lc  timers.o [7]
xTimerTaskHandle        0x2022'5b04       0x4  Data  Lc  timers.o [7]
xYieldPending           0x2022'5a9c       0x4  Data  Lc  tasks.o [7]
y                       0x2021'6188     0x200  Data  Lc  lp5521.o [13]
z                       0x2021'6388     0x200  Data  Lc  lp5521.o [13]
zeroCenter              0x2020'0474       0x4  Data  Gb  averyWeigher.o [21]


[1] = C:\Users\chris.king\Source\GlobalScaleRT1024\Release\Obj\MIMXRT1024\device
[2] = C:\Users\chris.king\Source\GlobalScaleRT1024\Release\Obj\board
[3] = C:\Users\chris.king\Source\GlobalScaleRT1024\Release\Obj\components\exceptions
[4] = C:\Users\chris.king\Source\GlobalScaleRT1024\Release\Obj\components\list
[5] = C:\Users\chris.king\Source\GlobalScaleRT1024\Release\Obj\components\osa
[6] = C:\Users\chris.king\Source\GlobalScaleRT1024\Release\Obj\drivers
[7] = C:\Users\chris.king\Source\GlobalScaleRT1024\Release\Obj\freertos\freertos_kernel
[8] = C:\Users\chris.king\Source\GlobalScaleRT1024\Release\Obj\freertos\freertos_kernel\portable\IAR\ARM_CM4F
[9] = C:\Users\chris.king\Source\GlobalScaleRT1024\Release\Obj\freertos\freertos_kernel\portable\MemMang
[10] = C:\Users\chris.king\Source\GlobalScaleRT1024\Release\Obj\include
[11] = C:\Users\chris.king\Source\GlobalScaleRT1024\Release\Obj\source
[12] = C:\Users\chris.king\Source\GlobalScaleRT1024\Release\Obj\source\printer
[13] = C:\Users\chris.king\Source\GlobalScaleRT1024\Release\Obj\source\system
[14] = C:\Users\chris.king\Source\GlobalScaleRT1024\Release\Obj\source\usb\device\class
[15] = C:\Users\chris.king\Source\GlobalScaleRT1024\Release\Obj\source\usb\device\source
[16] = C:\Users\chris.king\Source\GlobalScaleRT1024\Release\Obj\source\usb\device\source\dci
[17] = C:\Users\chris.king\Source\GlobalScaleRT1024\Release\Obj\source\usb\device\source\ehci
[18] = C:\Users\chris.king\Source\GlobalScaleRT1024\Release\Obj\source\usb\phy
[19] = C:\Users\chris.king\Source\GlobalScaleRT1024\Release\Obj\source\usb\source
[20] = C:\Users\chris.king\Source\GlobalScaleRT1024\Release\Obj\source\valueMax
[21] = C:\Users\chris.king\Source\GlobalScaleRT1024\Release\Obj\source\weigher
[22] = C:\Users\chris.king\Source\GlobalScaleRT1024\Release\Obj\startup
[23] = C:\Users\chris.king\Source\GlobalScaleRT1024\Release\Obj\utilities
[24] = C:\Users\chris.king\Source\GlobalScaleRT1024\Release\Obj\utilities\common
[25] = C:\Users\chris.king\Source\GlobalScaleRT1024\Release\Obj\utilities\common\uart
[26] = C:\Users\chris.king\Source\GlobalScaleRT1024\Release\Obj\xip
[27] = dl7M_tln.a
[28] = m7M_tlv.a
[29] = rt7M_tl.a
[30] = shb_l.a

  154'194 bytes of readonly  code memory
   22'480 bytes of readwrite code memory
   69'971 bytes of readonly  data memory
  219'815 bytes of readwrite data memory

Errors: none
Warnings: none
